backend/scripts/synthetic_sales_data.csv
sale_date,product_name,category,quantity,unit_price,revenue,base_price,discount_pct,event,campaign,day_of_week,month,is_weekend
2024-07-26,Premium Dates 500g,Dried Fruits,42,25.0,1050.0,25,0,,,Friday,7,True
2024-07-27,Premium Dates 500g,Dried Fruits,48,25.0,1200.0,25,0,,,Saturday,7,True
2024-07-28,Premium Dates 500g,Dried Fruits,33,25.0,825.0,25,0,,,Sunday,7,False
2024-07-29,Premium Dates 500g,Dried Fruits,22,25.0,550.0,25,0,,,Monday,7,False
2024-07-30,Premium Dates 500g,Dried Fruits,36,25.0,900.0,25,0,,,Tuesday,7,False
2024-07-31,Premium Dates 500g,Dried Fruits,30,25.0,750.0,25,0,,,Wednesday,7,False
2024-08-01,Premium Dates 500g,Dried Fruits,24,25.0,600.0,25,0,,,Thursday,8,False
2024-08-02,Premium Dates 500g,Dried Fruits,46,25.0,1150.0,25,0,,,Friday,8,True
2024-08-03,Premium Dates 500g,Dried Fruits,32,25.0,800.0,25,0,,,Saturday,8,True
2024-08-04,Premium Dates 500g,Dried Fruits,26,25.0,650.0,25,0,,,Sunday,8,False
2024-08-05,Premium Dates 500g,Dried Fruits,19,25.0,475.0,25,0,,,Monday,8,False
2024-08-06,Premium Dates 500g,Dried Fruits,30,25.0,750.0,25,0,,,Tuesday,8,False
2024-08-07,Premium Dates 500g,Dried Fruits,28,25.0,700.0,25,0,,,Wednesday,8,False
2024-08-08,Premium Dates 500g,Dried Fruits,28,25.0,700.0,25,0,,,Thursday,8,False
2024-08-09,Premium Dates 500g,Dried Fruits,38,25.0,950.0,25,0,,,Friday,8,True
2024-08-10,Premium Dates 500g,Dried Fruits,48,25.0,1200.0,25,0,,,Saturday,8,True
2024-08-11,Premium Dates 500g,Dried Fruits,33,25.0,825.0,25,0,,,Sunday,8,False
2024-08-12,Premium Dates 500g,Dried Fruits,24,25.0,600.0,25,0,,,Monday,8,False
2024-08-13,Premium Dates 500g,Dried Fruits,32,25.0,800.0,25,0,,,Tuesday,8,False
2024-08-14,Premium Dates 500g,Dried Fruits,33,25.0,825.0,25,0,,,Wednesday,8,False
2024-08-15,Premium Dates 500g,Dried Fruits,33,25.0,825.0,25,0,,,Thursday,8,False
2024-08-16,Premium Dates 500g,Dried Fruits,48,25.0,1200.0,25,0,,,Friday,8,True
2024-08-17,Premium Dates 500g,Dried Fruits,37,25.0,925.0,25,0,,,Saturday,8,True
2024-08-18,Premium Dates 500g,Dried Fruits,38,25.0,950.0,25,0,,,Sunday,8,False
2024-08-19,Premium Dates 500g,Dried Fruits,23,25.0,575.0,25,0,,,Monday,8,False
2024-08-20,Premium Dates 500g,Dried Fruits,33,25.0,825.0,25,0,,,Tuesday,8,False
2024-08-21,Premium Dates 500g,Dried Fruits,28,25.0,700.0,25,0,,,Wednesday,8,False
2024-08-22,Premium Dates 500g,Dried Fruits,34,25.0,850.0,25,0,,,Thursday,8,False
2024-08-23,Premium Dates 500g,Dried Fruits,40,25.0,1000.0,25,0,,,Friday,8,True
2024-08-24,Premium Dates 500g,Dried Fruits,31,25.0,775.0,25,0,,,Saturday,8,True
2024-08-25,Premium Dates 500g,Dried Fruits,22,25.0,550.0,25,0,,,Sunday,8,False
2024-08-26,Premium Dates 500g,Dried Fruits,33,25.0,825.0,25,0,,,Monday,8,False
2024-08-27,Premium Dates 500g,Dried Fruits,26,25.0,650.0,25,0,,,Tuesday,8,False
2024-08-28,Premium Dates 500g,Dried Fruits,30,25.0,750.0,25,0,,,Wednesday,8,False
2024-08-29,Premium Dates 500g,Dried Fruits,26,25.0,650.0,25,0,,,Thursday,8,False
2024-08-30,Premium Dates 500g,Dried Fruits,37,25.0,925.0,25,0,,,Friday,8,True
2024-08-31,Premium Dates 500g,Dried Fruits,36,25.0,900.0,25,0,,,Saturday,8,True
2024-09-01,Premium Dates 500g,Dried Fruits,29,25.0,725.0,25,0,Back to School 2024,,Sunday,9,False
2024-09-02,Premium Dates 500g,Dried Fruits,33,25.0,825.0,25,0,Back to School 2024,,Monday,9,False
2024-09-03,Premium Dates 500g,Dried Fruits,39,25.0,975.0,25,0,Back to School 2024,,Tuesday,9,False
2024-09-04,Premium Dates 500g,Dried Fruits,35,25.0,875.0,25,0,Back to School 2024,,Wednesday,9,False
2024-09-05,Premium Dates 500g,Dried Fruits,35,25.0,875.0,25,0,Back to School 2024,,Thursday,9,False
2024-09-06,Premium Dates 500g,Dried Fruits,52,25.0,1300.0,25,0,Back to School 2024,,Friday,9,True
2024-09-07,Premium Dates 500g,Dried Fruits,48,25.0,1200.0,25,0,Back to School 2024,,Saturday,9,True
2024-09-08,Premium Dates 500g,Dried Fruits,31,25.0,775.0,25,0,Back to School 2024,,Sunday,9,False
2024-09-09,Premium Dates 500g,Dried Fruits,23,25.0,575.0,25,0,Back to School 2024,,Monday,9,False
2024-09-10,Premium Dates 500g,Dried Fruits,33,25.0,825.0,25,0,Back to School 2024,,Tuesday,9,False
2024-09-11,Premium Dates 500g,Dried Fruits,37,25.0,925.0,25,0,Back to School 2024,,Wednesday,9,False
2024-09-12,Premium Dates 500g,Dried Fruits,32,25.0,800.0,25,0,Back to School 2024,,Thursday,9,False
2024-09-13,Premium Dates 500g,Dried Fruits,41,25.0,1025.0,25,0,Back to School 2024,,Friday,9,True
2024-09-14,Premium Dates 500g,Dried Fruits,35,25.0,875.0,25,0,Back to School 2024,,Saturday,9,True
2024-09-15,Premium Dates 500g,Dried Fruits,29,25.0,725.0,25,0,Back to School 2024,,Sunday,9,False
2024-09-16,Premium Dates 500g,Dried Fruits,24,25.0,600.0,25,0,,,Monday,9,False
2024-09-17,Premium Dates 500g,Dried Fruits,33,25.0,825.0,25,0,,,Tuesday,9,False
2024-09-18,Premium Dates 500g,Dried Fruits,31,25.0,775.0,25,0,,,Wednesday,9,False
2024-09-19,Premium Dates 500g,Dried Fruits,33,25.0,825.0,25,0,,,Thursday,9,False
2024-09-20,Premium Dates 500g,Dried Fruits,37,25.0,925.0,25,0,,,Friday,9,True
2024-09-21,Premium Dates 500g,Dried Fruits,31,25.0,775.0,25,0,,,Saturday,9,True
2024-09-22,Premium Dates 500g,Dried Fruits,35,25.0,875.0,25,0,,,Sunday,9,False
2024-09-23,Premium Dates 500g,Dried Fruits,27,25.0,675.0,25,0,,,Monday,9,False
2024-09-24,Premium Dates 500g,Dried Fruits,27,25.0,675.0,25,0,,,Tuesday,9,False
2024-09-25,Premium Dates 500g,Dried Fruits,35,25.0,875.0,25,0,,,Wednesday,9,False
2024-09-26,Premium Dates 500g,Dried Fruits,25,25.0,625.0,25,0,,,Thursday,9,False
2024-09-27,Premium Dates 500g,Dried Fruits,34,25.0,850.0,25,0,,,Friday,9,True
2024-09-28,Premium Dates 500g,Dried Fruits,31,25.0,775.0,25,0,,,Saturday,9,True
2024-09-29,Premium Dates 500g,Dried Fruits,11,25.0,275.0,25,0,,,Sunday,9,False
2024-09-30,Premium Dates 500g,Dried Fruits,31,25.0,775.0,25,0,,,Monday,9,False
2024-10-01,Premium Dates 500g,Dried Fruits,37,25.0,925.0,25,0,,,Tuesday,10,False
2024-10-02,Premium Dates 500g,Dried Fruits,30,25.0,750.0,25,0,,,Wednesday,10,False
2024-10-03,Premium Dates 500g,Dried Fruits,38,25.0,950.0,25,0,,,Thursday,10,False
2024-10-04,Premium Dates 500g,Dried Fruits,43,25.0,1075.0,25,0,,,Friday,10,True
2024-10-05,Premium Dates 500g,Dried Fruits,34,25.0,850.0,25,0,,,Saturday,10,True
2024-10-06,Premium Dates 500g,Dried Fruits,26,25.0,650.0,25,0,,,Sunday,10,False
2024-10-07,Premium Dates 500g,Dried Fruits,21,25.0,525.0,25,0,,,Monday,10,False
2024-10-08,Premium Dates 500g,Dried Fruits,24,25.0,600.0,25,0,,,Tuesday,10,False
2024-10-09,Premium Dates 500g,Dried Fruits,31,25.0,775.0,25,0,,,Wednesday,10,False
2024-10-10,Premium Dates 500g,Dried Fruits,34,25.0,850.0,25,0,,,Thursday,10,False
2024-10-11,Premium Dates 500g,Dried Fruits,35,25.0,875.0,25,0,,,Friday,10,True
2024-10-12,Premium Dates 500g,Dried Fruits,50,25.0,1250.0,25,0,,,Saturday,10,True
2024-10-13,Premium Dates 500g,Dried Fruits,28,25.0,700.0,25,0,,,Sunday,10,False
2024-10-14,Premium Dates 500g,Dried Fruits,36,25.0,900.0,25,0,,,Monday,10,False
2024-10-15,Premium Dates 500g,Dried Fruits,32,25.0,800.0,25,0,,,Tuesday,10,False
2024-10-16,Premium Dates 500g,Dried Fruits,30,25.0,750.0,25,0,,,Wednesday,10,False
2024-10-17,Premium Dates 500g,Dried Fruits,42,25.0,1050.0,25,0,,,Thursday,10,False
2024-10-18,Premium Dates 500g,Dried Fruits,43,25.0,1075.0,25,0,,,Friday,10,True
2024-10-19,Premium Dates 500g,Dried Fruits,34,25.0,850.0,25,0,,,Saturday,10,True
2024-10-20,Premium Dates 500g,Dried Fruits,31,25.0,775.0,25,0,,,Sunday,10,False
2024-10-21,Premium Dates 500g,Dried Fruits,24,25.0,600.0,25,0,,,Monday,10,False
2024-10-22,Premium Dates 500g,Dried Fruits,32,25.0,800.0,25,0,,,Tuesday,10,False
2024-10-23,Premium Dates 500g,Dried Fruits,35,25.0,875.0,25,0,,,Wednesday,10,False
2024-10-24,Premium Dates 500g,Dried Fruits,38,25.0,950.0,25,0,,,Thursday,10,False
2024-10-25,Premium Dates 500g,Dried Fruits,34,25.0,850.0,25,0,,,Friday,10,True
2024-10-26,Premium Dates 500g,Dried Fruits,40,25.0,1000.0,25,0,,,Saturday,10,True
2024-10-27,Premium Dates 500g,Dried Fruits,22,25.0,550.0,25,0,,,Sunday,10,False
2024-10-28,Premium Dates 500g,Dried Fruits,24,25.0,600.0,25,0,,,Monday,10,False
2024-10-29,Premium Dates 500g,Dried Fruits,30,25.0,750.0,25,0,,,Tuesday,10,False
2024-10-30,Premium Dates 500g,Dried Fruits,28,25.0,700.0,25,0,,,Wednesday,10,False
2024-10-31,Premium Dates 500g,Dried Fruits,24,25.0,600.0,25,0,,,Thursday,10,False
2024-11-01,Premium Dates 500g,Dried Fruits,9,25.0,225.0,25,0,,,Friday,11,True
2024-11-02,Premium Dates 500g,Dried Fruits,39,25.0,975.0,25,0,,,Saturday,11,True
2024-11-03,Premium Dates 500g,Dried Fruits,28,25.0,700.0,25,0,,,Sunday,11,False
2024-11-04,Premium Dates 500g,Dried Fruits,38,25.0,950.0,25,0,,,Monday,11,False
2024-11-05,Premium Dates 500g,Dried Fruits,27,25.0,675.0,25,0,,,Tuesday,11,False
2024-11-06,Premium Dates 500g,Dried Fruits,29,25.0,725.0,25,0,,,Wednesday,11,False
2024-11-07,Premium Dates 500g,Dried Fruits,34,25.0,850.0,25,0,,,Thursday,11,False
2024-11-08,Premium Dates 500g,Dried Fruits,40,25.0,1000.0,25,0,,,Friday,11,True
2024-11-09,Premium Dates 500g,Dried Fruits,38,25.0,950.0,25,0,,,Saturday,11,True
2024-11-10,Premium Dates 500g,Dried Fruits,30,25.0,750.0,25,0,,,Sunday,11,False
2024-11-11,Premium Dates 500g,Dried Fruits,34,25.0,850.0,25,0,,,Monday,11,False
2024-11-12,Premium Dates 500g,Dried Fruits,33,25.0,825.0,25,0,,,Tuesday,11,False
2024-11-13,Premium Dates 500g,Dried Fruits,27,25.0,675.0,25,0,,,Wednesday,11,False
2024-11-14,Premium Dates 500g,Dried Fruits,28,25.0,700.0,25,0,,,Thursday,11,False
2024-11-15,Premium Dates 500g,Dried Fruits,38,25.0,950.0,25,0,,,Friday,11,True
2024-11-16,Premium Dates 500g,Dried Fruits,40,25.0,1000.0,25,0,,,Saturday,11,True
2024-11-17,Premium Dates 500g,Dried Fruits,29,25.0,725.0,25,0,,,Sunday,11,False
2024-11-18,Premium Dates 500g,Dried Fruits,7,25.0,175.0,25,0,,,Monday,11,False
2024-11-19,Premium Dates 500g,Dried Fruits,33,25.0,825.0,25,0,,,Tuesday,11,False
2024-11-20,Premium Dates 500g,Dried Fruits,29,25.0,725.0,25,0,,,Wednesday,11,False
2024-11-21,Premium Dates 500g,Dried Fruits,21,25.0,525.0,25,0,,,Thursday,11,False
2024-11-22,Premium Dates 500g,Dried Fruits,39,25.0,975.0,25,0,,,Friday,11,True
2024-11-23,Premium Dates 500g,Dried Fruits,46,25.0,1150.0,25,0,,,Saturday,11,True
2024-11-24,Premium Dates 500g,Dried Fruits,25,25.0,625.0,25,0,,,Sunday,11,False
2024-11-25,Premium Dates 500g,Dried Fruits,28,25.0,700.0,25,0,,,Monday,11,False
2024-11-26,Premium Dates 500g,Dried Fruits,22,25.0,550.0,25,0,,,Tuesday,11,False
2024-11-27,Premium Dates 500g,Dried Fruits,22,25.0,550.0,25,0,,,Wednesday,11,False
2024-11-28,Premium Dates 500g,Dried Fruits,27,25.0,675.0,25,0,,,Thursday,11,False
2024-11-29,Premium Dates 500g,Dried Fruits,42,25.0,1050.0,25,0,,,Friday,11,True
2024-11-30,Premium Dates 500g,Dried Fruits,38,25.0,950.0,25,0,,,Saturday,11,True
2024-12-01,Premium Dates 500g,Dried Fruits,34,25.0,850.0,25,0,,,Sunday,12,False
2024-12-02,Premium Dates 500g,Dried Fruits,15,25.0,375.0,25,0,,,Monday,12,False
2024-12-03,Premium Dates 500g,Dried Fruits,25,25.0,625.0,25,0,,,Tuesday,12,False
2024-12-04,Premium Dates 500g,Dried Fruits,32,25.0,800.0,25,0,,,Wednesday,12,False
2024-12-05,Premium Dates 500g,Dried Fruits,36,25.0,900.0,25,0,,,Thursday,12,False
2024-12-06,Premium Dates 500g,Dried Fruits,44,25.0,1100.0,25,0,,,Friday,12,True
2024-12-07,Premium Dates 500g,Dried Fruits,40,25.0,1000.0,25,0,,,Saturday,12,True
2024-12-08,Premium Dates 500g,Dried Fruits,34,25.0,850.0,25,0,,,Sunday,12,False
2024-12-09,Premium Dates 500g,Dried Fruits,25,25.0,625.0,25,0,,,Monday,12,False
2024-12-10,Premium Dates 500g,Dried Fruits,24,25.0,600.0,25,0,,,Tuesday,12,False
2024-12-11,Premium Dates 500g,Dried Fruits,26,25.0,650.0,25,0,,,Wednesday,12,False
2024-12-12,Premium Dates 500g,Dried Fruits,29,25.0,725.0,25,0,,,Thursday,12,False
2024-12-13,Premium Dates 500g,Dried Fruits,47,25.0,1175.0,25,0,,,Friday,12,True
2024-12-14,Premium Dates 500g,Dried Fruits,39,25.0,975.0,25,0,,,Saturday,12,True
2024-12-15,Premium Dates 500g,Dried Fruits,29,25.0,725.0,25,0,,,Sunday,12,False
2024-12-16,Premium Dates 500g,Dried Fruits,29,25.0,725.0,25,0,,,Monday,12,False
2024-12-17,Premium Dates 500g,Dried Fruits,22,25.0,550.0,25,0,,,Tuesday,12,False
2024-12-18,Premium Dates 500g,Dried Fruits,27,25.0,675.0,25,0,,,Wednesday,12,False
2024-12-19,Premium Dates 500g,Dried Fruits,25,25.0,625.0,25,0,,,Thursday,12,False
2024-12-20,Premium Dates 500g,Dried Fruits,51,25.0,1275.0,25,0,Christmas 2024,,Friday,12,True
2024-12-21,Premium Dates 500g,Dried Fruits,41,25.0,1025.0,25,0,Christmas 2024,,Saturday,12,True
2024-12-22,Premium Dates 500g,Dried Fruits,36,25.0,900.0,25,0,Christmas 2024,,Sunday,12,False
2024-12-23,Premium Dates 500g,Dried Fruits,22,25.0,550.0,25,0,Christmas 2024,,Monday,12,False
2024-12-24,Premium Dates 500g,Dried Fruits,39,25.0,975.0,25,0,Christmas 2024,,Tuesday,12,False
2024-12-25,Premium Dates 500g,Dried Fruits,42,25.0,1050.0,25,0,Christmas 2024,,Wednesday,12,False
2024-12-26,Premium Dates 500g,Dried Fruits,34,25.0,850.0,25,0,Christmas 2024,,Thursday,12,False
2024-12-27,Premium Dates 500g,Dried Fruits,35,25.0,875.0,25,0,,,Friday,12,True
2024-12-28,Premium Dates 500g,Dried Fruits,49,25.0,1225.0,25,0,,,Saturday,12,True
2024-12-29,Premium Dates 500g,Dried Fruits,30,25.0,750.0,25,0,,,Sunday,12,False
2024-12-30,Premium Dates 500g,Dried Fruits,26,25.0,650.0,25,0,,,Monday,12,False
2024-12-31,Premium Dates 500g,Dried Fruits,25,25.0,625.0,25,0,,,Tuesday,12,False
2025-01-01,Premium Dates 500g,Dried Fruits,29,17.5,507.5,25,30,,New Year Flash Sale 2025,Wednesday,1,False
2025-01-02,Premium Dates 500g,Dried Fruits,23,17.5,402.5,25,30,,New Year Flash Sale 2025,Thursday,1,False
2025-01-03,Premium Dates 500g,Dried Fruits,16,17.5,280.0,25,30,,New Year Flash Sale 2025,Friday,1,True
2025-01-04,Premium Dates 500g,Dried Fruits,38,17.5,665.0,25,30,,New Year Flash Sale 2025,Saturday,1,True
2025-01-05,Premium Dates 500g,Dried Fruits,27,17.5,472.5,25,30,,New Year Flash Sale 2025,Sunday,1,False
2025-01-06,Premium Dates 500g,Dried Fruits,29,25.0,725.0,25,0,,,Monday,1,False
2025-01-07,Premium Dates 500g,Dried Fruits,27,25.0,675.0,25,0,,,Tuesday,1,False
2025-01-08,Premium Dates 500g,Dried Fruits,24,25.0,600.0,25,0,,,Wednesday,1,False
2025-01-09,Premium Dates 500g,Dried Fruits,10,25.0,250.0,25,0,,,Thursday,1,False
2025-01-10,Premium Dates 500g,Dried Fruits,33,25.0,825.0,25,0,,,Friday,1,True
2025-01-11,Premium Dates 500g,Dried Fruits,45,25.0,1125.0,25,0,,,Saturday,1,True
2025-01-12,Premium Dates 500g,Dried Fruits,31,25.0,775.0,25,0,,,Sunday,1,False
2025-01-13,Premium Dates 500g,Dried Fruits,20,25.0,500.0,25,0,,,Monday,1,False
2025-01-14,Premium Dates 500g,Dried Fruits,35,25.0,875.0,25,0,,,Tuesday,1,False
2025-01-15,Premium Dates 500g,Dried Fruits,25,25.0,625.0,25,0,,,Wednesday,1,False
2025-01-16,Premium Dates 500g,Dried Fruits,34,25.0,850.0,25,0,,,Thursday,1,False
2025-01-17,Premium Dates 500g,Dried Fruits,39,25.0,975.0,25,0,,,Friday,1,True
2025-01-18,Premium Dates 500g,Dried Fruits,44,25.0,1100.0,25,0,,,Saturday,1,True
2025-01-19,Premium Dates 500g,Dried Fruits,32,25.0,800.0,25,0,,,Sunday,1,False
2025-01-20,Premium Dates 500g,Dried Fruits,29,25.0,725.0,25,0,,,Monday,1,False
2025-01-21,Premium Dates 500g,Dried Fruits,29,25.0,725.0,25,0,,,Tuesday,1,False
2025-01-22,Premium Dates 500g,Dried Fruits,27,25.0,675.0,25,0,,,Wednesday,1,False
2025-01-23,Premium Dates 500g,Dried Fruits,34,25.0,850.0,25,0,,,Thursday,1,False
2025-01-24,Premium Dates 500g,Dried Fruits,44,25.0,1100.0,25,0,,,Friday,1,True
2025-01-25,Premium Dates 500g,Dried Fruits,28,25.0,700.0,25,0,,,Saturday,1,True
2025-01-26,Premium Dates 500g,Dried Fruits,29,25.0,725.0,25,0,,,Sunday,1,False
2025-01-27,Premium Dates 500g,Dried Fruits,25,25.0,625.0,25,0,,,Monday,1,False
2025-01-28,Premium Dates 500g,Dried Fruits,34,25.0,850.0,25,0,,,Tuesday,1,False
2025-01-29,Premium Dates 500g,Dried Fruits,27,25.0,675.0,25,0,,,Wednesday,1,False
2025-01-30,Premium Dates 500g,Dried Fruits,35,25.0,875.0,25,0,,,Thursday,1,False
2025-01-31,Premium Dates 500g,Dried Fruits,6,25.0,150.0,25,0,,,Friday,1,True
2025-02-01,Premium Dates 500g,Dried Fruits,43,25.0,1075.0,25,0,,,Saturday,2,True
2025-02-02,Premium Dates 500g,Dried Fruits,34,25.0,850.0,25,0,,,Sunday,2,False
2025-02-03,Premium Dates 500g,Dried Fruits,26,25.0,650.0,25,0,,,Monday,2,False
2025-02-04,Premium Dates 500g,Dried Fruits,33,25.0,825.0,25,0,,,Tuesday,2,False
2025-02-05,Premium Dates 500g,Dried Fruits,30,25.0,750.0,25,0,,,Wednesday,2,False
2025-02-06,Premium Dates 500g,Dried Fruits,35,25.0,875.0,25,0,,,Thursday,2,False
2025-02-07,Premium Dates 500g,Dried Fruits,34,25.0,850.0,25,0,,,Friday,2,True
2025-02-08,Premium Dates 500g,Dried Fruits,41,25.0,1025.0,25,0,,,Saturday,2,True
2025-02-09,Premium Dates 500g,Dried Fruits,36,25.0,900.0,25,0,,,Sunday,2,False
2025-02-10,Premium Dates 500g,Dried Fruits,32,25.0,800.0,25,0,,,Monday,2,False
2025-02-11,Premium Dates 500g,Dried Fruits,30,25.0,750.0,25,0,,,Tuesday,2,False
2025-02-12,Premium Dates 500g,Dried Fruits,33,25.0,825.0,25,0,,,Wednesday,2,False
2025-02-13,Premium Dates 500g,Dried Fruits,33,25.0,825.0,25,0,,,Thursday,2,False
2025-02-14,Premium Dates 500g,Dried Fruits,43,25.0,1075.0,25,0,,,Friday,2,True
2025-02-15,Premium Dates 500g,Dried Fruits,43,25.0,1075.0,25,0,,,Saturday,2,True
2025-02-16,Premium Dates 500g,Dried Fruits,28,25.0,700.0,25,0,,,Sunday,2,False
2025-02-17,Premium Dates 500g,Dried Fruits,19,25.0,475.0,25,0,,,Monday,2,False
2025-02-18,Premium Dates 500g,Dried Fruits,22,25.0,550.0,25,0,,,Tuesday,2,False
2025-02-19,Premium Dates 500g,Dried Fruits,38,25.0,950.0,25,0,,,Wednesday,2,False
2025-02-20,Premium Dates 500g,Dried Fruits,37,25.0,925.0,25,0,,,Thursday,2,False
2025-02-21,Premium Dates 500g,Dried Fruits,34,25.0,850.0,25,0,,,Friday,2,True
2025-02-22,Premium Dates 500g,Dried Fruits,33,25.0,825.0,25,0,,,Saturday,2,True
2025-02-23,Premium Dates 500g,Dried Fruits,26,25.0,650.0,25,0,,,Sunday,2,False
2025-02-24,Premium Dates 500g,Dried Fruits,27,25.0,675.0,25,0,,,Monday,2,False
2025-02-25,Premium Dates 500g,Dried Fruits,31,25.0,775.0,25,0,,,Tuesday,2,False
