backend/scripts/synthetic_sales_data.csv
sale_date,product_name,category,quantity,unit_price,revenue,base_price,discount_pct,event,campaign,day_of_week,month,is_weekend
2025-02-26,Premium Dates 500g,Dried Fruits,23,25.0,575.0,25,0,,,Wednesday,2,False
2025-02-27,Premium Dates 500g,Dried Fruits,30,25.0,750.0,25,0,,,Thursday,2,False
2025-02-28,Premium Dates 500g,Dried Fruits,127,20.5,2603.5,25,18,Ramadan 2025,Ramadan Essentials 2025,Friday,2,True
2025-03-01,Premium Dates 500g,Dried Fruits,98,20.5,2009.0,25,18,Ramadan 2025,Ramadan Essentials 2025,Saturday,3,True
2025-03-02,Premium Dates 500g,Dried Fruits,68,20.5,1394.0,25,18,Ramadan 2025,Ramadan Essentials 2025,Sunday,3,False
2025-03-03,Premium Dates 500g,Dried Fruits,81,20.5,1660.5,25,18,Ramadan 2025,Ramadan Essentials 2025,Monday,3,False
2025-03-04,Premium Dates 500g,Dried Fruits,104,20.5,2132.0,25,18,Ramadan 2025,Ramadan Essentials 2025,Tuesday,3,False
2025-03-05,Premium Dates 500g,Dried Fruits,87,20.5,1783.5,25,18,Ramadan 2025,Ramadan Essentials 2025,Wednesday,3,False
2025-03-06,Premium Dates 500g,Dried Fruits,98,20.5,2009.0,25,18,Ramadan 2025,Ramadan Essentials 2025,Thursday,3,False
2025-03-07,Premium Dates 500g,Dried Fruits,84,20.5,1722.0,25,18,Ramadan 2025,Ramadan Essentials 2025,Friday,3,True
2025-03-08,Premium Dates 500g,Dried Fruits,111,20.5,2275.5,25,18,Ramadan 2025,Ramadan Essentials 2025,Saturday,3,True
2025-03-09,Premium Dates 500g,Dried Fruits,73,20.5,1496.5,25,18,Ramadan 2025,Ramadan Essentials 2025,Sunday,3,False
2025-03-10,Premium Dates 500g,Dried Fruits,76,20.5,1558.0,25,18,Ramadan 2025,Ramadan Essentials 2025,Monday,3,False
2025-03-11,Premium Dates 500g,Dried Fruits,76,20.5,1558.0,25,18,Ramadan 2025,Ramadan Essentials 2025,Tuesday,3,False
2025-03-12,Premium Dates 500g,Dried Fruits,96,20.5,1968.0,25,18,Ramadan 2025,Ramadan Essentials 2025,Wednesday,3,False
2025-03-13,Premium Dates 500g,Dried Fruits,84,20.5,1722.0,25,18,Ramadan 2025,Ramadan Essentials 2025,Thursday,3,False
2025-03-14,Premium Dates 500g,Dried Fruits,109,20.5,2234.5,25,18,Ramadan 2025,Ramadan Essentials 2025,Friday,3,True
2025-03-15,Premium Dates 500g,Dried Fruits,127,20.5,2603.5,25,18,Ramadan 2025,Ramadan Essentials 2025,Saturday,3,True
2025-03-16,Premium Dates 500g,Dried Fruits,71,20.5,1455.5,25,18,Ramadan 2025,Ramadan Essentials 2025,Sunday,3,False
2025-03-17,Premium Dates 500g,Dried Fruits,73,20.5,1496.5,25,18,Ramadan 2025,Ramadan Essentials 2025,Monday,3,False
2025-03-18,Premium Dates 500g,Dried Fruits,99,20.5,2029.5,25,18,Ramadan 2025,Ramadan Essentials 2025,Tuesday,3,False
2025-03-19,Premium Dates 500g,Dried Fruits,79,20.5,1619.5,25,18,Ramadan 2025,Ramadan Essentials 2025,Wednesday,3,False
2025-03-20,Premium Dates 500g,Dried Fruits,70,20.5,1435.0,25,18,Ramadan 2025,Ramadan Essentials 2025,Thursday,3,False
2025-03-21,Premium Dates 500g,Dried Fruits,121,20.5,2480.5,25,18,Ramadan 2025,Ramadan Essentials 2025,Friday,3,True
2025-03-22,Premium Dates 500g,Dried Fruits,116,20.5,2378.0,25,18,Ramadan 2025,Ramadan Essentials 2025,Saturday,3,True
2025-03-23,Premium Dates 500g,Dried Fruits,71,20.5,1455.5,25,18,Ramadan 2025,Ramadan Essentials 2025,Sunday,3,False
2025-03-24,Premium Dates 500g,Dried Fruits,74,20.5,1517.0,25,18,Ramadan 2025,Ramadan Essentials 2025,Monday,3,False
2025-03-25,Premium Dates 500g,Dried Fruits,115,20.5,2357.5,25,18,Ramadan 2025,Ramadan Essentials 2025,Tuesday,3,False
2025-03-26,Premium Dates 500g,Dried Fruits,117,20.5,2398.5,25,18,Ramadan 2025,Ramadan Essentials 2025,Wednesday,3,False
2025-03-27,Premium Dates 500g,Dried Fruits,83,20.5,1701.5,25,18,Ramadan 2025,Ramadan Essentials 2025,Thursday,3,False
2025-03-28,Premium Dates 500g,Dried Fruits,96,20.5,1968.0,25,18,Ramadan 2025,Ramadan Essentials 2025,Friday,3,True
2025-03-29,Premium Dates 500g,Dried Fruits,78,20.5,1599.0,25,18,Ramadan 2025,Ramadan Essentials 2025,Saturday,3,True
2025-03-30,Premium Dates 500g,Dried Fruits,32,25.0,800.0,25,0,Eid Al-Fitr 2025,,Sunday,3,False
2025-03-31,Premium Dates 500g,Dried Fruits,36,25.0,900.0,25,0,Eid Al-Fitr 2025,,Monday,3,False
2025-04-01,Premium Dates 500g,Dried Fruits,37,25.0,925.0,25,0,Eid Al-Fitr 2025,,Tuesday,4,False
2025-04-02,Premium Dates 500g,Dried Fruits,24,25.0,600.0,25,0,,,Wednesday,4,False
2025-04-03,Premium Dates 500g,Dried Fruits,32,25.0,800.0,25,0,,,Thursday,4,False
2025-04-04,Premium Dates 500g,Dried Fruits,40,25.0,1000.0,25,0,,,Friday,4,True
2025-04-05,Premium Dates 500g,Dried Fruits,39,25.0,975.0,25,0,,,Saturday,4,True
2025-04-06,Premium Dates 500g,Dried Fruits,25,25.0,625.0,25,0,,,Sunday,4,False
2025-04-07,Premium Dates 500g,Dried Fruits,22,25.0,550.0,25,0,,,Monday,4,False
2025-04-08,Premium Dates 500g,Dried Fruits,38,25.0,950.0,25,0,,,Tuesday,4,False
2025-04-09,Premium Dates 500g,Dried Fruits,35,25.0,875.0,25,0,,,Wednesday,4,False
2025-04-10,Premium Dates 500g,Dried Fruits,33,25.0,825.0,25,0,,,Thursday,4,False
2025-04-11,Premium Dates 500g,Dried Fruits,32,25.0,800.0,25,0,,,Friday,4,True
2025-04-12,Premium Dates 500g,Dried Fruits,33,25.0,825.0,25,0,,,Saturday,4,True
2025-04-13,Premium Dates 500g,Dried Fruits,30,25.0,750.0,25,0,,,Sunday,4,False
2025-04-14,Premium Dates 500g,Dried Fruits,26,25.0,650.0,25,0,,,Monday,4,False
2025-04-15,Premium Dates 500g,Dried Fruits,20,25.0,500.0,25,0,,,Tuesday,4,False
2025-04-16,Premium Dates 500g,Dried Fruits,25,25.0,625.0,25,0,,,Wednesday,4,False
2025-04-17,Premium Dates 500g,Dried Fruits,29,25.0,725.0,25,0,,,Thursday,4,False
2025-04-18,Premium Dates 500g,Dried Fruits,40,25.0,1000.0,25,0,,,Friday,4,True
2025-04-19,Premium Dates 500g,Dried Fruits,45,25.0,1125.0,25,0,,,Saturday,4,True
2025-04-20,Premium Dates 500g,Dried Fruits,35,25.0,875.0,25,0,,,Sunday,4,False
2025-04-21,Premium Dates 500g,Dried Fruits,24,25.0,600.0,25,0,,,Monday,4,False
2025-04-22,Premium Dates 500g,Dried Fruits,34,25.0,850.0,25,0,,,Tuesday,4,False
2025-04-23,Premium Dates 500g,Dried Fruits,30,25.0,750.0,25,0,,,Wednesday,4,False
2025-04-24,Premium Dates 500g,Dried Fruits,31,25.0,775.0,25,0,,,Thursday,4,False
2025-04-25,Premium Dates 500g,Dried Fruits,34,25.0,850.0,25,0,,,Friday,4,True
2025-04-26,Premium Dates 500g,Dried Fruits,34,25.0,850.0,25,0,,,Saturday,4,True
2025-04-27,Premium Dates 500g,Dried Fruits,19,25.0,475.0,25,0,,,Sunday,4,False
2025-04-28,Premium Dates 500g,Dried Fruits,24,25.0,600.0,25,0,,,Monday,4,False
2025-04-29,Premium Dates 500g,Dried Fruits,25,25.0,625.0,25,0,,,Tuesday,4,False
2025-04-30,Premium Dates 500g,Dried Fruits,27,25.0,675.0,25,0,,,Wednesday,4,False
2025-05-01,Premium Dates 500g,Dried Fruits,27,25.0,675.0,25,0,,,Thursday,5,False
2025-05-02,Premium Dates 500g,Dried Fruits,46,25.0,1150.0,25,0,,,Friday,5,True
2025-05-03,Premium Dates 500g,Dried Fruits,40,25.0,1000.0,25,0,,,Saturday,5,True
2025-05-04,Premium Dates 500g,Dried Fruits,31,25.0,775.0,25,0,,,Sunday,5,False
2025-05-05,Premium Dates 500g,Dried Fruits,25,25.0,625.0,25,0,,,Monday,5,False
2025-05-06,Premium Dates 500g,Dried Fruits,30,25.0,750.0,25,0,,,Tuesday,5,False
2025-05-07,Premium Dates 500g,Dried Fruits,31,25.0,775.0,25,0,,,Wednesday,5,False
2025-05-08,Premium Dates 500g,Dried Fruits,30,25.0,750.0,25,0,,,Thursday,5,False
2025-05-09,Premium Dates 500g,Dried Fruits,30,25.0,750.0,25,0,,,Friday,5,True
2025-05-10,Premium Dates 500g,Dried Fruits,31,25.0,775.0,25,0,,,Saturday,5,True
2025-05-11,Premium Dates 500g,Dried Fruits,25,25.0,625.0,25,0,,,Sunday,5,False
2025-05-12,Premium Dates 500g,Dried Fruits,28,25.0,700.0,25,0,,,Monday,5,False
2025-05-13,Premium Dates 500g,Dried Fruits,29,25.0,725.0,25,0,,,Tuesday,5,False
2025-05-14,Premium Dates 500g,Dried Fruits,26,25.0,650.0,25,0,,,Wednesday,5,False
2025-05-15,Premium Dates 500g,Dried Fruits,29,25.0,725.0,25,0,,,Thursday,5,False
2025-05-16,Premium Dates 500g,Dried Fruits,34,25.0,850.0,25,0,,,Friday,5,True
2025-05-17,Premium Dates 500g,Dried Fruits,44,25.0,1100.0,25,0,,,Saturday,5,True
2025-05-18,Premium Dates 500g,Dried Fruits,34,25.0,850.0,25,0,,,Sunday,5,False
2025-05-19,Premium Dates 500g,Dried Fruits,34,25.0,850.0,25,0,,,Monday,5,False
2025-05-20,Premium Dates 500g,Dried Fruits,34,25.0,850.0,25,0,,,Tuesday,5,False
2025-05-21,Premium Dates 500g,Dried Fruits,37,25.0,925.0,25,0,,,Wednesday,5,False
2025-05-22,Premium Dates 500g,Dried Fruits,30,25.0,750.0,25,0,,,Thursday,5,False
2025-05-23,Premium Dates 500g,Dried Fruits,36,25.0,900.0,25,0,,,Friday,5,True
2025-05-24,Premium Dates 500g,Dried Fruits,35,25.0,875.0,25,0,,,Saturday,5,True
2025-05-25,Premium Dates 500g,Dried Fruits,15,25.0,375.0,25,0,,,Sunday,5,False
2025-05-26,Premium Dates 500g,Dried Fruits,25,25.0,625.0,25,0,,,Monday,5,False
2025-05-27,Premium Dates 500g,Dried Fruits,34,25.0,850.0,25,0,,,Tuesday,5,False
2025-05-28,Premium Dates 500g,Dried Fruits,43,25.0,1075.0,25,0,,,Wednesday,5,False
2025-05-29,Premium Dates 500g,Dried Fruits,18,25.0,450.0,25,0,,,Thursday,5,False
2025-05-30,Premium Dates 500g,Dried Fruits,31,25.0,775.0,25,0,,,Friday,5,True
2025-05-31,Premium Dates 500g,Dried Fruits,43,25.0,1075.0,25,0,,,Saturday,5,True
2025-06-01,Premium Dates 500g,Dried Fruits,25,25.0,625.0,25,0,,,Sunday,6,False
2025-06-02,Premium Dates 500g,Dried Fruits,39,25.0,975.0,25,0,,,Monday,6,False
2025-06-03,Premium Dates 500g,Dried Fruits,31,25.0,775.0,25,0,,,Tuesday,6,False
2025-06-04,Premium Dates 500g,Dried Fruits,29,25.0,725.0,25,0,,,Wednesday,6,False
2025-06-05,Premium Dates 500g,Dried Fruits,23,25.0,575.0,25,0,,,Thursday,6,False
2025-06-06,Premium Dates 500g,Dried Fruits,58,25.0,1450.0,25,0,Eid Al-Adha 2025,,Friday,6,True
2025-06-07,Premium Dates 500g,Dried Fruits,40,25.0,1000.0,25,0,Eid Al-Adha 2025,,Saturday,6,True
2025-06-08,Premium Dates 500g,Dried Fruits,28,25.0,700.0,25,0,Eid Al-Adha 2025,,Sunday,6,False
2025-06-09,Premium Dates 500g,Dried Fruits,44,25.0,1100.0,25,0,Eid Al-Adha 2025,,Monday,6,False
2025-06-10,Premium Dates 500g,Dried Fruits,29,25.0,725.0,25,0,,,Tuesday,6,False
2025-06-11,Premium Dates 500g,Dried Fruits,31,25.0,775.0,25,0,,,Wednesday,6,False
2025-06-12,Premium Dates 500g,Dried Fruits,28,25.0,700.0,25,0,,,Thursday,6,False
2025-06-13,Premium Dates 500g,Dried Fruits,37,25.0,925.0,25,0,,,Friday,6,True
2025-06-14,Premium Dates 500g,Dried Fruits,43,25.0,1075.0,25,0,,,Saturday,6,True
2025-06-15,Premium Dates 500g,Dried Fruits,34,25.0,850.0,25,0,,,Sunday,6,False
2025-06-16,Premium Dates 500g,Dried Fruits,18,25.0,450.0,25,0,,,Monday,6,False
2025-06-17,Premium Dates 500g,Dried Fruits,33,25.0,825.0,25,0,,,Tuesday,6,False
2025-06-18,Premium Dates 500g,Dried Fruits,28,25.0,700.0,25,0,,,Wednesday,6,False
2025-06-19,Premium Dates 500g,Dried Fruits,34,25.0,850.0,25,0,,,Thursday,6,False
2025-06-20,Premium Dates 500g,Dried Fruits,48,25.0,1200.0,25,0,,,Friday,6,True
2025-06-21,Premium Dates 500g,Dried Fruits,38,25.0,950.0,25,0,,,Saturday,6,True
2025-06-22,Premium Dates 500g,Dried Fruits,36,25.0,900.0,25,0,,,Sunday,6,False
2025-06-23,Premium Dates 500g,Dried Fruits,26,25.0,650.0,25,0,,,Monday,6,False
2025-06-24,Premium Dates 500g,Dried Fruits,27,25.0,675.0,25,0,,,Tuesday,6,False
2025-06-25,Premium Dates 500g,Dried Fruits,25,25.0,625.0,25,0,,,Wednesday,6,False
2025-06-26,Premium Dates 500g,Dried Fruits,30,25.0,750.0,25,0,,,Thursday,6,False
2025-06-27,Premium Dates 500g,Dried Fruits,44,25.0,1100.0,25,0,,,Friday,6,True
2025-06-28,Premium Dates 500g,Dried Fruits,41,25.0,1025.0,25,0,,,Saturday,6,True
2025-06-29,Premium Dates 500g,Dried Fruits,27,25.0,675.0,25,0,,,Sunday,6,False
2025-06-30,Premium Dates 500g,Dried Fruits,23,25.0,575.0,25,0,,,Monday,6,False
2025-07-01,Premium Dates 500g,Dried Fruits,27,25.0,675.0,25,0,,,Tuesday,7,False
2025-07-02,Premium Dates 500g,Dried Fruits,20,25.0,500.0,25,0,,,Wednesday,7,False
2025-07-03,Premium Dates 500g,Dried Fruits,31,25.0,775.0,25,0,,,Thursday,7,False
2025-07-04,Premium Dates 500g,Dried Fruits,27,25.0,675.0,25,0,,,Friday,7,True
2025-07-05,Premium Dates 500g,Dried Fruits,33,25.0,825.0,25,0,,,Saturday,7,True
2025-07-06,Premium Dates 500g,Dried Fruits,30,25.0,750.0,25,0,,,Sunday,7,False
2025-07-07,Premium Dates 500g,Dried Fruits,31,25.0,775.0,25,0,,,Monday,7,False
2025-07-08,Premium Dates 500g,Dried Fruits,38,25.0,950.0,25,0,,,Tuesday,7,False
2025-07-09,Premium Dates 500g,Dried Fruits,28,25.0,700.0,25,0,,,Wednesday,7,False
2025-07-10,Premium Dates 500g,Dried Fruits,34,25.0,850.0,25,0,,,Thursday,7,False
2025-07-11,Premium Dates 500g,Dried Fruits,54,25.0,1350.0,25,0,,,Friday,7,True
2025-07-12,Premium Dates 500g,Dried Fruits,36,25.0,900.0,25,0,,,Saturday,7,True
2025-07-13,Premium Dates 500g,Dried Fruits,35,25.0,875.0,25,0,,,Sunday,7,False
2025-07-14,Premium Dates 500g,Dried Fruits,25,25.0,625.0,25,0,,,Monday,7,False
2025-07-15,Premium Dates 500g,Dried Fruits,31,25.0,775.0,25,0,,,Tuesday,7,False
2025-07-16,Premium Dates 500g,Dried Fruits,23,25.0,575.0,25,0,,,Wednesday,7,False
2025-07-17,Premium Dates 500g,Dried Fruits,35,25.0,875.0,25,0,,,Thursday,7,False
2025-07-18,Premium Dates 500g,Dried Fruits,46,25.0,1150.0,25,0,,,Friday,7,True
2025-07-19,Premium Dates 500g,Dried Fruits,35,25.0,875.0,25,0,,,Saturday,7,True
2025-07-20,Premium Dates 500g,Dried Fruits,32,25.0,800.0,25,0,,,Sunday,7,False
2025-07-21,Premium Dates 500g,Dried Fruits,29,25.0,725.0,25,0,,,Monday,7,False
2025-07-22,Premium Dates 500g,Dried Fruits,33,25.0,825.0,25,0,,,Tuesday,7,False
2025-07-23,Premium Dates 500g,Dried Fruits,25,25.0,625.0,25,0,,,Wednesday,7,False
2025-07-24,Premium Dates 500g,Dried Fruits,32,25.0,800.0,25,0,,,Thursday,7,False
2025-07-25,Premium Dates 500g,Dried Fruits,36,25.0,900.0,25,0,,,Friday,7,True
2025-07-26,Premium Dates 500g,Dried Fruits,38,25.0,950.0,25,0,,,Saturday,7,True
2025-07-27,Premium Dates 500g,Dried Fruits,25,25.0,625.0,25,0,,,Sunday,7,False
2025-07-28,Premium Dates 500g,Dried Fruits,19,25.0,475.0,25,0,,,Monday,7,False
2025-07-29,Premium Dates 500g,Dried Fruits,28,25.0,700.0,25,0,,,Tuesday,7,False
2025-07-30,Premium Dates 500g,Dried Fruits,34,25.0,850.0,25,0,,,Wednesday,7,False
2025-07-31,Premium Dates 500g,Dried Fruits,7,25.0,175.0,25,0,,,Thursday,7,False
2025-08-01,Premium Dates 500g,Dried Fruits,36,25.0,900.0,25,0,,,Friday,8,True
2025-08-02,Premium Dates 500g,Dried Fruits,35,25.0,875.0,25,0,,,Saturday,8,True
2025-08-03,Premium Dates 500g,Dried Fruits,28,25.0,700.0,25,0,,,Sunday,8,False
2025-08-04,Premium Dates 500g,Dried Fruits,25,25.0,625.0,25,0,,,Monday,8,False
2025-08-05,Premium Dates 500g,Dried Fruits,21,25.0,525.0,25,0,,,Tuesday,8,False
2025-08-06,Premium Dates 500g,Dried Fruits,22,25.0,550.0,25,0,,,Wednesday,8,False
2025-08-07,Premium Dates 500g,Dried Fruits,29,25.0,725.0,25,0,,,Thursday,8,False
2025-08-08,Premium Dates 500g,Dried Fruits,42,25.0,1050.0,25,0,,,Friday,8,True
2025-08-09,Premium Dates 500g,Dried Fruits,37,25.0,925.0,25,0,,,Saturday,8,True
2025-08-10,Premium Dates 500g,Dried Fruits,31,25.0,775.0,25,0,,,Sunday,8,False
2025-08-11,Premium Dates 500g,Dried Fruits,19,25.0,475.0,25,0,,,Monday,8,False
2025-08-12,Premium Dates 500g,Dried Fruits,27,25.0,675.0,25,0,,,Tuesday,8,False
2025-08-13,Premium Dates 500g,Dried Fruits,32,25.0,800.0,25,0,,,Wednesday,8,False
2025-08-14,Premium Dates 500g,Dried Fruits,34,25.0,850.0,25,0,,,Thursday,8,False
2025-08-15,Premium Dates 500g,Dried Fruits,22,25.0,550.0,25,0,,,Friday,8,True
2025-08-16,Premium Dates 500g,Dried Fruits,39,25.0,975.0,25,0,,,Saturday,8,True
2025-08-17,Premium Dates 500g,Dried Fruits,26,25.0,650.0,25,0,,,Sunday,8,False
2025-08-18,Premium Dates 500g,Dried Fruits,28,25.0,700.0,25,0,,,Monday,8,False
2025-08-19,Premium Dates 500g,Dried Fruits,32,25.0,800.0,25,0,,,Tuesday,8,False
2025-08-20,Premium Dates 500g,Dried Fruits,24,25.0,600.0,25,0,,,Wednesday,8,False
2025-08-21,Premium Dates 500g,Dried Fruits,29,25.0,725.0,25,0,,,Thursday,8,False
2025-08-22,Premium Dates 500g,Dried Fruits,43,25.0,1075.0,25,0,,,Friday,8,True
2025-08-23,Premium Dates 500g,Dried Fruits,41,25.0,1025.0,25,0,,,Saturday,8,True
2025-08-24,Premium Dates 500g,Dried Fruits,36,25.0,900.0,25,0,,,Sunday,8,False
2025-08-25,Premium Dates 500g,Dried Fruits,27,25.0,675.0,25,0,,,Monday,8,False
2025-08-26,Premium Dates 500g,Dried Fruits,28,25.0,700.0,25,0,,,Tuesday,8,False
2025-08-27,Premium Dates 500g,Dried Fruits,33,25.0,825.0,25,0,,,Wednesday,8,False
2025-08-28,Premium Dates 500g,Dried Fruits,25,25.0,625.0,25,0,,,Thursday,8,False
2025-08-29,Premium Dates 500g,Dried Fruits,39,25.0,975.0,25,0,,,Friday,8,True
2025-08-30,Premium Dates 500g,Dried Fruits,36,25.0,900.0,25,0,,,Saturday,8,True
2025-08-31,Premium Dates 500g,Dried Fruits,26,25.0,650.0,25,0,,,Sunday,8,False
2025-09-01,Premium Dates 500g,Dried Fruits,29,25.0,725.0,25,0,Back to School 2025,,Monday,9,False
2025-09-02,Premium Dates 500g,Dried Fruits,36,25.0,900.0,25,0,Back to School 2025,,Tuesday,9,False
2025-09-03,Premium Dates 500g,Dried Fruits,36,25.0,900.0,25,0,Back to School 2025,,Wednesday,9,False
2025-09-04,Premium Dates 500g,Dried Fruits,28,25.0,700.0,25,0,Back to School 2025,,Thursday,9,False
2025-09-05,Premium Dates 500g,Dried Fruits,42,25.0,1050.0,25,0,Back to School 2025,,Friday,9,True
2025-09-06,Premium Dates 500g,Dried Fruits,56,25.0,1400.0,25,0,Back to School 2025,,Saturday,9,True
2025-09-07,Premium Dates 500g,Dried Fruits,41,25.0,1025.0,25,0,Back to School 2025,,Sunday,9,False
2025-09-08,Premium Dates 500g,Dried Fruits,25,25.0,625.0,25,0,Back to School 2025,,Monday,9,False
2025-09-09,Premium Dates 500g,Dried Fruits,25,25.0,625.0,25,0,Back to School 2025,,Tuesday,9,False
2025-09-10,Premium Dates 500g,Dried Fruits,28,25.0,700.0,25,0,Back to School 2025,,Wednesday,9,False
2025-09-11,Premium Dates 500g,Dried Fruits,36,25.0,900.0,25,0,Back to School 2025,,Thursday,9,False
2025-09-12,Premium Dates 500g,Dried Fruits,47,25.0,1175.0,25,0,Back to School 2025,,Friday,9,True
2025-09-13,Premium Dates 500g,Dried Fruits,43,25.0,1075.0,25,0,Back to School 2025,,Saturday,9,True
2025-09-14,Premium Dates 500g,Dried Fruits,32,25.0,800.0,25,0,Back to School 2025,,Sunday,9,False
2025-09-15,Premium Dates 500g,Dried Fruits,32,25.0,800.0,25,0,Back to School 2025,,Monday,9,False
2025-09-16,Premium Dates 500g,Dried Fruits,27,25.0,675.0,25,0,,,Tuesday,9,False
