backend/scripts/synthetic_sales_data.csv
sale_date,product_name,category,quantity,unit_price,revenue,base_price,discount_pct,event,campaign,day_of_week,month,is_weekend
2025-09-17,Premium Dates 500g,Dried Fruits,25,25.0,625.0,25,0,,,Wednesday,9,False
2025-09-18,Premium Dates 500g,Dried Fruits,31,25.0,775.0,25,0,,,Thursday,9,False
2025-09-19,Premium Dates 500g,Dried Fruits,44,25.0,1100.0,25,0,,,Friday,9,True
2025-09-20,Premium Dates 500g,Dried Fruits,40,25.0,1000.0,25,0,,,Saturday,9,True
2025-09-21,Premium Dates 500g,Dried Fruits,23,25.0,575.0,25,0,,,Sunday,9,False
2025-09-22,Premium Dates 500g,Dried Fruits,24,25.0,600.0,25,0,,,Monday,9,False
2025-09-23,Premium Dates 500g,Dried Fruits,32,25.0,800.0,25,0,,,Tuesday,9,False
2025-09-24,Premium Dates 500g,Dried Fruits,32,25.0,800.0,25,0,,,Wednesday,9,False
2025-09-25,Premium Dates 500g,Dried Fruits,31,25.0,775.0,25,0,,,Thursday,9,False
2025-09-26,Premium Dates 500g,Dried Fruits,39,25.0,975.0,25,0,,,Friday,9,True
2025-09-27,Premium Dates 500g,Dried Fruits,42,25.0,1050.0,25,0,,,Saturday,9,True
2025-09-28,Premium Dates 500g,Dried Fruits,30,25.0,750.0,25,0,,,Sunday,9,False
2025-09-29,Premium Dates 500g,Dried Fruits,31,25.0,775.0,25,0,,,Monday,9,False
2025-09-30,Premium Dates 500g,Dried Fruits,32,25.0,800.0,25,0,,,Tuesday,9,False
2025-10-01,Premium Dates 500g,Dried Fruits,29,25.0,725.0,25,0,,,Wednesday,10,False
2025-10-02,Premium Dates 500g,Dried Fruits,24,25.0,600.0,25,0,,,Thursday,10,False
2025-10-03,Premium Dates 500g,Dried Fruits,36,25.0,900.0,25,0,,,Friday,10,True
2025-10-04,Premium Dates 500g,Dried Fruits,47,25.0,1175.0,25,0,,,Saturday,10,True
2025-10-05,Premium Dates 500g,Dried Fruits,35,25.0,875.0,25,0,,,Sunday,10,False
2025-10-06,Premium Dates 500g,Dried Fruits,23,25.0,575.0,25,0,,,Monday,10,False
2025-10-07,Premium Dates 500g,Dried Fruits,29,25.0,725.0,25,0,,,Tuesday,10,False
2025-10-08,Premium Dates 500g,Dried Fruits,31,25.0,775.0,25,0,,,Wednesday,10,False
2025-10-09,Premium Dates 500g,Dried Fruits,27,25.0,675.0,25,0,,,Thursday,10,False
2025-10-10,Premium Dates 500g,Dried Fruits,35,25.0,875.0,25,0,,,Friday,10,True
2025-10-11,Premium Dates 500g,Dried Fruits,39,25.0,975.0,25,0,,,Saturday,10,True
2025-10-12,Premium Dates 500g,Dried Fruits,31,25.0,775.0,25,0,,,Sunday,10,False
2025-10-13,Premium Dates 500g,Dried Fruits,21,25.0,525.0,25,0,,,Monday,10,False
2025-10-14,Premium Dates 500g,Dried Fruits,28,25.0,700.0,25,0,,,Tuesday,10,False
2025-10-15,Premium Dates 500g,Dried Fruits,34,25.0,850.0,25,0,,,Wednesday,10,False
2025-10-16,Premium Dates 500g,Dried Fruits,27,25.0,675.0,25,0,,,Thursday,10,False
2025-10-17,Premium Dates 500g,Dried Fruits,24,25.0,600.0,25,0,,,Friday,10,True
2025-10-18,Premium Dates 500g,Dried Fruits,36,25.0,900.0,25,0,,,Saturday,10,True
2025-10-19,Premium Dates 500g,Dried Fruits,29,25.0,725.0,25,0,,,Sunday,10,False
2025-10-20,Premium Dates 500g,Dried Fruits,26,25.0,650.0,25,0,,,Monday,10,False
2025-10-21,Premium Dates 500g,Dried Fruits,29,25.0,725.0,25,0,,,Tuesday,10,False
2025-10-22,Premium Dates 500g,Dried Fruits,34,25.0,850.0,25,0,,,Wednesday,10,False
2025-10-23,Premium Dates 500g,Dried Fruits,38,25.0,950.0,25,0,,,Thursday,10,False
2025-10-24,Premium Dates 500g,Dried Fruits,42,25.0,1050.0,25,0,,,Friday,10,True
2025-10-25,Premium Dates 500g,Dried Fruits,42,25.0,1050.0,25,0,,,Saturday,10,True
2025-10-26,Premium Dates 500g,Dried Fruits,24,25.0,600.0,25,0,,,Sunday,10,False
2025-10-27,Premium Dates 500g,Dried Fruits,28,25.0,700.0,25,0,,,Monday,10,False
2025-10-28,Premium Dates 500g,Dried Fruits,27,25.0,675.0,25,0,,,Tuesday,10,False
2025-10-29,Premium Dates 500g,Dried Fruits,27,25.0,675.0,25,0,,,Wednesday,10,False
2025-10-30,Premium Dates 500g,Dried Fruits,29,25.0,725.0,25,0,,,Thursday,10,False
2025-10-31,Premium Dates 500g,Dried Fruits,42,25.0,1050.0,25,0,,,Friday,10,True
2025-11-01,Premium Dates 500g,Dried Fruits,37,25.0,925.0,25,0,,,Saturday,11,True
2025-11-02,Premium Dates 500g,Dried Fruits,26,25.0,650.0,25,0,,,Sunday,11,False
2025-11-03,Premium Dates 500g,Dried Fruits,29,25.0,725.0,25,0,,,Monday,11,False
2025-11-04,Premium Dates 500g,Dried Fruits,23,25.0,575.0,25,0,,,Tuesday,11,False
2025-11-05,Premium Dates 500g,Dried Fruits,32,25.0,800.0,25,0,,,Wednesday,11,False
2025-11-06,Premium Dates 500g,Dried Fruits,24,25.0,600.0,25,0,,,Thursday,11,False
2025-11-07,Premium Dates 500g,Dried Fruits,38,25.0,950.0,25,0,,,Friday,11,True
2025-11-08,Premium Dates 500g,Dried Fruits,51,25.0,1275.0,25,0,,,Saturday,11,True
2025-11-09,Premium Dates 500g,Dried Fruits,7,25.0,175.0,25,0,,,Sunday,11,False
2025-11-10,Premium Dates 500g,Dried Fruits,32,25.0,800.0,25,0,,,Monday,11,False
2025-11-11,Premium Dates 500g,Dried Fruits,30,25.0,750.0,25,0,,,Tuesday,11,False
2025-11-12,Premium Dates 500g,Dried Fruits,40,25.0,1000.0,25,0,,,Wednesday,11,False
2025-11-13,Premium Dates 500g,Dried Fruits,36,25.0,900.0,25,0,,,Thursday,11,False
2025-11-14,Premium Dates 500g,Dried Fruits,34,25.0,850.0,25,0,,,Friday,11,True
2025-11-15,Premium Dates 500g,Dried Fruits,35,25.0,875.0,25,0,,,Saturday,11,True
2025-11-16,Premium Dates 500g,Dried Fruits,32,25.0,800.0,25,0,,,Sunday,11,False
2025-11-17,Premium Dates 500g,Dried Fruits,29,25.0,725.0,25,0,,,Monday,11,False
2025-11-18,Premium Dates 500g,Dried Fruits,38,25.0,950.0,25,0,,,Tuesday,11,False
2025-11-19,Premium Dates 500g,Dried Fruits,6,25.0,150.0,25,0,,,Wednesday,11,False
2025-11-20,Premium Dates 500g,Dried Fruits,13,25.0,325.0,25,0,,,Thursday,11,False
2025-11-21,Premium Dates 500g,Dried Fruits,43,25.0,1075.0,25,0,,,Friday,11,True
2025-11-22,Premium Dates 500g,Dried Fruits,36,25.0,900.0,25,0,,,Saturday,11,True
2025-11-23,Premium Dates 500g,Dried Fruits,11,25.0,275.0,25,0,,,Sunday,11,False
2025-11-24,Premium Dates 500g,Dried Fruits,31,25.0,775.0,25,0,,,Monday,11,False
2025-11-25,Premium Dates 500g,Dried Fruits,27,25.0,675.0,25,0,,,Tuesday,11,False
2025-11-26,Premium Dates 500g,Dried Fruits,6,25.0,150.0,25,0,,,Wednesday,11,False
2025-11-27,Premium Dates 500g,Dried Fruits,20,25.0,500.0,25,0,,,Thursday,11,False
2025-11-28,Premium Dates 500g,Dried Fruits,35,25.0,875.0,25,0,,,Friday,11,True
2025-11-29,Premium Dates 500g,Dried Fruits,36,25.0,900.0,25,0,,,Saturday,11,True
2025-11-30,Premium Dates 500g,Dried Fruits,37,25.0,925.0,25,0,,,Sunday,11,False
2025-12-01,Premium Dates 500g,Dried Fruits,25,25.0,625.0,25,0,,,Monday,12,False
2025-12-02,Premium Dates 500g,Dried Fruits,33,25.0,825.0,25,0,,,Tuesday,12,False
2025-12-03,Premium Dates 500g,Dried Fruits,24,25.0,600.0,25,0,,,Wednesday,12,False
2025-12-04,Premium Dates 500g,Dried Fruits,33,25.0,825.0,25,0,,,Thursday,12,False
2025-12-05,Premium Dates 500g,Dried Fruits,35,25.0,875.0,25,0,,,Friday,12,True
2025-12-06,Premium Dates 500g,Dried Fruits,52,25.0,1300.0,25,0,,,Saturday,12,True
2025-12-07,Premium Dates 500g,Dried Fruits,32,25.0,800.0,25,0,,,Sunday,12,False
2025-12-08,Premium Dates 500g,Dried Fruits,32,25.0,800.0,25,0,,,Monday,12,False
2025-12-09,Premium Dates 500g,Dried Fruits,32,25.0,800.0,25,0,,,Tuesday,12,False
2025-12-10,Premium Dates 500g,Dried Fruits,28,25.0,700.0,25,0,,,Wednesday,12,False
2025-12-11,Premium Dates 500g,Dried Fruits,23,25.0,575.0,25,0,,,Thursday,12,False
2025-12-12,Premium Dates 500g,Dried Fruits,43,25.0,1075.0,25,0,,,Friday,12,True
2025-12-13,Premium Dates 500g,Dried Fruits,41,25.0,1025.0,25,0,,,Saturday,12,True
2025-12-14,Premium Dates 500g,Dried Fruits,25,25.0,625.0,25,0,,,Sunday,12,False
2025-12-15,Premium Dates 500g,Dried Fruits,28,25.0,700.0,25,0,,,Monday,12,False
2025-12-16,Premium Dates 500g,Dried Fruits,33,25.0,825.0,25,0,,,Tuesday,12,False
2025-12-17,Premium Dates 500g,Dried Fruits,26,25.0,650.0,25,0,,,Wednesday,12,False
2025-12-18,Premium Dates 500g,Dried Fruits,30,25.0,750.0,25,0,,,Thursday,12,False
2025-12-19,Premium Dates 500g,Dried Fruits,37,25.0,925.0,25,0,,,Friday,12,True
2025-12-20,Premium Dates 500g,Dried Fruits,52,25.0,1300.0,25,0,Christmas 2025,,Saturday,12,True
2025-12-21,Premium Dates 500g,Dried Fruits,43,25.0,1075.0,25,0,Christmas 2025,,Sunday,12,False
2025-12-22,Premium Dates 500g,Dried Fruits,27,25.0,675.0,25,0,Christmas 2025,,Monday,12,False
2025-12-23,Premium Dates 500g,Dried Fruits,37,25.0,925.0,25,0,Christmas 2025,,Tuesday,12,False
2025-12-24,Premium Dates 500g,Dried Fruits,33,25.0,825.0,25,0,Christmas 2025,,Wednesday,12,False
2025-12-25,Premium Dates 500g,Dried Fruits,31,25.0,775.0,25,0,Christmas 2025,,Thursday,12,False
2025-12-26,Premium Dates 500g,Dried Fruits,44,25.0,1100.0,25,0,Christmas 2025,,Friday,12,True
2025-12-27,Premium Dates 500g,Dried Fruits,40,25.0,1000.0,25,0,,,Saturday,12,True
2025-12-28,Premium Dates 500g,Dried Fruits,27,25.0,675.0,25,0,,,Sunday,12,False
2025-12-29,Premium Dates 500g,Dried Fruits,22,25.0,550.0,25,0,,,Monday,12,False
2025-12-30,Premium Dates 500g,Dried Fruits,30,25.0,750.0,25,0,,,Tuesday,12,False
2025-12-31,Premium Dates 500g,Dried Fruits,28,25.0,700.0,25,0,,,Wednesday,12,False
2024-01-01,Regular Dates 500g,Dried Fruits,52,15.0,780.0,15,0,,,Monday,1,False
2024-01-02,Regular Dates 500g,Dried Fruits,48,15.0,720.0,15,0,,,Tuesday,1,False
2024-01-03,Regular Dates 500g,Dried Fruits,49,15.0,735.0,15,0,,,Wednesday,1,False
2024-01-04,Regular Dates 500g,Dried Fruits,36,15.0,540.0,15,0,,,Thursday,1,False
2024-01-05,Regular Dates 500g,Dried Fruits,69,15.0,1035.0,15,0,,,Friday,1,True
2024-01-06,Regular Dates 500g,Dried Fruits,54,15.0,810.0,15,0,,,Saturday,1,True
2024-01-07,Regular Dates 500g,Dried Fruits,51,15.0,765.0,15,0,,,Sunday,1,False
2024-01-08,Regular Dates 500g,Dried Fruits,55,15.0,825.0,15,0,,,Monday,1,False
2024-01-09,Regular Dates 500g,Dried Fruits,49,15.0,735.0,15,0,,,Tuesday,1,False
2024-01-10,Regular Dates 500g,Dried Fruits,32,15.0,480.0,15,0,,,Wednesday,1,False
2024-01-11,Regular Dates 500g,Dried Fruits,46,15.0,690.0,15,0,,,Thursday,1,False
2024-01-12,Regular Dates 500g,Dried Fruits,64,15.0,960.0,15,0,,,Friday,1,True
2024-01-13,Regular Dates 500g,Dried Fruits,67,15.0,1005.0,15,0,,,Saturday,1,True
2024-01-14,Regular Dates 500g,Dried Fruits,41,15.0,615.0,15,0,,,Sunday,1,False
2024-01-15,Regular Dates 500g,Dried Fruits,34,15.0,510.0,15,0,,,Monday,1,False
2024-01-16,Regular Dates 500g,Dried Fruits,43,15.0,645.0,15,0,,,Tuesday,1,False
2024-01-17,Regular Dates 500g,Dried Fruits,50,15.0,750.0,15,0,,,Wednesday,1,False
2024-01-18,Regular Dates 500g,Dried Fruits,49,15.0,735.0,15,0,,,Thursday,1,False
2024-01-19,Regular Dates 500g,Dried Fruits,53,15.0,795.0,15,0,,,Friday,1,True
2024-01-20,Regular Dates 500g,Dried Fruits,64,15.0,960.0,15,0,,,Saturday,1,True
2024-01-21,Regular Dates 500g,Dried Fruits,21,15.0,315.0,15,0,,,Sunday,1,False
2024-01-22,Regular Dates 500g,Dried Fruits,35,15.0,525.0,15,0,,,Monday,1,False
2024-01-23,Regular Dates 500g,Dried Fruits,38,15.0,570.0,15,0,,,Tuesday,1,False
2024-01-24,Regular Dates 500g,Dried Fruits,35,15.0,525.0,15,0,,,Wednesday,1,False
2024-01-25,Regular Dates 500g,Dried Fruits,39,15.0,585.0,15,0,,,Thursday,1,False
2024-01-26,Regular Dates 500g,Dried Fruits,65,15.0,975.0,15,0,,,Friday,1,True
2024-01-27,Regular Dates 500g,Dried Fruits,62,15.0,930.0,15,0,,,Saturday,1,True
2024-01-28,Regular Dates 500g,Dried Fruits,35,15.0,525.0,15,0,,,Sunday,1,False
2024-01-29,Regular Dates 500g,Dried Fruits,35,15.0,525.0,15,0,,,Monday,1,False
2024-01-30,Regular Dates 500g,Dried Fruits,37,15.0,555.0,15,0,,,Tuesday,1,False
2024-01-31,Regular Dates 500g,Dried Fruits,7,15.0,105.0,15,0,,,Wednesday,1,False
2024-02-01,Regular Dates 500g,Dried Fruits,37,15.0,555.0,15,0,,,Thursday,2,False
2024-02-02,Regular Dates 500g,Dried Fruits,73,15.0,1095.0,15,0,,,Friday,2,True
2024-02-03,Regular Dates 500g,Dried Fruits,51,15.0,765.0,15,0,,,Saturday,2,True
2024-02-04,Regular Dates 500g,Dried Fruits,59,15.0,885.0,15,0,,,Sunday,2,False
2024-02-05,Regular Dates 500g,Dried Fruits,46,15.0,690.0,15,0,,,Monday,2,False
2024-02-06,Regular Dates 500g,Dried Fruits,53,15.0,795.0,15,0,,,Tuesday,2,False
2024-02-07,Regular Dates 500g,Dried Fruits,36,15.0,540.0,15,0,,,Wednesday,2,False
2024-02-08,Regular Dates 500g,Dried Fruits,50,15.0,750.0,15,0,,,Thursday,2,False
2024-02-09,Regular Dates 500g,Dried Fruits,63,15.0,945.0,15,0,,,Friday,2,True
2024-02-10,Regular Dates 500g,Dried Fruits,55,15.0,825.0,15,0,,,Saturday,2,True
2024-02-11,Regular Dates 500g,Dried Fruits,36,15.0,540.0,15,0,,,Sunday,2,False
2024-02-12,Regular Dates 500g,Dried Fruits,51,15.0,765.0,15,0,,,Monday,2,False
2024-02-13,Regular Dates 500g,Dried Fruits,48,15.0,720.0,15,0,,,Tuesday,2,False
2024-02-14,Regular Dates 500g,Dried Fruits,46,15.0,690.0,15,0,,,Wednesday,2,False
2024-02-15,Regular Dates 500g,Dried Fruits,48,15.0,720.0,15,0,,,Thursday,2,False
2024-02-16,Regular Dates 500g,Dried Fruits,51,15.0,765.0,15,0,,,Friday,2,True
2024-02-17,Regular Dates 500g,Dried Fruits,58,15.0,870.0,15,0,,,Saturday,2,True
2024-02-18,Regular Dates 500g,Dried Fruits,45,15.0,675.0,15,0,,,Sunday,2,False
2024-02-19,Regular Dates 500g,Dried Fruits,42,15.0,630.0,15,0,,,Monday,2,False
2024-02-20,Regular Dates 500g,Dried Fruits,42,15.0,630.0,15,0,,,Tuesday,2,False
2024-02-21,Regular Dates 500g,Dried Fruits,56,15.0,840.0,15,0,,,Wednesday,2,False
2024-02-22,Regular Dates 500g,Dried Fruits,53,15.0,795.0,15,0,,,Thursday,2,False
2024-02-23,Regular Dates 500g,Dried Fruits,64,15.0,960.0,15,0,,,Friday,2,True
2024-02-24,Regular Dates 500g,Dried Fruits,54,15.0,810.0,15,0,,,Saturday,2,True
2024-02-25,Regular Dates 500g,Dried Fruits,37,15.0,555.0,15,0,,,Sunday,2,False
2024-02-26,Regular Dates 500g,Dried Fruits,45,15.0,675.0,15,0,,,Monday,2,False
2024-02-27,Regular Dates 500g,Dried Fruits,38,15.0,570.0,15,0,,,Tuesday,2,False
2024-02-28,Regular Dates 500g,Dried Fruits,49,15.0,735.0,15,0,,,Wednesday,2,False
2024-02-29,Regular Dates 500g,Dried Fruits,44,15.0,660.0,15,0,,,Thursday,2,False
2024-03-01,Regular Dates 500g,Dried Fruits,61,15.0,915.0,15,0,,,Friday,3,True
2024-03-02,Regular Dates 500g,Dried Fruits,72,15.0,1080.0,15,0,,,Saturday,3,True
2024-03-03,Regular Dates 500g,Dried Fruits,31,15.0,465.0,15,0,,,Sunday,3,False
2024-03-04,Regular Dates 500g,Dried Fruits,32,15.0,480.0,15,0,,,Monday,3,False
2024-03-05,Regular Dates 500g,Dried Fruits,30,15.0,450.0,15,0,,,Tuesday,3,False
2024-03-06,Regular Dates 500g,Dried Fruits,39,15.0,585.0,15,0,,,Wednesday,3,False
2024-03-07,Regular Dates 500g,Dried Fruits,50,15.0,750.0,15,0,,,Thursday,3,False
2024-03-08,Regular Dates 500g,Dried Fruits,51,15.0,765.0,15,0,,,Friday,3,True
2024-03-09,Regular Dates 500g,Dried Fruits,62,15.0,930.0,15,0,,,Saturday,3,True
2024-03-10,Regular Dates 500g,Dried Fruits,36,15.0,540.0,15,0,,,Sunday,3,False
2024-03-11,Regular Dates 500g,Dried Fruits,119,12.0,1428.0,15,20,Ramadan 2024,Ramadan Mega Sale 2024,Monday,3,False
2024-03-12,Regular Dates 500g,Dried Fruits,75,12.0,900.0,15,20,Ramadan 2024,Ramadan Mega Sale 2024,Tuesday,3,False
2024-03-13,Regular Dates 500g,Dried Fruits,94,12.0,1128.0,15,20,Ramadan 2024,Ramadan Mega Sale 2024,Wednesday,3,False
2024-03-14,Regular Dates 500g,Dried Fruits,109,12.0,1308.0,15,20,Ramadan 2024,Ramadan Mega Sale 2024,Thursday,3,False
2024-03-15,Regular Dates 500g,Dried Fruits,193,12.0,2316.0,15,20,Ramadan 2024,Ramadan Mega Sale 2024,Friday,3,True
2024-03-16,Regular Dates 500g,Dried Fruits,153,12.0,1836.0,15,20,Ramadan 2024,Ramadan Mega Sale 2024,Saturday,3,True
2024-03-17,Regular Dates 500g,Dried Fruits,106,12.0,1272.0,15,20,Ramadan 2024,Ramadan Mega Sale 2024,Sunday,3,False
2024-03-18,Regular Dates 500g,Dried Fruits,80,12.0,960.0,15,20,Ramadan 2024,Ramadan Mega Sale 2024,Monday,3,False
2024-03-19,Regular Dates 500g,Dried Fruits,88,12.0,1056.0,15,20,Ramadan 2024,Ramadan Mega Sale 2024,Tuesday,3,False
2024-03-20,Regular Dates 500g,Dried Fruits,77,12.0,924.0,15,20,Ramadan 2024,Ramadan Mega Sale 2024,Wednesday,3,False
2024-03-21,Regular Dates 500g,Dried Fruits,97,12.0,1164.0,15,20,Ramadan 2024,Ramadan Mega Sale 2024,Thursday,3,False
2024-03-22,Regular Dates 500g,Dried Fruits,103,12.0,1236.0,15,20,Ramadan 2024,Ramadan Mega Sale 2024,Friday,3,True
2024-03-23,Regular Dates 500g,Dried Fruits,157,12.0,1884.0,15,20,Ramadan 2024,Ramadan Mega Sale 2024,Saturday,3,True
2024-03-24,Regular Dates 500g,Dried Fruits,135,12.0,1620.0,15,20,Ramadan 2024,Ramadan Mega Sale 2024,Sunday,3,False
2024-03-25,Regular Dates 500g,Dried Fruits,90,12.0,1080.0,15,20,Ramadan 2024,Ramadan Mega Sale 2024,Monday,3,False
2024-03-26,Regular Dates 500g,Dried Fruits,121,12.0,1452.0,15,20,Ramadan 2024,Ramadan Mega Sale 2024,Tuesday,3,False
2024-03-27,Regular Dates 500g,Dried Fruits,38,12.0,456.0,15,20,Ramadan 2024,Ramadan Mega Sale 2024,Wednesday,3,False
2024-03-28,Regular Dates 500g,Dried Fruits,120,12.0,1440.0,15,20,Ramadan 2024,Ramadan Mega Sale 2024,Thursday,3,False
2024-03-29,Regular Dates 500g,Dried Fruits,84,12.0,1008.0,15,20,Ramadan 2024,Ramadan Mega Sale 2024,Friday,3,True
2024-03-30,Regular Dates 500g,Dried Fruits,159,12.0,1908.0,15,20,Ramadan 2024,Ramadan Mega Sale 2024,Saturday,3,True
2024-03-31,Regular Dates 500g,Dried Fruits,106,12.0,1272.0,15,20,Ramadan 2024,Ramadan Mega Sale 2024,Sunday,3,False
2024-04-01,Regular Dates 500g,Dried Fruits,77,12.0,924.0,15,20,Ramadan 2024,Ramadan Mega Sale 2024,Monday,4,False
2024-04-02,Regular Dates 500g,Dried Fruits,146,12.0,1752.0,15,20,Ramadan 2024,Ramadan Mega Sale 2024,Tuesday,4,False
2024-04-03,Regular Dates 500g,Dried Fruits,98,12.0,1176.0,15,20,Ramadan 2024,Ramadan Mega Sale 2024,Wednesday,4,False
2024-04-04,Regular Dates 500g,Dried Fruits,98,12.0,1176.0,15,20,Ramadan 2024,Ramadan Mega Sale 2024,Thursday,4,False
2024-04-05,Regular Dates 500g,Dried Fruits,144,12.0,1728.0,15,20,Ramadan 2024,Ramadan Mega Sale 2024,Friday,4,True
2024-04-06,Regular Dates 500g,Dried Fruits,116,12.0,1392.0,15,20,Ramadan 2024,Ramadan Mega Sale 2024,Saturday,4,True
2024-04-07,Regular Dates 500g,Dried Fruits,109,12.0,1308.0,15,20,Ramadan 2024,Ramadan Mega Sale 2024,Sunday,4,False
2024-04-08,Regular Dates 500g,Dried Fruits,103,12.0,1236.0,15,20,Ramadan 2024,Ramadan Mega Sale 2024,Monday,4,False
2024-04-09,Regular Dates 500g,Dried Fruits,91,12.0,1092.0,15,20,Ramadan 2024,Ramadan Mega Sale 2024,Tuesday,4,False
