backend/scripts/synthetic_sales_data.csv
sale_date,product_name,category,quantity,unit_price,revenue,base_price,discount_pct,event,campaign,day_of_week,month,is_weekend
2024-11-13,Regular Dates 500g,Dried Fruits,46,15.0,690.0,15,0,,,Wednesday,11,False
2024-11-14,Regular Dates 500g,Dried Fruits,44,15.0,660.0,15,0,,,Thursday,11,False
2024-11-15,Regular Dates 500g,Dried Fruits,51,15.0,765.0,15,0,,,Friday,11,True
2024-11-16,Regular Dates 500g,Dried Fruits,56,15.0,840.0,15,0,,,Saturday,11,True
2024-11-17,Regular Dates 500g,Dried Fruits,47,15.0,705.0,15,0,,,Sunday,11,False
2024-11-18,Regular Dates 500g,Dried Fruits,45,15.0,675.0,15,0,,,Monday,11,False
2024-11-19,Regular Dates 500g,Dried Fruits,42,15.0,630.0,15,0,,,Tuesday,11,False
2024-11-20,Regular Dates 500g,Dried Fruits,41,15.0,615.0,15,0,,,Wednesday,11,False
2024-11-21,Regular Dates 500g,Dried Fruits,32,15.0,480.0,15,0,,,Thursday,11,False
2024-11-22,Regular Dates 500g,Dried Fruits,21,15.0,315.0,15,0,,,Friday,11,True
2024-11-23,Regular Dates 500g,Dried Fruits,48,15.0,720.0,15,0,,,Saturday,11,True
2024-11-24,Regular Dates 500g,Dried Fruits,37,15.0,555.0,15,0,,,Sunday,11,False
2024-11-25,Regular Dates 500g,Dried Fruits,28,15.0,420.0,15,0,,,Monday,11,False
2024-11-26,Regular Dates 500g,Dried Fruits,32,15.0,480.0,15,0,,,Tuesday,11,False
2024-11-27,Regular Dates 500g,Dried Fruits,51,15.0,765.0,15,0,,,Wednesday,11,False
2024-11-28,Regular Dates 500g,Dried Fruits,33,15.0,495.0,15,0,,,Thursday,11,False
2024-11-29,Regular Dates 500g,Dried Fruits,58,15.0,870.0,15,0,,,Friday,11,True
2024-11-30,Regular Dates 500g,Dried Fruits,71,15.0,1065.0,15,0,,,Saturday,11,True
2024-12-01,Regular Dates 500g,Dried Fruits,45,15.0,675.0,15,0,,,Sunday,12,False
2024-12-02,Regular Dates 500g,Dried Fruits,41,15.0,615.0,15,0,,,Monday,12,False
2024-12-03,Regular Dates 500g,Dried Fruits,53,15.0,795.0,15,0,,,Tuesday,12,False
2024-12-04,Regular Dates 500g,Dried Fruits,41,15.0,615.0,15,0,,,Wednesday,12,False
2024-12-05,Regular Dates 500g,Dried Fruits,46,15.0,690.0,15,0,,,Thursday,12,False
2024-12-06,Regular Dates 500g,Dried Fruits,41,15.0,615.0,15,0,,,Friday,12,True
2024-12-07,Regular Dates 500g,Dried Fruits,54,15.0,810.0,15,0,,,Saturday,12,True
2024-12-08,Regular Dates 500g,Dried Fruits,40,15.0,600.0,15,0,,,Sunday,12,False
2024-12-09,Regular Dates 500g,Dried Fruits,28,15.0,420.0,15,0,,,Monday,12,False
2024-12-10,Regular Dates 500g,Dried Fruits,45,15.0,675.0,15,0,,,Tuesday,12,False
2024-12-11,Regular Dates 500g,Dried Fruits,34,15.0,510.0,15,0,,,Wednesday,12,False
2024-12-12,Regular Dates 500g,Dried Fruits,40,15.0,600.0,15,0,,,Thursday,12,False
2024-12-13,Regular Dates 500g,Dried Fruits,52,15.0,780.0,15,0,,,Friday,12,True
2024-12-14,Regular Dates 500g,Dried Fruits,54,15.0,810.0,15,0,,,Saturday,12,True
2024-12-15,Regular Dates 500g,Dried Fruits,49,15.0,735.0,15,0,,,Sunday,12,False
2024-12-16,Regular Dates 500g,Dried Fruits,43,15.0,645.0,15,0,,,Monday,12,False
2024-12-17,Regular Dates 500g,Dried Fruits,55,15.0,825.0,15,0,,,Tuesday,12,False
2024-12-18,Regular Dates 500g,Dried Fruits,47,15.0,705.0,15,0,,,Wednesday,12,False
2024-12-19,Regular Dates 500g,Dried Fruits,53,15.0,795.0,15,0,,,Thursday,12,False
2024-12-20,Regular Dates 500g,Dried Fruits,73,15.0,1095.0,15,0,Christmas 2024,,Friday,12,True
2024-12-21,Regular Dates 500g,Dried Fruits,59,15.0,885.0,15,0,Christmas 2024,,Saturday,12,True
2024-12-22,Regular Dates 500g,Dried Fruits,22,15.0,330.0,15,0,Christmas 2024,,Sunday,12,False
2024-12-23,Regular Dates 500g,Dried Fruits,45,15.0,675.0,15,0,Christmas 2024,,Monday,12,False
2024-12-24,Regular Dates 500g,Dried Fruits,67,15.0,1005.0,15,0,Christmas 2024,,Tuesday,12,False
2024-12-25,Regular Dates 500g,Dried Fruits,61,15.0,915.0,15,0,Christmas 2024,,Wednesday,12,False
2024-12-26,Regular Dates 500g,Dried Fruits,47,15.0,705.0,15,0,Christmas 2024,,Thursday,12,False
2024-12-27,Regular Dates 500g,Dried Fruits,66,15.0,990.0,15,0,,,Friday,12,True
2024-12-28,Regular Dates 500g,Dried Fruits,66,15.0,990.0,15,0,,,Saturday,12,True
2024-12-29,Regular Dates 500g,Dried Fruits,39,15.0,585.0,15,0,,,Sunday,12,False
2024-12-30,Regular Dates 500g,Dried Fruits,43,15.0,645.0,15,0,,,Monday,12,False
2024-12-31,Regular Dates 500g,Dried Fruits,39,15.0,585.0,15,0,,,Tuesday,12,False
2025-01-01,Regular Dates 500g,Dried Fruits,42,10.5,441.0,15,30,,New Year Flash Sale 2025,Wednesday,1,False
2025-01-02,Regular Dates 500g,Dried Fruits,44,10.5,462.0,15,30,,New Year Flash Sale 2025,Thursday,1,False
2025-01-03,Regular Dates 500g,Dried Fruits,52,10.5,546.0,15,30,,New Year Flash Sale 2025,Friday,1,True
2025-01-04,Regular Dates 500g,Dried Fruits,57,10.5,598.5,15,30,,New Year Flash Sale 2025,Saturday,1,True
2025-01-05,Regular Dates 500g,Dried Fruits,42,10.5,441.0,15,30,,New Year Flash Sale 2025,Sunday,1,False
2025-01-06,Regular Dates 500g,Dried Fruits,25,15.0,375.0,15,0,,,Monday,1,False
2025-01-07,Regular Dates 500g,Dried Fruits,41,15.0,615.0,15,0,,,Tuesday,1,False
2025-01-08,Regular Dates 500g,Dried Fruits,39,15.0,585.0,15,0,,,Wednesday,1,False
2025-01-09,Regular Dates 500g,Dried Fruits,50,15.0,750.0,15,0,,,Thursday,1,False
2025-01-10,Regular Dates 500g,Dried Fruits,50,15.0,750.0,15,0,,,Friday,1,True
2025-01-11,Regular Dates 500g,Dried Fruits,58,15.0,870.0,15,0,,,Saturday,1,True
2025-01-12,Regular Dates 500g,Dried Fruits,50,15.0,750.0,15,0,,,Sunday,1,False
2025-01-13,Regular Dates 500g,Dried Fruits,37,15.0,555.0,15,0,,,Monday,1,False
2025-01-14,Regular Dates 500g,Dried Fruits,44,15.0,660.0,15,0,,,Tuesday,1,False
2025-01-15,Regular Dates 500g,Dried Fruits,37,15.0,555.0,15,0,,,Wednesday,1,False
2025-01-16,Regular Dates 500g,Dried Fruits,40,15.0,600.0,15,0,,,Thursday,1,False
2025-01-17,Regular Dates 500g,Dried Fruits,54,15.0,810.0,15,0,,,Friday,1,True
2025-01-18,Regular Dates 500g,Dried Fruits,43,15.0,645.0,15,0,,,Saturday,1,True
2025-01-19,Regular Dates 500g,Dried Fruits,36,15.0,540.0,15,0,,,Sunday,1,False
2025-01-20,Regular Dates 500g,Dried Fruits,38,15.0,570.0,15,0,,,Monday,1,False
2025-01-21,Regular Dates 500g,Dried Fruits,45,15.0,675.0,15,0,,,Tuesday,1,False
2025-01-22,Regular Dates 500g,Dried Fruits,41,15.0,615.0,15,0,,,Wednesday,1,False
2025-01-23,Regular Dates 500g,Dried Fruits,48,15.0,720.0,15,0,,,Thursday,1,False
2025-01-24,Regular Dates 500g,Dried Fruits,70,15.0,1050.0,15,0,,,Friday,1,True
2025-01-25,Regular Dates 500g,Dried Fruits,54,15.0,810.0,15,0,,,Saturday,1,True
2025-01-26,Regular Dates 500g,Dried Fruits,42,15.0,630.0,15,0,,,Sunday,1,False
2025-01-27,Regular Dates 500g,Dried Fruits,34,15.0,510.0,15,0,,,Monday,1,False
2025-01-28,Regular Dates 500g,Dried Fruits,36,15.0,540.0,15,0,,,Tuesday,1,False
2025-01-29,Regular Dates 500g,Dried Fruits,49,15.0,735.0,15,0,,,Wednesday,1,False
2025-01-30,Regular Dates 500g,Dried Fruits,18,15.0,270.0,15,0,,,Thursday,1,False
2025-01-31,Regular Dates 500g,Dried Fruits,49,15.0,735.0,15,0,,,Friday,1,True
2025-02-01,Regular Dates 500g,Dried Fruits,41,15.0,615.0,15,0,,,Saturday,2,True
2025-02-02,Regular Dates 500g,Dried Fruits,42,15.0,630.0,15,0,,,Sunday,2,False
2025-02-03,Regular Dates 500g,Dried Fruits,49,15.0,735.0,15,0,,,Monday,2,False
2025-02-04,Regular Dates 500g,Dried Fruits,32,15.0,480.0,15,0,,,Tuesday,2,False
2025-02-05,Regular Dates 500g,Dried Fruits,46,15.0,690.0,15,0,,,Wednesday,2,False
2025-02-06,Regular Dates 500g,Dried Fruits,28,15.0,420.0,15,0,,,Thursday,2,False
2025-02-07,Regular Dates 500g,Dried Fruits,22,15.0,330.0,15,0,,,Friday,2,True
2025-02-08,Regular Dates 500g,Dried Fruits,56,15.0,840.0,15,0,,,Saturday,2,True
2025-02-09,Regular Dates 500g,Dried Fruits,38,15.0,570.0,15,0,,,Sunday,2,False
2025-02-10,Regular Dates 500g,Dried Fruits,32,15.0,480.0,15,0,,,Monday,2,False
2025-02-11,Regular Dates 500g,Dried Fruits,49,15.0,735.0,15,0,,,Tuesday,2,False
2025-02-12,Regular Dates 500g,Dried Fruits,41,15.0,615.0,15,0,,,Wednesday,2,False
2025-02-13,Regular Dates 500g,Dried Fruits,39,15.0,585.0,15,0,,,Thursday,2,False
2025-02-14,Regular Dates 500g,Dried Fruits,51,15.0,765.0,15,0,,,Friday,2,True
2025-02-15,Regular Dates 500g,Dried Fruits,59,15.0,885.0,15,0,,,Saturday,2,True
2025-02-16,Regular Dates 500g,Dried Fruits,45,15.0,675.0,15,0,,,Sunday,2,False
2025-02-17,Regular Dates 500g,Dried Fruits,48,15.0,720.0,15,0,,,Monday,2,False
2025-02-18,Regular Dates 500g,Dried Fruits,52,15.0,780.0,15,0,,,Tuesday,2,False
2025-02-19,Regular Dates 500g,Dried Fruits,44,15.0,660.0,15,0,,,Wednesday,2,False
2025-02-20,Regular Dates 500g,Dried Fruits,44,15.0,660.0,15,0,,,Thursday,2,False
2025-02-21,Regular Dates 500g,Dried Fruits,61,15.0,915.0,15,0,,,Friday,2,True
2025-02-22,Regular Dates 500g,Dried Fruits,56,15.0,840.0,15,0,,,Saturday,2,True
2025-02-23,Regular Dates 500g,Dried Fruits,42,15.0,630.0,15,0,,,Sunday,2,False
2025-02-24,Regular Dates 500g,Dried Fruits,14,15.0,210.0,15,0,,,Monday,2,False
2025-02-25,Regular Dates 500g,Dried Fruits,52,15.0,780.0,15,0,,,Tuesday,2,False
2025-02-26,Regular Dates 500g,Dried Fruits,38,15.0,570.0,15,0,,,Wednesday,2,False
2025-02-27,Regular Dates 500g,Dried Fruits,46,15.0,690.0,15,0,,,Thursday,2,False
2025-02-28,Regular Dates 500g,Dried Fruits,96,12.3,1180.8,15,18,Ramadan 2025,Ramadan Essentials 2025,Friday,2,True
2025-03-01,Regular Dates 500g,Dried Fruits,157,12.3,1931.1,15,18,Ramadan 2025,Ramadan Essentials 2025,Saturday,3,True
2025-03-02,Regular Dates 500g,Dried Fruits,72,12.3,885.6,15,18,Ramadan 2025,Ramadan Essentials 2025,Sunday,3,False
2025-03-03,Regular Dates 500g,Dried Fruits,83,12.3,1020.9,15,18,Ramadan 2025,Ramadan Essentials 2025,Monday,3,False
2025-03-04,Regular Dates 500g,Dried Fruits,102,12.3,1254.6,15,18,Ramadan 2025,Ramadan Essentials 2025,Tuesday,3,False
2025-03-05,Regular Dates 500g,Dried Fruits,101,12.3,1242.3,15,18,Ramadan 2025,Ramadan Essentials 2025,Wednesday,3,False
2025-03-06,Regular Dates 500g,Dried Fruits,87,12.3,1070.1,15,18,Ramadan 2025,Ramadan Essentials 2025,Thursday,3,False
2025-03-07,Regular Dates 500g,Dried Fruits,140,12.3,1722.0,15,18,Ramadan 2025,Ramadan Essentials 2025,Friday,3,True
2025-03-08,Regular Dates 500g,Dried Fruits,124,12.3,1525.2,15,18,Ramadan 2025,Ramadan Essentials 2025,Saturday,3,True
2025-03-09,Regular Dates 500g,Dried Fruits,98,12.3,1205.4,15,18,Ramadan 2025,Ramadan Essentials 2025,Sunday,3,False
2025-03-10,Regular Dates 500g,Dried Fruits,91,12.3,1119.3,15,18,Ramadan 2025,Ramadan Essentials 2025,Monday,3,False
2025-03-11,Regular Dates 500g,Dried Fruits,96,12.3,1180.8,15,18,Ramadan 2025,Ramadan Essentials 2025,Tuesday,3,False
2025-03-12,Regular Dates 500g,Dried Fruits,88,12.3,1082.4,15,18,Ramadan 2025,Ramadan Essentials 2025,Wednesday,3,False
2025-03-13,Regular Dates 500g,Dried Fruits,89,12.3,1094.7,15,18,Ramadan 2025,Ramadan Essentials 2025,Thursday,3,False
2025-03-14,Regular Dates 500g,Dried Fruits,121,12.3,1488.3,15,18,Ramadan 2025,Ramadan Essentials 2025,Friday,3,True
2025-03-15,Regular Dates 500g,Dried Fruits,135,12.3,1660.5,15,18,Ramadan 2025,Ramadan Essentials 2025,Saturday,3,True
2025-03-16,Regular Dates 500g,Dried Fruits,99,12.3,1217.7,15,18,Ramadan 2025,Ramadan Essentials 2025,Sunday,3,False
2025-03-17,Regular Dates 500g,Dried Fruits,87,12.3,1070.1,15,18,Ramadan 2025,Ramadan Essentials 2025,Monday,3,False
2025-03-18,Regular Dates 500g,Dried Fruits,60,12.3,738.0,15,18,Ramadan 2025,Ramadan Essentials 2025,Tuesday,3,False
2025-03-19,Regular Dates 500g,Dried Fruits,86,12.3,1057.8,15,18,Ramadan 2025,Ramadan Essentials 2025,Wednesday,3,False
2025-03-20,Regular Dates 500g,Dried Fruits,115,12.3,1414.5,15,18,Ramadan 2025,Ramadan Essentials 2025,Thursday,3,False
2025-03-21,Regular Dates 500g,Dried Fruits,130,12.3,1599.0,15,18,Ramadan 2025,Ramadan Essentials 2025,Friday,3,True
2025-03-22,Regular Dates 500g,Dried Fruits,174,12.3,2140.2,15,18,Ramadan 2025,Ramadan Essentials 2025,Saturday,3,True
2025-03-23,Regular Dates 500g,Dried Fruits,106,12.3,1303.8,15,18,Ramadan 2025,Ramadan Essentials 2025,Sunday,3,False
2025-03-24,Regular Dates 500g,Dried Fruits,71,12.3,873.3,15,18,Ramadan 2025,Ramadan Essentials 2025,Monday,3,False
2025-03-25,Regular Dates 500g,Dried Fruits,89,12.3,1094.7,15,18,Ramadan 2025,Ramadan Essentials 2025,Tuesday,3,False
2025-03-26,Regular Dates 500g,Dried Fruits,120,12.3,1476.0,15,18,Ramadan 2025,Ramadan Essentials 2025,Wednesday,3,False
2025-03-27,Regular Dates 500g,Dried Fruits,150,12.3,1845.0,15,18,Ramadan 2025,Ramadan Essentials 2025,Thursday,3,False
2025-03-28,Regular Dates 500g,Dried Fruits,169,12.3,2078.7,15,18,Ramadan 2025,Ramadan Essentials 2025,Friday,3,True
2025-03-29,Regular Dates 500g,Dried Fruits,157,12.3,1931.1,15,18,Ramadan 2025,Ramadan Essentials 2025,Saturday,3,True
2025-03-30,Regular Dates 500g,Dried Fruits,61,15.0,915.0,15,0,Eid Al-Fitr 2025,,Sunday,3,False
2025-03-31,Regular Dates 500g,Dried Fruits,68,15.0,1020.0,15,0,Eid Al-Fitr 2025,,Monday,3,False
2025-04-01,Regular Dates 500g,Dried Fruits,71,15.0,1065.0,15,0,Eid Al-Fitr 2025,,Tuesday,4,False
2025-04-02,Regular Dates 500g,Dried Fruits,44,15.0,660.0,15,0,,,Wednesday,4,False
2025-04-03,Regular Dates 500g,Dried Fruits,38,15.0,570.0,15,0,,,Thursday,4,False
2025-04-04,Regular Dates 500g,Dried Fruits,46,15.0,690.0,15,0,,,Friday,4,True
2025-04-05,Regular Dates 500g,Dried Fruits,59,15.0,885.0,15,0,,,Saturday,4,True
2025-04-06,Regular Dates 500g,Dried Fruits,58,15.0,870.0,15,0,,,Sunday,4,False
2025-04-07,Regular Dates 500g,Dried Fruits,36,15.0,540.0,15,0,,,Monday,4,False
2025-04-08,Regular Dates 500g,Dried Fruits,35,15.0,525.0,15,0,,,Tuesday,4,False
2025-04-09,Regular Dates 500g,Dried Fruits,50,15.0,750.0,15,0,,,Wednesday,4,False
2025-04-10,Regular Dates 500g,Dried Fruits,43,15.0,645.0,15,0,,,Thursday,4,False
2025-04-11,Regular Dates 500g,Dried Fruits,79,15.0,1185.0,15,0,,,Friday,4,True
2025-04-12,Regular Dates 500g,Dried Fruits,16,15.0,240.0,15,0,,,Saturday,4,True
2025-04-13,Regular Dates 500g,Dried Fruits,37,15.0,555.0,15,0,,,Sunday,4,False
2025-04-14,Regular Dates 500g,Dried Fruits,35,15.0,525.0,15,0,,,Monday,4,False
2025-04-15,Regular Dates 500g,Dried Fruits,44,15.0,660.0,15,0,,,Tuesday,4,False
2025-04-16,Regular Dates 500g,Dried Fruits,47,15.0,705.0,15,0,,,Wednesday,4,False
2025-04-17,Regular Dates 500g,Dried Fruits,44,15.0,660.0,15,0,,,Thursday,4,False
2025-04-18,Regular Dates 500g,Dried Fruits,68,15.0,1020.0,15,0,,,Friday,4,True
2025-04-19,Regular Dates 500g,Dried Fruits,43,15.0,645.0,15,0,,,Saturday,4,True
2025-04-20,Regular Dates 500g,Dried Fruits,47,15.0,705.0,15,0,,,Sunday,4,False
2025-04-21,Regular Dates 500g,Dried Fruits,54,15.0,810.0,15,0,,,Monday,4,False
2025-04-22,Regular Dates 500g,Dried Fruits,50,15.0,750.0,15,0,,,Tuesday,4,False
2025-04-23,Regular Dates 500g,Dried Fruits,48,15.0,720.0,15,0,,,Wednesday,4,False
2025-04-24,Regular Dates 500g,Dried Fruits,58,15.0,870.0,15,0,,,Thursday,4,False
2025-04-25,Regular Dates 500g,Dried Fruits,56,15.0,840.0,15,0,,,Friday,4,True
2025-04-26,Regular Dates 500g,Dried Fruits,58,15.0,870.0,15,0,,,Saturday,4,True
2025-04-27,Regular Dates 500g,Dried Fruits,43,15.0,645.0,15,0,,,Sunday,4,False
2025-04-28,Regular Dates 500g,Dried Fruits,40,15.0,600.0,15,0,,,Monday,4,False
2025-04-29,Regular Dates 500g,Dried Fruits,43,15.0,645.0,15,0,,,Tuesday,4,False
2025-04-30,Regular Dates 500g,Dried Fruits,37,15.0,555.0,15,0,,,Wednesday,4,False
2025-05-01,Regular Dates 500g,Dried Fruits,55,15.0,825.0,15,0,,,Thursday,5,False
2025-05-02,Regular Dates 500g,Dried Fruits,67,15.0,1005.0,15,0,,,Friday,5,True
2025-05-03,Regular Dates 500g,Dried Fruits,55,15.0,825.0,15,0,,,Saturday,5,True
2025-05-04,Regular Dates 500g,Dried Fruits,40,15.0,600.0,15,0,,,Sunday,5,False
2025-05-05,Regular Dates 500g,Dried Fruits,42,15.0,630.0,15,0,,,Monday,5,False
2025-05-06,Regular Dates 500g,Dried Fruits,47,15.0,705.0,15,0,,,Tuesday,5,False
2025-05-07,Regular Dates 500g,Dried Fruits,43,15.0,645.0,15,0,,,Wednesday,5,False
2025-05-08,Regular Dates 500g,Dried Fruits,34,15.0,510.0,15,0,,,Thursday,5,False
2025-05-09,Regular Dates 500g,Dried Fruits,63,15.0,945.0,15,0,,,Friday,5,True
2025-05-10,Regular Dates 500g,Dried Fruits,57,15.0,855.0,15,0,,,Saturday,5,True
2025-05-11,Regular Dates 500g,Dried Fruits,44,15.0,660.0,15,0,,,Sunday,5,False
2025-05-12,Regular Dates 500g,Dried Fruits,41,15.0,615.0,15,0,,,Monday,5,False
2025-05-13,Regular Dates 500g,Dried Fruits,42,15.0,630.0,15,0,,,Tuesday,5,False
2025-05-14,Regular Dates 500g,Dried Fruits,43,15.0,645.0,15,0,,,Wednesday,5,False
2025-05-15,Regular Dates 500g,Dried Fruits,42,15.0,630.0,15,0,,,Thursday,5,False
2025-05-16,Regular Dates 500g,Dried Fruits,60,15.0,900.0,15,0,,,Friday,5,True
2025-05-17,Regular Dates 500g,Dried Fruits,54,15.0,810.0,15,0,,,Saturday,5,True
2025-05-18,Regular Dates 500g,Dried Fruits,38,15.0,570.0,15,0,,,Sunday,5,False
2025-05-19,Regular Dates 500g,Dried Fruits,33,15.0,495.0,15,0,,,Monday,5,False
2025-05-20,Regular Dates 500g,Dried Fruits,51,15.0,765.0,15,0,,,Tuesday,5,False
2025-05-21,Regular Dates 500g,Dried Fruits,38,15.0,570.0,15,0,,,Wednesday,5,False
2025-05-22,Regular Dates 500g,Dried Fruits,19,15.0,285.0,15,0,,,Thursday,5,False
2025-05-23,Regular Dates 500g,Dried Fruits,55,15.0,825.0,15,0,,,Friday,5,True
2025-05-24,Regular Dates 500g,Dried Fruits,46,15.0,690.0,15,0,,,Saturday,5,True
2025-05-25,Regular Dates 500g,Dried Fruits,41,15.0,615.0,15,0,,,Sunday,5,False
2025-05-26,Regular Dates 500g,Dried Fruits,47,15.0,705.0,15,0,,,Monday,5,False
2025-05-27,Regular Dates 500g,Dried Fruits,38,15.0,570.0,15,0,,,Tuesday,5,False
2025-05-28,Regular Dates 500g,Dried Fruits,46,15.0,690.0,15,0,,,Wednesday,5,False
2025-05-29,Regular Dates 500g,Dried Fruits,54,15.0,810.0,15,0,,,Thursday,5,False
2025-05-30,Regular Dates 500g,Dried Fruits,55,15.0,825.0,15,0,,,Friday,5,True
2025-05-31,Regular Dates 500g,Dried Fruits,52,15.0,780.0,15,0,,,Saturday,5,True
2025-06-01,Regular Dates 500g,Dried Fruits,41,15.0,615.0,15,0,,,Sunday,6,False
2025-06-02,Regular Dates 500g,Dried Fruits,33,15.0,495.0,15,0,,,Monday,6,False
2025-06-03,Regular Dates 500g,Dried Fruits,54,15.0,810.0,15,0,,,Tuesday,6,False
2025-06-04,Regular Dates 500g,Dried Fruits,52,15.0,780.0,15,0,,,Wednesday,6,False
2025-06-05,Regular Dates 500g,Dried Fruits,47,15.0,705.0,15,0,,,Thursday,6,False
