backend/scripts/synthetic_sales_data.csv
sale_date,product_name,category,quantity,unit_price,revenue,base_price,discount_pct,event,campaign,day_of_week,month,is_weekend
2024-01-09,Mixed Nuts 250g,Snacks,11,18.0,198.0,18,0,,,Tuesday,1,False
2024-01-10,Mixed Nuts 250g,Snacks,18,18.0,324.0,18,0,,,Wednesday,1,False
2024-01-11,Mixed Nuts 250g,Snacks,17,18.0,306.0,18,0,,,Thursday,1,False
2024-01-12,Mixed Nuts 250g,Snacks,23,18.0,414.0,18,0,,,Friday,1,True
2024-01-13,Mixed Nuts 250g,Snacks,28,18.0,504.0,18,0,,,Saturday,1,True
2024-01-14,Mixed Nuts 250g,Snacks,21,18.0,378.0,18,0,,,Sunday,1,False
2024-01-15,Mixed Nuts 250g,Snacks,12,18.0,216.0,18,0,,,Monday,1,False
2024-01-16,Mixed Nuts 250g,Snacks,16,18.0,288.0,18,0,,,Tuesday,1,False
2024-01-17,Mixed Nuts 250g,Snacks,21,18.0,378.0,18,0,,,Wednesday,1,False
2024-01-18,Mixed Nuts 250g,Snacks,20,18.0,360.0,18,0,,,Thursday,1,False
2024-01-19,Mixed Nuts 250g,Snacks,26,18.0,468.0,18,0,,,Friday,1,True
2024-01-20,Mixed Nuts 250g,Snacks,20,18.0,360.0,18,0,,,Saturday,1,True
2024-01-21,Mixed Nuts 250g,Snacks,21,18.0,378.0,18,0,,,Sunday,1,False
2024-01-22,Mixed Nuts 250g,Snacks,15,18.0,270.0,18,0,,,Monday,1,False
2024-01-23,Mixed Nuts 250g,Snacks,18,18.0,324.0,18,0,,,Tuesday,1,False
2024-01-24,Mixed Nuts 250g,Snacks,22,18.0,396.0,18,0,,,Wednesday,1,False
2024-01-25,Mixed Nuts 250g,Snacks,16,18.0,288.0,18,0,,,Thursday,1,False
2024-01-26,Mixed Nuts 250g,Snacks,22,18.0,396.0,18,0,,,Friday,1,True
2024-01-27,Mixed Nuts 250g,Snacks,23,18.0,414.0,18,0,,,Saturday,1,True
2024-01-28,Mixed Nuts 250g,Snacks,16,18.0,288.0,18,0,,,Sunday,1,False
2024-01-29,Mixed Nuts 250g,Snacks,16,18.0,288.0,18,0,,,Monday,1,False
2024-01-30,Mixed Nuts 250g,Snacks,21,18.0,378.0,18,0,,,Tuesday,1,False
2024-01-31,Mixed Nuts 250g,Snacks,5,18.0,90.0,18,0,,,Wednesday,1,False
2024-02-01,Mixed Nuts 250g,Snacks,24,18.0,432.0,18,0,,,Thursday,2,False
2024-02-02,Mixed Nuts 250g,Snacks,23,18.0,414.0,18,0,,,Friday,2,True
2024-02-03,Mixed Nuts 250g,Snacks,30,18.0,540.0,18,0,,,Saturday,2,True
2024-02-04,Mixed Nuts 250g,Snacks,20,18.0,360.0,18,0,,,Sunday,2,False
2024-02-05,Mixed Nuts 250g,Snacks,16,18.0,288.0,18,0,,,Monday,2,False
2024-02-06,Mixed Nuts 250g,Snacks,20,18.0,360.0,18,0,,,Tuesday,2,False
2024-02-07,Mixed Nuts 250g,Snacks,18,18.0,324.0,18,0,,,Wednesday,2,False
2024-02-08,Mixed Nuts 250g,Snacks,21,18.0,378.0,18,0,,,Thursday,2,False
2024-02-09,Mixed Nuts 250g,Snacks,31,18.0,558.0,18,0,,,Friday,2,True
2024-02-10,Mixed Nuts 250g,Snacks,22,18.0,396.0,18,0,,,Saturday,2,True
2024-02-11,Mixed Nuts 250g,Snacks,18,18.0,324.0,18,0,,,Sunday,2,False
2024-02-12,Mixed Nuts 250g,Snacks,17,18.0,306.0,18,0,,,Monday,2,False
2024-02-13,Mixed Nuts 250g,Snacks,26,18.0,468.0,18,0,,,Tuesday,2,False
2024-02-14,Mixed Nuts 250g,Snacks,13,18.0,234.0,18,0,,,Wednesday,2,False
2024-02-15,Mixed Nuts 250g,Snacks,15,18.0,270.0,18,0,,,Thursday,2,False
2024-02-16,Mixed Nuts 250g,Snacks,22,18.0,396.0,18,0,,,Friday,2,True
2024-02-17,Mixed Nuts 250g,Snacks,17,18.0,306.0,18,0,,,Saturday,2,True
2024-02-18,Mixed Nuts 250g,Snacks,19,18.0,342.0,18,0,,,Sunday,2,False
2024-02-19,Mixed Nuts 250g,Snacks,17,18.0,306.0,18,0,,,Monday,2,False
2024-02-20,Mixed Nuts 250g,Snacks,26,18.0,468.0,18,0,,,Tuesday,2,False
2024-02-21,Mixed Nuts 250g,Snacks,19,18.0,342.0,18,0,,,Wednesday,2,False
2024-02-22,Mixed Nuts 250g,Snacks,21,18.0,378.0,18,0,,,Thursday,2,False
2024-02-23,Mixed Nuts 250g,Snacks,27,18.0,486.0,18,0,,,Friday,2,True
2024-02-24,Mixed Nuts 250g,Snacks,23,18.0,414.0,18,0,,,Saturday,2,True
2024-02-25,Mixed Nuts 250g,Snacks,21,18.0,378.0,18,0,,,Sunday,2,False
2024-02-26,Mixed Nuts 250g,Snacks,17,18.0,306.0,18,0,,,Monday,2,False
2024-02-27,Mixed Nuts 250g,Snacks,18,18.0,324.0,18,0,,,Tuesday,2,False
2024-02-28,Mixed Nuts 250g,Snacks,15,18.0,270.0,18,0,,,Wednesday,2,False
2024-02-29,Mixed Nuts 250g,Snacks,17,18.0,306.0,18,0,,,Thursday,2,False
2024-03-01,Mixed Nuts 250g,Snacks,25,18.0,450.0,18,0,,,Friday,3,True
2024-03-02,Mixed Nuts 250g,Snacks,29,18.0,522.0,18,0,,,Saturday,3,True
2024-03-03,Mixed Nuts 250g,Snacks,21,18.0,378.0,18,0,,,Sunday,3,False
2024-03-04,Mixed Nuts 250g,Snacks,16,18.0,288.0,18,0,,,Monday,3,False
2024-03-05,Mixed Nuts 250g,Snacks,22,18.0,396.0,18,0,,,Tuesday,3,False
2024-03-06,Mixed Nuts 250g,Snacks,23,18.0,414.0,18,0,,,Wednesday,3,False
2024-03-07,Mixed Nuts 250g,Snacks,19,18.0,342.0,18,0,,,Thursday,3,False
2024-03-08,Mixed Nuts 250g,Snacks,25,18.0,450.0,18,0,,,Friday,3,True
2024-03-09,Mixed Nuts 250g,Snacks,17,18.0,306.0,18,0,,,Saturday,3,True
2024-03-10,Mixed Nuts 250g,Snacks,23,18.0,414.0,18,0,,,Sunday,3,False
2024-03-11,Mixed Nuts 250g,Snacks,35,18.0,630.0,18,0,Ramadan 2024,,Monday,3,False
2024-03-12,Mixed Nuts 250g,Snacks,37,18.0,666.0,18,0,Ramadan 2024,,Tuesday,3,False
2024-03-13,Mixed Nuts 250g,Snacks,50,18.0,900.0,18,0,Ramadan 2024,,Wednesday,3,False
2024-03-14,Mixed Nuts 250g,Snacks,34,18.0,612.0,18,0,Ramadan 2024,,Thursday,3,False
2024-03-15,Mixed Nuts 250g,Snacks,46,18.0,828.0,18,0,Ramadan 2024,,Friday,3,True
2024-03-16,Mixed Nuts 250g,Snacks,36,18.0,648.0,18,0,Ramadan 2024,,Saturday,3,True
2024-03-17,Mixed Nuts 250g,Snacks,45,18.0,810.0,18,0,Ramadan 2024,,Sunday,3,False
2024-03-18,Mixed Nuts 250g,Snacks,42,18.0,756.0,18,0,Ramadan 2024,,Monday,3,False
2024-03-19,Mixed Nuts 250g,Snacks,34,18.0,612.0,18,0,Ramadan 2024,,Tuesday,3,False
2024-03-20,Mixed Nuts 250g,Snacks,46,18.0,828.0,18,0,Ramadan 2024,,Wednesday,3,False
2024-03-21,Mixed Nuts 250g,Snacks,34,18.0,612.0,18,0,Ramadan 2024,,Thursday,3,False
2024-03-22,Mixed Nuts 250g,Snacks,52,18.0,936.0,18,0,Ramadan 2024,,Friday,3,True
2024-03-23,Mixed Nuts 250g,Snacks,50,18.0,900.0,18,0,Ramadan 2024,,Saturday,3,True
2024-03-24,Mixed Nuts 250g,Snacks,35,18.0,630.0,18,0,Ramadan 2024,,Sunday,3,False
2024-03-25,Mixed Nuts 250g,Snacks,38,18.0,684.0,18,0,Ramadan 2024,,Monday,3,False
2024-03-26,Mixed Nuts 250g,Snacks,41,18.0,738.0,18,0,Ramadan 2024,,Tuesday,3,False
2024-03-27,Mixed Nuts 250g,Snacks,38,18.0,684.0,18,0,Ramadan 2024,,Wednesday,3,False
2024-03-28,Mixed Nuts 250g,Snacks,31,18.0,558.0,18,0,Ramadan 2024,,Thursday,3,False
2024-03-29,Mixed Nuts 250g,Snacks,55,18.0,990.0,18,0,Ramadan 2024,,Friday,3,True
2024-03-30,Mixed Nuts 250g,Snacks,49,18.0,882.0,18,0,Ramadan 2024,,Saturday,3,True
2024-03-31,Mixed Nuts 250g,Snacks,42,18.0,756.0,18,0,Ramadan 2024,,Sunday,3,False
2024-04-01,Mixed Nuts 250g,Snacks,29,18.0,522.0,18,0,Ramadan 2024,,Monday,4,False
2024-04-02,Mixed Nuts 250g,Snacks,24,18.0,432.0,18,0,Ramadan 2024,,Tuesday,4,False
2024-04-03,Mixed Nuts 250g,Snacks,30,18.0,540.0,18,0,Ramadan 2024,,Wednesday,4,False
2024-04-04,Mixed Nuts 250g,Snacks,44,18.0,792.0,18,0,Ramadan 2024,,Thursday,4,False
2024-04-05,Mixed Nuts 250g,Snacks,49,18.0,882.0,18,0,Ramadan 2024,,Friday,4,True
2024-04-06,Mixed Nuts 250g,Snacks,48,18.0,864.0,18,0,Ramadan 2024,,Saturday,4,True
2024-04-07,Mixed Nuts 250g,Snacks,45,18.0,810.0,18,0,Ramadan 2024,,Sunday,4,False
2024-04-08,Mixed Nuts 250g,Snacks,31,18.0,558.0,18,0,Ramadan 2024,,Monday,4,False
2024-04-09,Mixed Nuts 250g,Snacks,37,18.0,666.0,18,0,Ramadan 2024,,Tuesday,4,False
2024-04-10,Mixed Nuts 250g,Snacks,21,15.3,321.3,18,15,Eid Al-Fitr 2024,Eid Special 2024,Wednesday,4,False
2024-04-11,Mixed Nuts 250g,Snacks,27,15.3,413.1,18,15,Eid Al-Fitr 2024,Eid Special 2024,Thursday,4,False
2024-04-12,Mixed Nuts 250g,Snacks,31,15.3,474.3,18,15,Eid Al-Fitr 2024,Eid Special 2024,Friday,4,True
2024-04-13,Mixed Nuts 250g,Snacks,30,18.0,540.0,18,0,,,Saturday,4,True
2024-04-14,Mixed Nuts 250g,Snacks,18,18.0,324.0,18,0,,,Sunday,4,False
2024-04-15,Mixed Nuts 250g,Snacks,16,18.0,288.0,18,0,,,Monday,4,False
2024-04-16,Mixed Nuts 250g,Snacks,22,18.0,396.0,18,0,,,Tuesday,4,False
2024-04-17,Mixed Nuts 250g,Snacks,16,18.0,288.0,18,0,,,Wednesday,4,False
2024-04-18,Mixed Nuts 250g,Snacks,24,18.0,432.0,18,0,,,Thursday,4,False
2024-04-19,Mixed Nuts 250g,Snacks,26,18.0,468.0,18,0,,,Friday,4,True
2024-04-20,Mixed Nuts 250g,Snacks,29,18.0,522.0,18,0,,,Saturday,4,True
2024-04-21,Mixed Nuts 250g,Snacks,14,18.0,252.0,18,0,,,Sunday,4,False
2024-04-22,Mixed Nuts 250g,Snacks,18,18.0,324.0,18,0,,,Monday,4,False
2024-04-23,Mixed Nuts 250g,Snacks,22,18.0,396.0,18,0,,,Tuesday,4,False
2024-04-24,Mixed Nuts 250g,Snacks,19,18.0,342.0,18,0,,,Wednesday,4,False
2024-04-25,Mixed Nuts 250g,Snacks,20,18.0,360.0,18,0,,,Thursday,4,False
2024-04-26,Mixed Nuts 250g,Snacks,25,18.0,450.0,18,0,,,Friday,4,True
2024-04-27,Mixed Nuts 250g,Snacks,26,18.0,468.0,18,0,,,Saturday,4,True
2024-04-28,Mixed Nuts 250g,Snacks,20,18.0,360.0,18,0,,,Sunday,4,False
2024-04-29,Mixed Nuts 250g,Snacks,23,18.0,414.0,18,0,,,Monday,4,False
2024-04-30,Mixed Nuts 250g,Snacks,19,18.0,342.0,18,0,,,Tuesday,4,False
2024-05-01,Mixed Nuts 250g,Snacks,15,18.0,270.0,18,0,,,Wednesday,5,False
2024-05-02,Mixed Nuts 250g,Snacks,15,18.0,270.0,18,0,,,Thursday,5,False
2024-05-03,Mixed Nuts 250g,Snacks,31,18.0,558.0,18,0,,,Friday,5,True
2024-05-04,Mixed Nuts 250g,Snacks,29,18.0,522.0,18,0,,,Saturday,5,True
2024-05-05,Mixed Nuts 250g,Snacks,19,18.0,342.0,18,0,,,Sunday,5,False
2024-05-06,Mixed Nuts 250g,Snacks,18,18.0,324.0,18,0,,,Monday,5,False
2024-05-07,Mixed Nuts 250g,Snacks,22,18.0,396.0,18,0,,,Tuesday,5,False
2024-05-08,Mixed Nuts 250g,Snacks,18,18.0,324.0,18,0,,,Wednesday,5,False
2024-05-09,Mixed Nuts 250g,Snacks,16,18.0,288.0,18,0,,,Thursday,5,False
2024-05-10,Mixed Nuts 250g,Snacks,30,18.0,540.0,18,0,,,Friday,5,True
2024-05-11,Mixed Nuts 250g,Snacks,24,18.0,432.0,18,0,,,Saturday,5,True
2024-05-12,Mixed Nuts 250g,Snacks,17,18.0,306.0,18,0,,,Sunday,5,False
2024-05-13,Mixed Nuts 250g,Snacks,16,18.0,288.0,18,0,,,Monday,5,False
2024-05-14,Mixed Nuts 250g,Snacks,15,18.0,270.0,18,0,,,Tuesday,5,False
2024-05-15,Mixed Nuts 250g,Snacks,17,18.0,306.0,18,0,,,Wednesday,5,False
2024-05-16,Mixed Nuts 250g,Snacks,20,18.0,360.0,18,0,,,Thursday,5,False
2024-05-17,Mixed Nuts 250g,Snacks,22,18.0,396.0,18,0,,,Friday,5,True
2024-05-18,Mixed Nuts 250g,Snacks,22,18.0,396.0,18,0,,,Saturday,5,True
2024-05-19,Mixed Nuts 250g,Snacks,16,18.0,288.0,18,0,,,Sunday,5,False
2024-05-20,Mixed Nuts 250g,Snacks,11,18.0,198.0,18,0,,,Monday,5,False
2024-05-21,Mixed Nuts 250g,Snacks,16,18.0,288.0,18,0,,,Tuesday,5,False
2024-05-22,Mixed Nuts 250g,Snacks,20,18.0,360.0,18,0,,,Wednesday,5,False
2024-05-23,Mixed Nuts 250g,Snacks,21,18.0,378.0,18,0,,,Thursday,5,False
2024-05-24,Mixed Nuts 250g,Snacks,32,18.0,576.0,18,0,,,Friday,5,True
2024-05-25,Mixed Nuts 250g,Snacks,25,18.0,450.0,18,0,,,Saturday,5,True
2024-05-26,Mixed Nuts 250g,Snacks,19,18.0,342.0,18,0,,,Sunday,5,False
2024-05-27,Mixed Nuts 250g,Snacks,15,18.0,270.0,18,0,,,Monday,5,False
2024-05-28,Mixed Nuts 250g,Snacks,18,18.0,324.0,18,0,,,Tuesday,5,False
2024-05-29,Mixed Nuts 250g,Snacks,23,18.0,414.0,18,0,,,Wednesday,5,False
2024-05-30,Mixed Nuts 250g,Snacks,24,18.0,432.0,18,0,,,Thursday,5,False
2024-05-31,Mixed Nuts 250g,Snacks,33,18.0,594.0,18,0,,,Friday,5,True
2024-06-01,Mixed Nuts 250g,Snacks,24,18.0,432.0,18,0,,,Saturday,6,True
2024-06-02,Mixed Nuts 250g,Snacks,21,18.0,378.0,18,0,,,Sunday,6,False
2024-06-03,Mixed Nuts 250g,Snacks,16,18.0,288.0,18,0,,,Monday,6,False
2024-06-04,Mixed Nuts 250g,Snacks,19,18.0,342.0,18,0,,,Tuesday,6,False
2024-06-05,Mixed Nuts 250g,Snacks,24,18.0,432.0,18,0,,,Wednesday,6,False
2024-06-06,Mixed Nuts 250g,Snacks,16,18.0,288.0,18,0,,,Thursday,6,False
2024-06-07,Mixed Nuts 250g,Snacks,31,18.0,558.0,18,0,,,Friday,6,True
2024-06-08,Mixed Nuts 250g,Snacks,25,18.0,450.0,18,0,,,Saturday,6,True
2024-06-09,Mixed Nuts 250g,Snacks,24,18.0,432.0,18,0,,,Sunday,6,False
2024-06-10,Mixed Nuts 250g,Snacks,21,18.0,378.0,18,0,,,Monday,6,False
2024-06-11,Mixed Nuts 250g,Snacks,17,18.0,306.0,18,0,,,Tuesday,6,False
2024-06-12,Mixed Nuts 250g,Snacks,22,18.0,396.0,18,0,,,Wednesday,6,False
2024-06-13,Mixed Nuts 250g,Snacks,22,18.0,396.0,18,0,,,Thursday,6,False
2024-06-14,Mixed Nuts 250g,Snacks,28,18.0,504.0,18,0,,,Friday,6,True
2024-06-15,Mixed Nuts 250g,Snacks,28,18.0,504.0,18,0,,,Saturday,6,True
2024-06-16,Mixed Nuts 250g,Snacks,20,18.0,360.0,18,0,Eid Al-Adha 2024,,Sunday,6,False
2024-06-17,Mixed Nuts 250g,Snacks,19,18.0,342.0,18,0,Eid Al-Adha 2024,,Monday,6,False
2024-06-18,Mixed Nuts 250g,Snacks,19,18.0,342.0,18,0,Eid Al-Adha 2024,,Tuesday,6,False
2024-06-19,Mixed Nuts 250g,Snacks,33,18.0,594.0,18,0,Eid Al-Adha 2024,,Wednesday,6,False
2024-06-20,Mixed Nuts 250g,Snacks,20,18.0,360.0,18,0,,,Thursday,6,False
2024-06-21,Mixed Nuts 250g,Snacks,24,18.0,432.0,18,0,,,Friday,6,True
2024-06-22,Mixed Nuts 250g,Snacks,23,18.0,414.0,18,0,,,Saturday,6,True
2024-06-23,Mixed Nuts 250g,Snacks,24,18.0,432.0,18,0,,,Sunday,6,False
2024-06-24,Mixed Nuts 250g,Snacks,17,18.0,306.0,18,0,,,Monday,6,False
2024-06-25,Mixed Nuts 250g,Snacks,15,18.0,270.0,18,0,,,Tuesday,6,False
2024-06-26,Mixed Nuts 250g,Snacks,21,18.0,378.0,18,0,,,Wednesday,6,False
2024-06-27,Mixed Nuts 250g,Snacks,23,18.0,414.0,18,0,,,Thursday,6,False
2024-06-28,Mixed Nuts 250g,Snacks,28,18.0,504.0,18,0,,,Friday,6,True
2024-06-29,Mixed Nuts 250g,Snacks,23,18.0,414.0,18,0,,,Saturday,6,True
2024-06-30,Mixed Nuts 250g,Snacks,13,18.0,234.0,18,0,,,Sunday,6,False
2024-07-01,Mixed Nuts 250g,Snacks,17,18.0,306.0,18,0,,,Monday,7,False
2024-07-02,Mixed Nuts 250g,Snacks,19,18.0,342.0,18,0,,,Tuesday,7,False
2024-07-03,Mixed Nuts 250g,Snacks,20,18.0,360.0,18,0,,,Wednesday,7,False
2024-07-04,Mixed Nuts 250g,Snacks,17,18.0,306.0,18,0,,,Thursday,7,False
2024-07-05,Mixed Nuts 250g,Snacks,24,18.0,432.0,18,0,,,Friday,7,True
2024-07-06,Mixed Nuts 250g,Snacks,33,18.0,594.0,18,0,,,Saturday,7,True
2024-07-07,Mixed Nuts 250g,Snacks,22,18.0,396.0,18,0,,,Sunday,7,False
2024-07-08,Mixed Nuts 250g,Snacks,14,18.0,252.0,18,0,,,Monday,7,False
2024-07-09,Mixed Nuts 250g,Snacks,24,18.0,432.0,18,0,,,Tuesday,7,False
2024-07-10,Mixed Nuts 250g,Snacks,21,18.0,378.0,18,0,,,Wednesday,7,False
2024-07-11,Mixed Nuts 250g,Snacks,22,18.0,396.0,18,0,,,Thursday,7,False
2024-07-12,Mixed Nuts 250g,Snacks,28,18.0,504.0,18,0,,,Friday,7,True
2024-07-13,Mixed Nuts 250g,Snacks,24,18.0,432.0,18,0,,,Saturday,7,True
2024-07-14,Mixed Nuts 250g,Snacks,19,18.0,342.0,18,0,,,Sunday,7,False
2024-07-15,Mixed Nuts 250g,Snacks,15,18.0,270.0,18,0,,,Monday,7,False
2024-07-16,Mixed Nuts 250g,Snacks,19,18.0,342.0,18,0,,,Tuesday,7,False
2024-07-17,Mixed Nuts 250g,Snacks,25,18.0,450.0,18,0,,,Wednesday,7,False
2024-07-18,Mixed Nuts 250g,Snacks,5,18.0,90.0,18,0,,,Thursday,7,False
2024-07-19,Mixed Nuts 250g,Snacks,31,18.0,558.0,18,0,,,Friday,7,True
2024-07-20,Mixed Nuts 250g,Snacks,26,18.0,468.0,18,0,,,Saturday,7,True
2024-07-21,Mixed Nuts 250g,Snacks,15,18.0,270.0,18,0,,,Sunday,7,False
2024-07-22,Mixed Nuts 250g,Snacks,17,18.0,306.0,18,0,,,Monday,7,False
2024-07-23,Mixed Nuts 250g,Snacks,18,18.0,324.0,18,0,,,Tuesday,7,False
2024-07-24,Mixed Nuts 250g,Snacks,17,18.0,306.0,18,0,,,Wednesday,7,False
2024-07-25,Mixed Nuts 250g,Snacks,16,18.0,288.0,18,0,,,Thursday,7,False
2024-07-26,Mixed Nuts 250g,Snacks,27,18.0,486.0,18,0,,,Friday,7,True
2024-07-27,Mixed Nuts 250g,Snacks,29,18.0,522.0,18,0,,,Saturday,7,True
2024-07-28,Mixed Nuts 250g,Snacks,18,18.0,324.0,18,0,,,Sunday,7,False
2024-07-29,Mixed Nuts 250g,Snacks,20,18.0,360.0,18,0,,,Monday,7,False
2024-07-30,Mixed Nuts 250g,Snacks,21,18.0,378.0,18,0,,,Tuesday,7,False
2024-07-31,Mixed Nuts 250g,Snacks,20,18.0,360.0,18,0,,,Wednesday,7,False
2024-08-01,Mixed Nuts 250g,Snacks,22,18.0,396.0,18,0,,,Thursday,8,False
2024-08-02,Mixed Nuts 250g,Snacks,21,18.0,378.0,18,0,,,Friday,8,True
2024-08-03,Mixed Nuts 250g,Snacks,22,18.0,396.0,18,0,,,Saturday,8,True
2024-08-04,Mixed Nuts 250g,Snacks,21,18.0,378.0,18,0,,,Sunday,8,False
2024-08-05,Mixed Nuts 250g,Snacks,20,18.0,360.0,18,0,,,Monday,8,False
2024-08-06,Mixed Nuts 250g,Snacks,20,18.0,360.0,18,0,,,Tuesday,8,False
2024-08-07,Mixed Nuts 250g,Snacks,5,18.0,90.0,18,0,,,Wednesday,8,False
2024-08-08,Mixed Nuts 250g,Snacks,20,18.0,360.0,18,0,,,Thursday,8,False
2024-08-09,Mixed Nuts 250g,Snacks,26,18.0,468.0,18,0,,,Friday,8,True
2024-08-10,Mixed Nuts 250g,Snacks,27,18.0,486.0,18,0,,,Saturday,8,True
2024-08-11,Mixed Nuts 250g,Snacks,17,18.0,306.0,18,0,,,Sunday,8,False
2024-08-12,Mixed Nuts 250g,Snacks,20,18.0,360.0,18,0,,,Monday,8,False
2024-08-13,Mixed Nuts 250g,Snacks,12,18.0,216.0,18,0,,,Tuesday,8,False
2024-08-14,Mixed Nuts 250g,Snacks,19,18.0,342.0,18,0,,,Wednesday,8,False
2024-08-15,Mixed Nuts 250g,Snacks,20,18.0,360.0,18,0,,,Thursday,8,False
2024-08-16,Mixed Nuts 250g,Snacks,32,18.0,576.0,18,0,,,Friday,8,True
2024-08-17,Mixed Nuts 250g,Snacks,28,18.0,504.0,18,0,,,Saturday,8,True
2024-08-18,Mixed Nuts 250g,Snacks,18,18.0,324.0,18,0,,,Sunday,8,False
2024-08-19,Mixed Nuts 250g,Snacks,15,18.0,270.0,18,0,,,Monday,8,False
2024-08-20,Mixed Nuts 250g,Snacks,22,18.0,396.0,18,0,,,Tuesday,8,False
2024-08-21,Mixed Nuts 250g,Snacks,18,18.0,324.0,18,0,,,Wednesday,8,False
2024-08-22,Mixed Nuts 250g,Snacks,21,18.0,378.0,18,0,,,Thursday,8,False
2024-08-23,Mixed Nuts 250g,Snacks,8,18.0,144.0,18,0,,,Friday,8,True
2024-08-24,Mixed Nuts 250g,Snacks,25,18.0,450.0,18,0,,,Saturday,8,True
2024-08-25,Mixed Nuts 250g,Snacks,14,18.0,252.0,18,0,,,Sunday,8,False
2024-08-26,Mixed Nuts 250g,Snacks,17,18.0,306.0,18,0,,,Monday,8,False
2024-08-27,Mixed Nuts 250g,Snacks,16,18.0,288.0,18,0,,,Tuesday,8,False
2024-08-28,Mixed Nuts 250g,Snacks,20,18.0,360.0,18,0,,,Wednesday,8,False
2024-08-29,Mixed Nuts 250g,Snacks,17,18.0,306.0,18,0,,,Thursday,8,False
2024-08-30,Mixed Nuts 250g,Snacks,24,18.0,432.0,18,0,,,Friday,8,True
2024-08-31,Mixed Nuts 250g,Snacks,24,18.0,432.0,18,0,,,Saturday,8,True
2024-09-01,Mixed Nuts 250g,Snacks,21,18.0,378.0,18,0,Back to School 2024,,Sunday,9,False
2024-09-02,Mixed Nuts 250g,Snacks,26,18.0,468.0,18,0,Back to School 2024,,Monday,9,False
2024-09-03,Mixed Nuts 250g,Snacks,18,18.0,324.0,18,0,Back to School 2024,,Tuesday,9,False
2024-09-04,Mixed Nuts 250g,Snacks,20,18.0,360.0,18,0,Back to School 2024,,Wednesday,9,False
2024-09-05,Mixed Nuts 250g,Snacks,19,18.0,342.0,18,0,Back to School 2024,,Thursday,9,False
2024-09-06,Mixed Nuts 250g,Snacks,20,18.0,360.0,18,0,Back to School 2024,,Friday,9,True
