backend/scripts/synthetic_sales_data.csv
sale_date,product_name,category,quantity,unit_price,revenue,base_price,discount_pct,event,campaign,day_of_week,month,is_weekend
2024-09-07,Mixed Nuts 250g,Snacks,30,18.0,540.0,18,0,Back to School 2024,,Saturday,9,True
2024-09-08,Mixed Nuts 250g,Snacks,22,18.0,396.0,18,0,Back to School 2024,,Sunday,9,False
2024-09-09,Mixed Nuts 250g,Snacks,18,18.0,324.0,18,0,Back to School 2024,,Monday,9,False
2024-09-10,Mixed Nuts 250g,Snacks,26,18.0,468.0,18,0,Back to School 2024,,Tuesday,9,False
2024-09-11,Mixed Nuts 250g,Snacks,23,18.0,414.0,18,0,Back to School 2024,,Wednesday,9,False
2024-09-12,Mixed Nuts 250g,Snacks,31,18.0,558.0,18,0,Back to School 2024,,Thursday,9,False
2024-09-13,Mixed Nuts 250g,Snacks,22,18.0,396.0,18,0,Back to School 2024,,Friday,9,True
2024-09-14,Mixed Nuts 250g,Snacks,27,18.0,486.0,18,0,Back to School 2024,,Saturday,9,True
2024-09-15,Mixed Nuts 250g,Snacks,27,18.0,486.0,18,0,Back to School 2024,,Sunday,9,False
2024-09-16,Mixed Nuts 250g,Snacks,19,18.0,342.0,18,0,,,Monday,9,False
2024-09-17,Mixed Nuts 250g,Snacks,19,18.0,342.0,18,0,,,Tuesday,9,False
2024-09-18,Mixed Nuts 250g,Snacks,18,18.0,324.0,18,0,,,Wednesday,9,False
2024-09-19,Mixed Nuts 250g,Snacks,21,18.0,378.0,18,0,,,Thursday,9,False
2024-09-20,Mixed Nuts 250g,Snacks,24,18.0,432.0,18,0,,,Friday,9,True
2024-09-21,Mixed Nuts 250g,Snacks,27,18.0,486.0,18,0,,,Saturday,9,True
2024-09-22,Mixed Nuts 250g,Snacks,23,18.0,414.0,18,0,,,Sunday,9,False
2024-09-23,Mixed Nuts 250g,Snacks,21,18.0,378.0,18,0,,,Monday,9,False
2024-09-24,Mixed Nuts 250g,Snacks,31,18.0,558.0,18,0,,,Tuesday,9,False
2024-09-25,Mixed Nuts 250g,Snacks,20,18.0,360.0,18,0,,,Wednesday,9,False
2024-09-26,Mixed Nuts 250g,Snacks,22,18.0,396.0,18,0,,,Thursday,9,False
2024-09-27,Mixed Nuts 250g,Snacks,23,18.0,414.0,18,0,,,Friday,9,True
2024-09-28,Mixed Nuts 250g,Snacks,29,18.0,522.0,18,0,,,Saturday,9,True
2024-09-29,Mixed Nuts 250g,Snacks,23,18.0,414.0,18,0,,,Sunday,9,False
2024-09-30,Mixed Nuts 250g,Snacks,19,18.0,342.0,18,0,,,Monday,9,False
2024-10-01,Mixed Nuts 250g,Snacks,21,18.0,378.0,18,0,,,Tuesday,10,False
2024-10-02,Mixed Nuts 250g,Snacks,15,18.0,270.0,18,0,,,Wednesday,10,False
2024-10-03,Mixed Nuts 250g,Snacks,16,18.0,288.0,18,0,,,Thursday,10,False
2024-10-04,Mixed Nuts 250g,Snacks,30,18.0,540.0,18,0,,,Friday,10,True
2024-10-05,Mixed Nuts 250g,Snacks,25,18.0,450.0,18,0,,,Saturday,10,True
2024-10-06,Mixed Nuts 250g,Snacks,17,18.0,306.0,18,0,,,Sunday,10,False
2024-10-07,Mixed Nuts 250g,Snacks,18,18.0,324.0,18,0,,,Monday,10,False
2024-10-08,Mixed Nuts 250g,Snacks,20,18.0,360.0,18,0,,,Tuesday,10,False
2024-10-09,Mixed Nuts 250g,Snacks,15,18.0,270.0,18,0,,,Wednesday,10,False
2024-10-10,Mixed Nuts 250g,Snacks,22,18.0,396.0,18,0,,,Thursday,10,False
2024-10-11,Mixed Nuts 250g,Snacks,25,18.0,450.0,18,0,,,Friday,10,True
2024-10-12,Mixed Nuts 250g,Snacks,25,18.0,450.0,18,0,,,Saturday,10,True
2024-10-13,Mixed Nuts 250g,Snacks,21,18.0,378.0,18,0,,,Sunday,10,False
2024-10-14,Mixed Nuts 250g,Snacks,16,18.0,288.0,18,0,,,Monday,10,False
2024-10-15,Mixed Nuts 250g,Snacks,17,18.0,306.0,18,0,,,Tuesday,10,False
2024-10-16,Mixed Nuts 250g,Snacks,18,18.0,324.0,18,0,,,Wednesday,10,False
2024-10-17,Mixed Nuts 250g,Snacks,23,18.0,414.0,18,0,,,Thursday,10,False
2024-10-18,Mixed Nuts 250g,Snacks,32,18.0,576.0,18,0,,,Friday,10,True
2024-10-19,Mixed Nuts 250g,Snacks,26,18.0,468.0,18,0,,,Saturday,10,True
2024-10-20,Mixed Nuts 250g,Snacks,18,18.0,324.0,18,0,,,Sunday,10,False
2024-10-21,Mixed Nuts 250g,Snacks,15,18.0,270.0,18,0,,,Monday,10,False
2024-10-22,Mixed Nuts 250g,Snacks,16,18.0,288.0,18,0,,,Tuesday,10,False
2024-10-23,Mixed Nuts 250g,Snacks,21,18.0,378.0,18,0,,,Wednesday,10,False
2024-10-24,Mixed Nuts 250g,Snacks,19,18.0,342.0,18,0,,,Thursday,10,False
2024-10-25,Mixed Nuts 250g,Snacks,32,18.0,576.0,18,0,,,Friday,10,True
2024-10-26,Mixed Nuts 250g,Snacks,28,18.0,504.0,18,0,,,Saturday,10,True
2024-10-27,Mixed Nuts 250g,Snacks,18,18.0,324.0,18,0,,,Sunday,10,False
2024-10-28,Mixed Nuts 250g,Snacks,5,18.0,90.0,18,0,,,Monday,10,False
2024-10-29,Mixed Nuts 250g,Snacks,19,18.0,342.0,18,0,,,Tuesday,10,False
2024-10-30,Mixed Nuts 250g,Snacks,15,18.0,270.0,18,0,,,Wednesday,10,False
2024-10-31,Mixed Nuts 250g,Snacks,26,18.0,468.0,18,0,,,Thursday,10,False
2024-11-01,Mixed Nuts 250g,Snacks,25,18.0,450.0,18,0,,,Friday,11,True
2024-11-02,Mixed Nuts 250g,Snacks,28,18.0,504.0,18,0,,,Saturday,11,True
2024-11-03,Mixed Nuts 250g,Snacks,22,18.0,396.0,18,0,,,Sunday,11,False
2024-11-04,Mixed Nuts 250g,Snacks,20,18.0,360.0,18,0,,,Monday,11,False
2024-11-05,Mixed Nuts 250g,Snacks,23,18.0,414.0,18,0,,,Tuesday,11,False
2024-11-06,Mixed Nuts 250g,Snacks,20,18.0,360.0,18,0,,,Wednesday,11,False
2024-11-07,Mixed Nuts 250g,Snacks,22,18.0,396.0,18,0,,,Thursday,11,False
2024-11-08,Mixed Nuts 250g,Snacks,30,18.0,540.0,18,0,,,Friday,11,True
2024-11-09,Mixed Nuts 250g,Snacks,26,18.0,468.0,18,0,,,Saturday,11,True
2024-11-10,Mixed Nuts 250g,Snacks,25,18.0,450.0,18,0,,,Sunday,11,False
2024-11-11,Mixed Nuts 250g,Snacks,14,18.0,252.0,18,0,,,Monday,11,False
2024-11-12,Mixed Nuts 250g,Snacks,19,18.0,342.0,18,0,,,Tuesday,11,False
2024-11-13,Mixed Nuts 250g,Snacks,19,18.0,342.0,18,0,,,Wednesday,11,False
2024-11-14,Mixed Nuts 250g,Snacks,20,18.0,360.0,18,0,,,Thursday,11,False
2024-11-15,Mixed Nuts 250g,Snacks,22,18.0,396.0,18,0,,,Friday,11,True
2024-11-16,Mixed Nuts 250g,Snacks,28,18.0,504.0,18,0,,,Saturday,11,True
2024-11-17,Mixed Nuts 250g,Snacks,24,18.0,432.0,18,0,,,Sunday,11,False
2024-11-18,Mixed Nuts 250g,Snacks,17,18.0,306.0,18,0,,,Monday,11,False
2024-11-19,Mixed Nuts 250g,Snacks,21,18.0,378.0,18,0,,,Tuesday,11,False
2024-11-20,Mixed Nuts 250g,Snacks,16,18.0,288.0,18,0,,,Wednesday,11,False
2024-11-21,Mixed Nuts 250g,Snacks,24,18.0,432.0,18,0,,,Thursday,11,False
2024-11-22,Mixed Nuts 250g,Snacks,32,18.0,576.0,18,0,,,Friday,11,True
2024-11-23,Mixed Nuts 250g,Snacks,26,18.0,468.0,18,0,,,Saturday,11,True
2024-11-24,Mixed Nuts 250g,Snacks,20,18.0,360.0,18,0,,,Sunday,11,False
2024-11-25,Mixed Nuts 250g,Snacks,18,18.0,324.0,18,0,,,Monday,11,False
2024-11-26,Mixed Nuts 250g,Snacks,22,18.0,396.0,18,0,,,Tuesday,11,False
2024-11-27,Mixed Nuts 250g,Snacks,20,18.0,360.0,18,0,,,Wednesday,11,False
2024-11-28,Mixed Nuts 250g,Snacks,22,18.0,396.0,18,0,,,Thursday,11,False
2024-11-29,Mixed Nuts 250g,Snacks,26,18.0,468.0,18,0,,,Friday,11,True
2024-11-30,Mixed Nuts 250g,Snacks,23,18.0,414.0,18,0,,,Saturday,11,True
2024-12-01,Mixed Nuts 250g,Snacks,19,18.0,342.0,18,0,,,Sunday,12,False
2024-12-02,Mixed Nuts 250g,Snacks,18,18.0,324.0,18,0,,,Monday,12,False
2024-12-03,Mixed Nuts 250g,Snacks,21,18.0,378.0,18,0,,,Tuesday,12,False
2024-12-04,Mixed Nuts 250g,Snacks,22,18.0,396.0,18,0,,,Wednesday,12,False
2024-12-05,Mixed Nuts 250g,Snacks,19,18.0,342.0,18,0,,,Thursday,12,False
2024-12-06,Mixed Nuts 250g,Snacks,35,18.0,630.0,18,0,,,Friday,12,True
2024-12-07,Mixed Nuts 250g,Snacks,28,18.0,504.0,18,0,,,Saturday,12,True
2024-12-08,Mixed Nuts 250g,Snacks,23,18.0,414.0,18,0,,,Sunday,12,False
2024-12-09,Mixed Nuts 250g,Snacks,19,18.0,342.0,18,0,,,Monday,12,False
2024-12-10,Mixed Nuts 250g,Snacks,23,18.0,414.0,18,0,,,Tuesday,12,False
2024-12-11,Mixed Nuts 250g,Snacks,24,18.0,432.0,18,0,,,Wednesday,12,False
2024-12-12,Mixed Nuts 250g,Snacks,19,18.0,342.0,18,0,,,Thursday,12,False
2024-12-13,Mixed Nuts 250g,Snacks,26,18.0,468.0,18,0,,,Friday,12,True
2024-12-14,Mixed Nuts 250g,Snacks,20,18.0,360.0,18,0,,,Saturday,12,True
2024-12-15,Mixed Nuts 250g,Snacks,13,18.0,234.0,18,0,,,Sunday,12,False
2024-12-16,Mixed Nuts 250g,Snacks,16,18.0,288.0,18,0,,,Monday,12,False
2024-12-17,Mixed Nuts 250g,Snacks,21,18.0,378.0,18,0,,,Tuesday,12,False
2024-12-18,Mixed Nuts 250g,Snacks,18,18.0,324.0,18,0,,,Wednesday,12,False
2024-12-19,Mixed Nuts 250g,Snacks,22,18.0,396.0,18,0,,,Thursday,12,False
2024-12-20,Mixed Nuts 250g,Snacks,29,18.0,522.0,18,0,Christmas 2024,,Friday,12,True
2024-12-21,Mixed Nuts 250g,Snacks,26,18.0,468.0,18,0,Christmas 2024,,Saturday,12,True
2024-12-22,Mixed Nuts 250g,Snacks,17,18.0,306.0,18,0,Christmas 2024,,Sunday,12,False
2024-12-23,Mixed Nuts 250g,Snacks,20,18.0,360.0,18,0,Christmas 2024,,Monday,12,False
2024-12-24,Mixed Nuts 250g,Snacks,24,18.0,432.0,18,0,Christmas 2024,,Tuesday,12,False
2024-12-25,Mixed Nuts 250g,Snacks,22,18.0,396.0,18,0,Christmas 2024,,Wednesday,12,False
2024-12-26,Mixed Nuts 250g,Snacks,26,18.0,468.0,18,0,Christmas 2024,,Thursday,12,False
2024-12-27,Mixed Nuts 250g,Snacks,23,18.0,414.0,18,0,,,Friday,12,True
2024-12-28,Mixed Nuts 250g,Snacks,26,18.0,468.0,18,0,,,Saturday,12,True
2024-12-29,Mixed Nuts 250g,Snacks,18,18.0,324.0,18,0,,,Sunday,12,False
2024-12-30,Mixed Nuts 250g,Snacks,17,18.0,306.0,18,0,,,Monday,12,False
2024-12-31,Mixed Nuts 250g,Snacks,24,18.0,432.0,18,0,,,Tuesday,12,False
2025-01-01,Mixed Nuts 250g,Snacks,18,12.6,226.8,18,30,,New Year Flash Sale 2025,Wednesday,1,False
2025-01-02,Mixed Nuts 250g,Snacks,17,12.6,214.2,18,30,,New Year Flash Sale 2025,Thursday,1,False
2025-01-03,Mixed Nuts 250g,Snacks,27,12.6,340.2,18,30,,New Year Flash Sale 2025,Friday,1,True
2025-01-04,Mixed Nuts 250g,Snacks,27,12.6,340.2,18,30,,New Year Flash Sale 2025,Saturday,1,True
2025-01-05,Mixed Nuts 250g,Snacks,22,12.6,277.2,18,30,,New Year Flash Sale 2025,Sunday,1,False
2025-01-06,Mixed Nuts 250g,Snacks,19,18.0,342.0,18,0,,,Monday,1,False
2025-01-07,Mixed Nuts 250g,Snacks,20,18.0,360.0,18,0,,,Tuesday,1,False
2025-01-08,Mixed Nuts 250g,Snacks,20,18.0,360.0,18,0,,,Wednesday,1,False
2025-01-09,Mixed Nuts 250g,Snacks,16,18.0,288.0,18,0,,,Thursday,1,False
2025-01-10,Mixed Nuts 250g,Snacks,30,18.0,540.0,18,0,,,Friday,1,True
2025-01-11,Mixed Nuts 250g,Snacks,27,18.0,486.0,18,0,,,Saturday,1,True
2025-01-12,Mixed Nuts 250g,Snacks,21,18.0,378.0,18,0,,,Sunday,1,False
2025-01-13,Mixed Nuts 250g,Snacks,18,18.0,324.0,18,0,,,Monday,1,False
2025-01-14,Mixed Nuts 250g,Snacks,16,18.0,288.0,18,0,,,Tuesday,1,False
2025-01-15,Mixed Nuts 250g,Snacks,23,18.0,414.0,18,0,,,Wednesday,1,False
2025-01-16,Mixed Nuts 250g,Snacks,20,18.0,360.0,18,0,,,Thursday,1,False
2025-01-17,Mixed Nuts 250g,Snacks,23,18.0,414.0,18,0,,,Friday,1,True
2025-01-18,Mixed Nuts 250g,Snacks,21,18.0,378.0,18,0,,,Saturday,1,True
2025-01-19,Mixed Nuts 250g,Snacks,19,18.0,342.0,18,0,,,Sunday,1,False
2025-01-20,Mixed Nuts 250g,Snacks,15,18.0,270.0,18,0,,,Monday,1,False
2025-01-21,Mixed Nuts 250g,Snacks,24,18.0,432.0,18,0,,,Tuesday,1,False
2025-01-22,Mixed Nuts 250g,Snacks,20,18.0,360.0,18,0,,,Wednesday,1,False
2025-01-23,Mixed Nuts 250g,Snacks,21,18.0,378.0,18,0,,,Thursday,1,False
2025-01-24,Mixed Nuts 250g,Snacks,26,18.0,468.0,18,0,,,Friday,1,True
2025-01-25,Mixed Nuts 250g,Snacks,32,18.0,576.0,18,0,,,Saturday,1,True
2025-01-26,Mixed Nuts 250g,Snacks,23,18.0,414.0,18,0,,,Sunday,1,False
2025-01-27,Mixed Nuts 250g,Snacks,16,18.0,288.0,18,0,,,Monday,1,False
2025-01-28,Mixed Nuts 250g,Snacks,19,18.0,342.0,18,0,,,Tuesday,1,False
2025-01-29,Mixed Nuts 250g,Snacks,22,18.0,396.0,18,0,,,Wednesday,1,False
2025-01-30,Mixed Nuts 250g,Snacks,21,18.0,378.0,18,0,,,Thursday,1,False
2025-01-31,Mixed Nuts 250g,Snacks,21,18.0,378.0,18,0,,,Friday,1,True
2025-02-01,Mixed Nuts 250g,Snacks,29,18.0,522.0,18,0,,,Saturday,2,True
2025-02-02,Mixed Nuts 250g,Snacks,20,18.0,360.0,18,0,,,Sunday,2,False
2025-02-03,Mixed Nuts 250g,Snacks,18,18.0,324.0,18,0,,,Monday,2,False
2025-02-04,Mixed Nuts 250g,Snacks,20,18.0,360.0,18,0,,,Tuesday,2,False
2025-02-05,Mixed Nuts 250g,Snacks,20,18.0,360.0,18,0,,,Wednesday,2,False
2025-02-06,Mixed Nuts 250g,Snacks,16,18.0,288.0,18,0,,,Thursday,2,False
2025-02-07,Mixed Nuts 250g,Snacks,29,18.0,522.0,18,0,,,Friday,2,True
2025-02-08,Mixed Nuts 250g,Snacks,27,18.0,486.0,18,0,,,Saturday,2,True
2025-02-09,Mixed Nuts 250g,Snacks,14,18.0,252.0,18,0,,,Sunday,2,False
2025-02-10,Mixed Nuts 250g,Snacks,18,18.0,324.0,18,0,,,Monday,2,False
2025-02-11,Mixed Nuts 250g,Snacks,17,18.0,306.0,18,0,,,Tuesday,2,False
2025-02-12,Mixed Nuts 250g,Snacks,20,18.0,360.0,18,0,,,Wednesday,2,False
2025-02-13,Mixed Nuts 250g,Snacks,20,18.0,360.0,18,0,,,Thursday,2,False
2025-02-14,Mixed Nuts 250g,Snacks,26,18.0,468.0,18,0,,,Friday,2,True
2025-02-15,Mixed Nuts 250g,Snacks,36,18.0,648.0,18,0,,,Saturday,2,True
2025-02-16,Mixed Nuts 250g,Snacks,20,18.0,360.0,18,0,,,Sunday,2,False
2025-02-17,Mixed Nuts 250g,Snacks,20,18.0,360.0,18,0,,,Monday,2,False
2025-02-18,Mixed Nuts 250g,Snacks,25,18.0,450.0,18,0,,,Tuesday,2,False
2025-02-19,Mixed Nuts 250g,Snacks,18,18.0,324.0,18,0,,,Wednesday,2,False
2025-02-20,Mixed Nuts 250g,Snacks,18,18.0,324.0,18,0,,,Thursday,2,False
2025-02-21,Mixed Nuts 250g,Snacks,10,18.0,180.0,18,0,,,Friday,2,True
2025-02-22,Mixed Nuts 250g,Snacks,27,18.0,486.0,18,0,,,Saturday,2,True
2025-02-23,Mixed Nuts 250g,Snacks,23,18.0,414.0,18,0,,,Sunday,2,False
2025-02-24,Mixed Nuts 250g,Snacks,19,18.0,342.0,18,0,,,Monday,2,False
2025-02-25,Mixed Nuts 250g,Snacks,17,18.0,306.0,18,0,,,Tuesday,2,False
2025-02-26,Mixed Nuts 250g,Snacks,18,18.0,324.0,18,0,,,Wednesday,2,False
2025-02-27,Mixed Nuts 250g,Snacks,21,18.0,378.0,18,0,,,Thursday,2,False
2025-02-28,Mixed Nuts 250g,Snacks,53,18.0,954.0,18,0,Ramadan 2025,,Friday,2,True
2025-03-01,Mixed Nuts 250g,Snacks,48,18.0,864.0,18,0,Ramadan 2025,,Saturday,3,True
2025-03-02,Mixed Nuts 250g,Snacks,34,18.0,612.0,18,0,Ramadan 2025,,Sunday,3,False
2025-03-03,Mixed Nuts 250g,Snacks,27,18.0,486.0,18,0,Ramadan 2025,,Monday,3,False
2025-03-04,Mixed Nuts 250g,Snacks,31,18.0,558.0,18,0,Ramadan 2025,,Tuesday,3,False
2025-03-05,Mixed Nuts 250g,Snacks,42,18.0,756.0,18,0,Ramadan 2025,,Wednesday,3,False
2025-03-06,Mixed Nuts 250g,Snacks,45,18.0,810.0,18,0,Ramadan 2025,,Thursday,3,False
2025-03-07,Mixed Nuts 250g,Snacks,45,18.0,810.0,18,0,Ramadan 2025,,Friday,3,True
2025-03-08,Mixed Nuts 250g,Snacks,65,18.0,1170.0,18,0,Ramadan 2025,,Saturday,3,True
2025-03-09,Mixed Nuts 250g,Snacks,44,18.0,792.0,18,0,Ramadan 2025,,Sunday,3,False
2025-03-10,Mixed Nuts 250g,Snacks,34,18.0,612.0,18,0,Ramadan 2025,,Monday,3,False
2025-03-11,Mixed Nuts 250g,Snacks,41,18.0,738.0,18,0,Ramadan 2025,,Tuesday,3,False
2025-03-12,Mixed Nuts 250g,Snacks,31,18.0,558.0,18,0,Ramadan 2025,,Wednesday,3,False
2025-03-13,Mixed Nuts 250g,Snacks,40,18.0,720.0,18,0,Ramadan 2025,,Thursday,3,False
2025-03-14,Mixed Nuts 250g,Snacks,39,18.0,702.0,18,0,Ramadan 2025,,Friday,3,True
2025-03-15,Mixed Nuts 250g,Snacks,62,18.0,1116.0,18,0,Ramadan 2025,,Saturday,3,True
2025-03-16,Mixed Nuts 250g,Snacks,39,18.0,702.0,18,0,Ramadan 2025,,Sunday,3,False
2025-03-17,Mixed Nuts 250g,Snacks,29,18.0,522.0,18,0,Ramadan 2025,,Monday,3,False
2025-03-18,Mixed Nuts 250g,Snacks,40,18.0,720.0,18,0,Ramadan 2025,,Tuesday,3,False
2025-03-19,Mixed Nuts 250g,Snacks,40,18.0,720.0,18,0,Ramadan 2025,,Wednesday,3,False
2025-03-20,Mixed Nuts 250g,Snacks,33,18.0,594.0,18,0,Ramadan 2025,,Thursday,3,False
2025-03-21,Mixed Nuts 250g,Snacks,52,18.0,936.0,18,0,Ramadan 2025,,Friday,3,True
2025-03-22,Mixed Nuts 250g,Snacks,39,18.0,702.0,18,0,Ramadan 2025,,Saturday,3,True
2025-03-23,Mixed Nuts 250g,Snacks,38,18.0,684.0,18,0,Ramadan 2025,,Sunday,3,False
2025-03-24,Mixed Nuts 250g,Snacks,32,18.0,576.0,18,0,Ramadan 2025,,Monday,3,False
2025-03-25,Mixed Nuts 250g,Snacks,33,18.0,594.0,18,0,Ramadan 2025,,Tuesday,3,False
2025-03-26,Mixed Nuts 250g,Snacks,41,18.0,738.0,18,0,Ramadan 2025,,Wednesday,3,False
2025-03-27,Mixed Nuts 250g,Snacks,32,18.0,576.0,18,0,Ramadan 2025,,Thursday,3,False
2025-03-28,Mixed Nuts 250g,Snacks,55,18.0,990.0,18,0,Ramadan 2025,,Friday,3,True
2025-03-29,Mixed Nuts 250g,Snacks,47,18.0,846.0,18,0,Ramadan 2025,,Saturday,3,True
2025-03-30,Mixed Nuts 250g,Snacks,10,18.0,180.0,18,0,Eid Al-Fitr 2025,,Sunday,3,False
2025-03-31,Mixed Nuts 250g,Snacks,26,18.0,468.0,18,0,Eid Al-Fitr 2025,,Monday,3,False
2025-04-01,Mixed Nuts 250g,Snacks,31,18.0,558.0,18,0,Eid Al-Fitr 2025,,Tuesday,4,False
2025-04-02,Mixed Nuts 250g,Snacks,23,18.0,414.0,18,0,,,Wednesday,4,False
2025-04-03,Mixed Nuts 250g,Snacks,15,18.0,270.0,18,0,,,Thursday,4,False
2025-04-04,Mixed Nuts 250g,Snacks,29,18.0,522.0,18,0,,,Friday,4,True
2025-04-05,Mixed Nuts 250g,Snacks,27,18.0,486.0,18,0,,,Saturday,4,True
2025-04-06,Mixed Nuts 250g,Snacks,22,18.0,396.0,18,0,,,Sunday,4,False
2025-04-07,Mixed Nuts 250g,Snacks,20,18.0,360.0,18,0,,,Monday,4,False
2025-04-08,Mixed Nuts 250g,Snacks,21,18.0,378.0,18,0,,,Tuesday,4,False
2025-04-09,Mixed Nuts 250g,Snacks,19,18.0,342.0,18,0,,,Wednesday,4,False
2025-04-10,Mixed Nuts 250g,Snacks,22,18.0,396.0,18,0,,,Thursday,4,False
2025-04-11,Mixed Nuts 250g,Snacks,31,18.0,558.0,18,0,,,Friday,4,True
2025-04-12,Mixed Nuts 250g,Snacks,18,18.0,324.0,18,0,,,Saturday,4,True
2025-04-13,Mixed Nuts 250g,Snacks,24,18.0,432.0,18,0,,,Sunday,4,False
2025-04-14,Mixed Nuts 250g,Snacks,16,18.0,288.0,18,0,,,Monday,4,False
2025-04-15,Mixed Nuts 250g,Snacks,18,18.0,324.0,18,0,,,Tuesday,4,False
2025-04-16,Mixed Nuts 250g,Snacks,21,18.0,378.0,18,0,,,Wednesday,4,False
2025-04-17,Mixed Nuts 250g,Snacks,21,18.0,378.0,18,0,,,Thursday,4,False
2025-04-18,Mixed Nuts 250g,Snacks,25,18.0,450.0,18,0,,,Friday,4,True
2025-04-19,Mixed Nuts 250g,Snacks,23,18.0,414.0,18,0,,,Saturday,4,True
2025-04-20,Mixed Nuts 250g,Snacks,17,18.0,306.0,18,0,,,Sunday,4,False
2025-04-21,Mixed Nuts 250g,Snacks,19,18.0,342.0,18,0,,,Monday,4,False
2025-04-22,Mixed Nuts 250g,Snacks,18,18.0,324.0,18,0,,,Tuesday,4,False
2025-04-23,Mixed Nuts 250g,Snacks,19,18.0,342.0,18,0,,,Wednesday,4,False
2025-04-24,Mixed Nuts 250g,Snacks,15,18.0,270.0,18,0,,,Thursday,4,False
2025-04-25,Mixed Nuts 250g,Snacks,19,18.0,342.0,18,0,,,Friday,4,True
2025-04-26,Mixed Nuts 250g,Snacks,31,18.0,558.0,18,0,,,Saturday,4,True
2025-04-27,Mixed Nuts 250g,Snacks,18,18.0,324.0,18,0,,,Sunday,4,False
2025-04-28,Mixed Nuts 250g,Snacks,19,18.0,342.0,18,0,,,Monday,4,False
2025-04-29,Mixed Nuts 250g,Snacks,18,18.0,324.0,18,0,,,Tuesday,4,False
2025-04-30,Mixed Nuts 250g,Snacks,16,18.0,288.0,18,0,,,Wednesday,4,False
2025-05-01,Mixed Nuts 250g,Snacks,23,18.0,414.0,18,0,,,Thursday,5,False
2025-05-02,Mixed Nuts 250g,Snacks,32,18.0,576.0,18,0,,,Friday,5,True
2025-05-03,Mixed Nuts 250g,Snacks,15,18.0,270.0,18,0,,,Saturday,5,True
