backend/scripts/synthetic_sales_data.csv
sale_date,product_name,category,quantity,unit_price,revenue,base_price,discount_pct,event,campaign,day_of_week,month,is_weekend
2024-09-06,Honey 500g,Sweeteners,22,30.0,660.0,30,0,Back to School 2024,,Friday,9,True
2024-09-07,Honey 500g,Sweeteners,23,30.0,690.0,30,0,Back to School 2024,,Saturday,9,True
2024-09-08,Honey 500g,Sweeteners,12,30.0,360.0,30,0,Back to School 2024,,Sunday,9,False
2024-09-09,Honey 500g,Sweeteners,16,30.0,480.0,30,0,Back to School 2024,,Monday,9,False
2024-09-10,Honey 500g,Sweeteners,17,30.0,510.0,30,0,Back to School 2024,,Tuesday,9,False
2024-09-11,Honey 500g,Sweeteners,16,30.0,480.0,30,0,Back to School 2024,,Wednesday,9,False
2024-09-12,Honey 500g,Sweeteners,17,30.0,510.0,30,0,Back to School 2024,,Thursday,9,False
2024-09-13,Honey 500g,Sweeteners,20,30.0,600.0,30,0,Back to School 2024,,Friday,9,True
2024-09-14,Honey 500g,Sweeteners,20,30.0,600.0,30,0,Back to School 2024,,Saturday,9,True
2024-09-15,Honey 500g,Sweeteners,17,30.0,510.0,30,0,Back to School 2024,,Sunday,9,False
2024-09-16,Honey 500g,Sweeteners,15,30.0,450.0,30,0,,,Monday,9,False
2024-09-17,Honey 500g,Sweeteners,14,30.0,420.0,30,0,,,Tuesday,9,False
2024-09-18,Honey 500g,Sweeteners,12,30.0,360.0,30,0,,,Wednesday,9,False
2024-09-19,Honey 500g,Sweeteners,12,30.0,360.0,30,0,,,Thursday,9,False
2024-09-20,Honey 500g,Sweeteners,21,30.0,630.0,30,0,,,Friday,9,True
2024-09-21,Honey 500g,Sweeteners,15,30.0,450.0,30,0,,,Saturday,9,True
2024-09-22,Honey 500g,Sweeteners,16,30.0,480.0,30,0,,,Sunday,9,False
2024-09-23,Honey 500g,Sweeteners,14,30.0,420.0,30,0,,,Monday,9,False
2024-09-24,Honey 500g,Sweeteners,19,30.0,570.0,30,0,,,Tuesday,9,False
2024-09-25,Honey 500g,Sweeteners,13,30.0,390.0,30,0,,,Wednesday,9,False
2024-09-26,Honey 500g,Sweeteners,18,30.0,540.0,30,0,,,Thursday,9,False
2024-09-27,Honey 500g,Sweeteners,19,30.0,570.0,30,0,,,Friday,9,True
2024-09-28,Honey 500g,Sweeteners,20,30.0,600.0,30,0,,,Saturday,9,True
2024-09-29,Honey 500g,Sweeteners,18,30.0,540.0,30,0,,,Sunday,9,False
2024-09-30,Honey 500g,Sweeteners,15,30.0,450.0,30,0,,,Monday,9,False
2024-10-01,Honey 500g,Sweeteners,14,30.0,420.0,30,0,,,Tuesday,10,False
2024-10-02,Honey 500g,Sweeteners,11,30.0,330.0,30,0,,,Wednesday,10,False
2024-10-03,Honey 500g,Sweeteners,13,30.0,390.0,30,0,,,Thursday,10,False
2024-10-04,Honey 500g,Sweeteners,21,30.0,630.0,30,0,,,Friday,10,True
2024-10-05,Honey 500g,Sweeteners,23,30.0,690.0,30,0,,,Saturday,10,True
2024-10-06,Honey 500g,Sweeteners,14,30.0,420.0,30,0,,,Sunday,10,False
2024-10-07,Honey 500g,Sweeteners,12,30.0,360.0,30,0,,,Monday,10,False
2024-10-08,Honey 500g,Sweeteners,14,30.0,420.0,30,0,,,Tuesday,10,False
2024-10-09,Honey 500g,Sweeteners,15,30.0,450.0,30,0,,,Wednesday,10,False
2024-10-10,Honey 500g,Sweeteners,16,30.0,480.0,30,0,,,Thursday,10,False
2024-10-11,Honey 500g,Sweeteners,24,30.0,720.0,30,0,,,Friday,10,True
2024-10-12,Honey 500g,Sweeteners,13,30.0,390.0,30,0,,,Saturday,10,True
2024-10-13,Honey 500g,Sweeteners,16,30.0,480.0,30,0,,,Sunday,10,False
2024-10-14,Honey 500g,Sweeteners,14,30.0,420.0,30,0,,,Monday,10,False
2024-10-15,Honey 500g,Sweeteners,9,30.0,270.0,30,0,,,Tuesday,10,False
2024-10-16,Honey 500g,Sweeteners,12,30.0,360.0,30,0,,,Wednesday,10,False
2024-10-17,Honey 500g,Sweeteners,13,30.0,390.0,30,0,,,Thursday,10,False
2024-10-18,Honey 500g,Sweeteners,23,30.0,690.0,30,0,,,Friday,10,True
2024-10-19,Honey 500g,Sweeteners,17,30.0,510.0,30,0,,,Saturday,10,True
2024-10-20,Honey 500g,Sweeteners,15,30.0,450.0,30,0,,,Sunday,10,False
2024-10-21,Honey 500g,Sweeteners,10,30.0,300.0,30,0,,,Monday,10,False
2024-10-22,Honey 500g,Sweeteners,14,30.0,420.0,30,0,,,Tuesday,10,False
2024-10-23,Honey 500g,Sweeteners,12,30.0,360.0,30,0,,,Wednesday,10,False
2024-10-24,Honey 500g,Sweeteners,16,30.0,480.0,30,0,,,Thursday,10,False
2024-10-25,Honey 500g,Sweeteners,25,30.0,750.0,30,0,,,Friday,10,True
2024-10-26,Honey 500g,Sweeteners,22,30.0,660.0,30,0,,,Saturday,10,True
2024-10-27,Honey 500g,Sweeteners,12,30.0,360.0,30,0,,,Sunday,10,False
2024-10-28,Honey 500g,Sweeteners,10,30.0,300.0,30,0,,,Monday,10,False
2024-10-29,Honey 500g,Sweeteners,15,30.0,450.0,30,0,,,Tuesday,10,False
2024-10-30,Honey 500g,Sweeteners,12,30.0,360.0,30,0,,,Wednesday,10,False
2024-10-31,Honey 500g,Sweeteners,13,30.0,390.0,30,0,,,Thursday,10,False
2024-11-01,Honey 500g,Sweeteners,17,30.0,510.0,30,0,,,Friday,11,True
2024-11-02,Honey 500g,Sweeteners,25,30.0,750.0,30,0,,,Saturday,11,True
2024-11-03,Honey 500g,Sweeteners,15,30.0,450.0,30,0,,,Sunday,11,False
2024-11-04,Honey 500g,Sweeteners,11,30.0,330.0,30,0,,,Monday,11,False
2024-11-05,Honey 500g,Sweeteners,13,30.0,390.0,30,0,,,Tuesday,11,False
2024-11-06,Honey 500g,Sweeteners,17,30.0,510.0,30,0,,,Wednesday,11,False
2024-11-07,Honey 500g,Sweeteners,11,30.0,330.0,30,0,,,Thursday,11,False
2024-11-08,Honey 500g,Sweeteners,13,30.0,390.0,30,0,,,Friday,11,True
2024-11-09,Honey 500g,Sweeteners,22,30.0,660.0,30,0,,,Saturday,11,True
2024-11-10,Honey 500g,Sweeteners,18,30.0,540.0,30,0,,,Sunday,11,False
2024-11-11,Honey 500g,Sweeteners,18,30.0,540.0,30,0,,,Monday,11,False
2024-11-12,Honey 500g,Sweeteners,16,30.0,480.0,30,0,,,Tuesday,11,False
2024-11-13,Honey 500g,Sweeteners,14,30.0,420.0,30,0,,,Wednesday,11,False
2024-11-14,Honey 500g,Sweeteners,13,30.0,390.0,30,0,,,Thursday,11,False
2024-11-15,Honey 500g,Sweeteners,19,30.0,570.0,30,0,,,Friday,11,True
2024-11-16,Honey 500g,Sweeteners,23,30.0,690.0,30,0,,,Saturday,11,True
2024-11-17,Honey 500g,Sweeteners,14,30.0,420.0,30,0,,,Sunday,11,False
2024-11-18,Honey 500g,Sweeteners,15,30.0,450.0,30,0,,,Monday,11,False
2024-11-19,Honey 500g,Sweeteners,16,30.0,480.0,30,0,,,Tuesday,11,False
2024-11-20,Honey 500g,Sweeteners,16,30.0,480.0,30,0,,,Wednesday,11,False
2024-11-21,Honey 500g,Sweeteners,15,30.0,450.0,30,0,,,Thursday,11,False
2024-11-22,Honey 500g,Sweeteners,17,30.0,510.0,30,0,,,Friday,11,True
2024-11-23,Honey 500g,Sweeteners,25,30.0,750.0,30,0,,,Saturday,11,True
2024-11-24,Honey 500g,Sweeteners,15,30.0,450.0,30,0,,,Sunday,11,False
2024-11-25,Honey 500g,Sweeteners,11,30.0,330.0,30,0,,,Monday,11,False
2024-11-26,Honey 500g,Sweeteners,16,30.0,480.0,30,0,,,Tuesday,11,False
2024-11-27,Honey 500g,Sweeteners,13,30.0,390.0,30,0,,,Wednesday,11,False
2024-11-28,Honey 500g,Sweeteners,13,30.0,390.0,30,0,,,Thursday,11,False
2024-11-29,Honey 500g,Sweeteners,15,30.0,450.0,30,0,,,Friday,11,True
2024-11-30,Honey 500g,Sweeteners,15,30.0,450.0,30,0,,,Saturday,11,True
2024-12-01,Honey 500g,Sweeteners,17,30.0,510.0,30,0,,,Sunday,12,False
2024-12-02,Honey 500g,Sweeteners,18,30.0,540.0,30,0,,,Monday,12,False
2024-12-03,Honey 500g,Sweeteners,19,30.0,570.0,30,0,,,Tuesday,12,False
2024-12-04,Honey 500g,Sweeteners,11,30.0,330.0,30,0,,,Wednesday,12,False
2024-12-05,Honey 500g,Sweeteners,18,30.0,540.0,30,0,,,Thursday,12,False
2024-12-06,Honey 500g,Sweeteners,17,30.0,510.0,30,0,,,Friday,12,True
2024-12-07,Honey 500g,Sweeteners,17,30.0,510.0,30,0,,,Saturday,12,True
2024-12-08,Honey 500g,Sweeteners,16,30.0,480.0,30,0,,,Sunday,12,False
2024-12-09,Honey 500g,Sweeteners,10,30.0,300.0,30,0,,,Monday,12,False
2024-12-10,Honey 500g,Sweeteners,16,30.0,480.0,30,0,,,Tuesday,12,False
2024-12-11,Honey 500g,Sweeteners,16,30.0,480.0,30,0,,,Wednesday,12,False
2024-12-12,Honey 500g,Sweeteners,16,30.0,480.0,30,0,,,Thursday,12,False
2024-12-13,Honey 500g,Sweeteners,19,30.0,570.0,30,0,,,Friday,12,True
2024-12-14,Honey 500g,Sweeteners,20,30.0,600.0,30,0,,,Saturday,12,True
2024-12-15,Honey 500g,Sweeteners,13,30.0,390.0,30,0,,,Sunday,12,False
2024-12-16,Honey 500g,Sweeteners,12,30.0,360.0,30,0,,,Monday,12,False
2024-12-17,Honey 500g,Sweeteners,16,30.0,480.0,30,0,,,Tuesday,12,False
2024-12-18,Honey 500g,Sweeteners,18,30.0,540.0,30,0,,,Wednesday,12,False
2024-12-19,Honey 500g,Sweeteners,14,30.0,420.0,30,0,,,Thursday,12,False
2024-12-20,Honey 500g,Sweeteners,24,30.0,720.0,30,0,Christmas 2024,,Friday,12,True
2024-12-21,Honey 500g,Sweeteners,24,30.0,720.0,30,0,Christmas 2024,,Saturday,12,True
2024-12-22,Honey 500g,Sweeteners,20,30.0,600.0,30,0,Christmas 2024,,Sunday,12,False
2024-12-23,Honey 500g,Sweeteners,14,30.0,420.0,30,0,Christmas 2024,,Monday,12,False
2024-12-24,Honey 500g,Sweeteners,14,30.0,420.0,30,0,Christmas 2024,,Tuesday,12,False
2024-12-25,Honey 500g,Sweeteners,16,30.0,480.0,30,0,Christmas 2024,,Wednesday,12,False
2024-12-26,Honey 500g,Sweeteners,13,30.0,390.0,30,0,Christmas 2024,,Thursday,12,False
2024-12-27,Honey 500g,Sweeteners,21,30.0,630.0,30,0,,,Friday,12,True
2024-12-28,Honey 500g,Sweeteners,25,30.0,750.0,30,0,,,Saturday,12,True
2024-12-29,Honey 500g,Sweeteners,14,30.0,420.0,30,0,,,Sunday,12,False
2024-12-30,Honey 500g,Sweeteners,13,30.0,390.0,30,0,,,Monday,12,False
2024-12-31,Honey 500g,Sweeteners,13,30.0,390.0,30,0,,,Tuesday,12,False
2025-01-01,Honey 500g,Sweeteners,16,21.0,336.0,30,30,,New Year Flash Sale 2025,Wednesday,1,False
2025-01-02,Honey 500g,Sweeteners,10,21.0,210.0,30,30,,New Year Flash Sale 2025,Thursday,1,False
2025-01-03,Honey 500g,Sweeteners,20,21.0,420.0,30,30,,New Year Flash Sale 2025,Friday,1,True
2025-01-04,Honey 500g,Sweeteners,18,21.0,378.0,30,30,,New Year Flash Sale 2025,Saturday,1,True
2025-01-05,Honey 500g,Sweeteners,11,21.0,231.0,30,30,,New Year Flash Sale 2025,Sunday,1,False
2025-01-06,Honey 500g,Sweeteners,11,30.0,330.0,30,0,,,Monday,1,False
2025-01-07,Honey 500g,Sweeteners,15,30.0,450.0,30,0,,,Tuesday,1,False
2025-01-08,Honey 500g,Sweeteners,13,30.0,390.0,30,0,,,Wednesday,1,False
2025-01-09,Honey 500g,Sweeteners,9,30.0,270.0,30,0,,,Thursday,1,False
2025-01-10,Honey 500g,Sweeteners,19,30.0,570.0,30,0,,,Friday,1,True
2025-01-11,Honey 500g,Sweeteners,17,30.0,510.0,30,0,,,Saturday,1,True
2025-01-12,Honey 500g,Sweeteners,16,30.0,480.0,30,0,,,Sunday,1,False
2025-01-13,Honey 500g,Sweeteners,14,30.0,420.0,30,0,,,Monday,1,False
2025-01-14,Honey 500g,Sweeteners,12,30.0,360.0,30,0,,,Tuesday,1,False
2025-01-15,Honey 500g,Sweeteners,15,30.0,450.0,30,0,,,Wednesday,1,False
2025-01-16,Honey 500g,Sweeteners,14,30.0,420.0,30,0,,,Thursday,1,False
2025-01-17,Honey 500g,Sweeteners,26,30.0,780.0,30,0,,,Friday,1,True
2025-01-18,Honey 500g,Sweeteners,6,30.0,180.0,30,0,,,Saturday,1,True
2025-01-19,Honey 500g,Sweeteners,9,30.0,270.0,30,0,,,Sunday,1,False
2025-01-20,Honey 500g,Sweeteners,14,30.0,420.0,30,0,,,Monday,1,False
2025-01-21,Honey 500g,Sweeteners,17,30.0,510.0,30,0,,,Tuesday,1,False
2025-01-22,Honey 500g,Sweeteners,14,30.0,420.0,30,0,,,Wednesday,1,False
2025-01-23,Honey 500g,Sweeteners,12,30.0,360.0,30,0,,,Thursday,1,False
2025-01-24,Honey 500g,Sweeteners,18,30.0,540.0,30,0,,,Friday,1,True
2025-01-25,Honey 500g,Sweeteners,25,30.0,750.0,30,0,,,Saturday,1,True
2025-01-26,Honey 500g,Sweeteners,10,30.0,300.0,30,0,,,Sunday,1,False
2025-01-27,Honey 500g,Sweeteners,15,30.0,450.0,30,0,,,Monday,1,False
2025-01-28,Honey 500g,Sweeteners,13,30.0,390.0,30,0,,,Tuesday,1,False
2025-01-29,Honey 500g,Sweeteners,15,30.0,450.0,30,0,,,Wednesday,1,False
2025-01-30,Honey 500g,Sweeteners,18,30.0,540.0,30,0,,,Thursday,1,False
2025-01-31,Honey 500g,Sweeteners,16,30.0,480.0,30,0,,,Friday,1,True
2025-02-01,Honey 500g,Sweeteners,22,30.0,660.0,30,0,,,Saturday,2,True
2025-02-02,Honey 500g,Sweeteners,15,30.0,450.0,30,0,,,Sunday,2,False
2025-02-03,Honey 500g,Sweeteners,12,30.0,360.0,30,0,,,Monday,2,False
2025-02-04,Honey 500g,Sweeteners,16,30.0,480.0,30,0,,,Tuesday,2,False
2025-02-05,Honey 500g,Sweeteners,14,30.0,420.0,30,0,,,Wednesday,2,False
2025-02-06,Honey 500g,Sweeteners,16,30.0,480.0,30,0,,,Thursday,2,False
2025-02-07,Honey 500g,Sweeteners,15,30.0,450.0,30,0,,,Friday,2,True
2025-02-08,Honey 500g,Sweeteners,20,30.0,600.0,30,0,,,Saturday,2,True
2025-02-09,Honey 500g,Sweeteners,14,30.0,420.0,30,0,,,Sunday,2,False
2025-02-10,Honey 500g,Sweeteners,15,30.0,450.0,30,0,,,Monday,2,False
2025-02-11,Honey 500g,Sweeteners,16,30.0,480.0,30,0,,,Tuesday,2,False
2025-02-12,Honey 500g,Sweeteners,12,30.0,360.0,30,0,,,Wednesday,2,False
2025-02-13,Honey 500g,Sweeteners,19,30.0,570.0,30,0,,,Thursday,2,False
2025-02-14,Honey 500g,Sweeteners,17,30.0,510.0,30,0,,,Friday,2,True
2025-02-15,Honey 500g,Sweeteners,12,30.0,360.0,30,0,,,Saturday,2,True
2025-02-16,Honey 500g,Sweeteners,11,30.0,330.0,30,0,,,Sunday,2,False
2025-02-17,Honey 500g,Sweeteners,11,30.0,330.0,30,0,,,Monday,2,False
2025-02-18,Honey 500g,Sweeteners,14,30.0,420.0,30,0,,,Tuesday,2,False
2025-02-19,Honey 500g,Sweeteners,16,30.0,480.0,30,0,,,Wednesday,2,False
2025-02-20,Honey 500g,Sweeteners,15,30.0,450.0,30,0,,,Thursday,2,False
2025-02-21,Honey 500g,Sweeteners,18,30.0,540.0,30,0,,,Friday,2,True
2025-02-22,Honey 500g,Sweeteners,19,30.0,570.0,30,0,,,Saturday,2,True
2025-02-23,Honey 500g,Sweeteners,14,30.0,420.0,30,0,,,Sunday,2,False
2025-02-24,Honey 500g,Sweeteners,14,30.0,420.0,30,0,,,Monday,2,False
2025-02-25,Honey 500g,Sweeteners,16,30.0,480.0,30,0,,,Tuesday,2,False
2025-02-26,Honey 500g,Sweeteners,13,30.0,390.0,30,0,,,Wednesday,2,False
2025-02-27,Honey 500g,Sweeteners,14,30.0,420.0,30,0,,,Thursday,2,False
2025-02-28,Honey 500g,Sweeteners,34,30.0,1020.0,30,0,Ramadan 2025,,Friday,2,True
2025-03-01,Honey 500g,Sweeteners,33,30.0,990.0,30,0,Ramadan 2025,,Saturday,3,True
2025-03-02,Honey 500g,Sweeteners,18,30.0,540.0,30,0,Ramadan 2025,,Sunday,3,False
2025-03-03,Honey 500g,Sweeteners,20,30.0,600.0,30,0,Ramadan 2025,,Monday,3,False
2025-03-04,Honey 500g,Sweeteners,28,30.0,840.0,30,0,Ramadan 2025,,Tuesday,3,False
2025-03-05,Honey 500g,Sweeteners,28,30.0,840.0,30,0,Ramadan 2025,,Wednesday,3,False
2025-03-06,Honey 500g,Sweeteners,27,30.0,810.0,30,0,Ramadan 2025,,Thursday,3,False
2025-03-07,Honey 500g,Sweeteners,24,30.0,720.0,30,0,Ramadan 2025,,Friday,3,True
2025-03-08,Honey 500g,Sweeteners,37,30.0,1110.0,30,0,Ramadan 2025,,Saturday,3,True
2025-03-09,Honey 500g,Sweeteners,28,30.0,840.0,30,0,Ramadan 2025,,Sunday,3,False
2025-03-10,Honey 500g,Sweeteners,18,30.0,540.0,30,0,Ramadan 2025,,Monday,3,False
2025-03-11,Honey 500g,Sweeteners,26,30.0,780.0,30,0,Ramadan 2025,,Tuesday,3,False
2025-03-12,Honey 500g,Sweeteners,20,30.0,600.0,30,0,Ramadan 2025,,Wednesday,3,False
2025-03-13,Honey 500g,Sweeteners,24,30.0,720.0,30,0,Ramadan 2025,,Thursday,3,False
2025-03-14,Honey 500g,Sweeteners,29,30.0,870.0,30,0,Ramadan 2025,,Friday,3,True
2025-03-15,Honey 500g,Sweeteners,41,30.0,1230.0,30,0,Ramadan 2025,,Saturday,3,True
2025-03-16,Honey 500g,Sweeteners,24,30.0,720.0,30,0,Ramadan 2025,,Sunday,3,False
2025-03-17,Honey 500g,Sweeteners,26,30.0,780.0,30,0,Ramadan 2025,,Monday,3,False
2025-03-18,Honey 500g,Sweeteners,25,30.0,750.0,30,0,Ramadan 2025,,Tuesday,3,False
2025-03-19,Honey 500g,Sweeteners,24,30.0,720.0,30,0,Ramadan 2025,,Wednesday,3,False
2025-03-20,Honey 500g,Sweeteners,24,30.0,720.0,30,0,Ramadan 2025,,Thursday,3,False
2025-03-21,Honey 500g,Sweeteners,45,30.0,1350.0,30,0,Ramadan 2025,,Friday,3,True
2025-03-22,Honey 500g,Sweeteners,27,30.0,810.0,30,0,Ramadan 2025,,Saturday,3,True
2025-03-23,Honey 500g,Sweeteners,25,30.0,750.0,30,0,Ramadan 2025,,Sunday,3,False
2025-03-24,Honey 500g,Sweeteners,19,30.0,570.0,30,0,Ramadan 2025,,Monday,3,False
2025-03-25,Honey 500g,Sweeteners,22,30.0,660.0,30,0,Ramadan 2025,,Tuesday,3,False
2025-03-26,Honey 500g,Sweeteners,27,30.0,810.0,30,0,Ramadan 2025,,Wednesday,3,False
2025-03-27,Honey 500g,Sweeteners,25,30.0,750.0,30,0,Ramadan 2025,,Thursday,3,False
2025-03-28,Honey 500g,Sweeteners,37,30.0,1110.0,30,0,Ramadan 2025,,Friday,3,True
2025-03-29,Honey 500g,Sweeteners,32,30.0,960.0,30,0,Ramadan 2025,,Saturday,3,True
2025-03-30,Honey 500g,Sweeteners,12,30.0,360.0,30,0,Eid Al-Fitr 2025,,Sunday,3,False
2025-03-31,Honey 500g,Sweeteners,13,30.0,390.0,30,0,Eid Al-Fitr 2025,,Monday,3,False
2025-04-01,Honey 500g,Sweeteners,15,30.0,450.0,30,0,Eid Al-Fitr 2025,,Tuesday,4,False
2025-04-02,Honey 500g,Sweeteners,13,30.0,390.0,30,0,,,Wednesday,4,False
2025-04-03,Honey 500g,Sweeteners,11,30.0,330.0,30,0,,,Thursday,4,False
2025-04-04,Honey 500g,Sweeteners,16,30.0,480.0,30,0,,,Friday,4,True
2025-04-05,Honey 500g,Sweeteners,16,30.0,480.0,30,0,,,Saturday,4,True
2025-04-06,Honey 500g,Sweeteners,12,30.0,360.0,30,0,,,Sunday,4,False
2025-04-07,Honey 500g,Sweeteners,12,30.0,360.0,30,0,,,Monday,4,False
2025-04-08,Honey 500g,Sweeteners,13,30.0,390.0,30,0,,,Tuesday,4,False
2025-04-09,Honey 500g,Sweeteners,15,30.0,450.0,30,0,,,Wednesday,4,False
2025-04-10,Honey 500g,Sweeteners,13,30.0,390.0,30,0,,,Thursday,4,False
2025-04-11,Honey 500g,Sweeteners,16,30.0,480.0,30,0,,,Friday,4,True
2025-04-12,Honey 500g,Sweeteners,18,30.0,540.0,30,0,,,Saturday,4,True
2025-04-13,Honey 500g,Sweeteners,17,30.0,510.0,30,0,,,Sunday,4,False
2025-04-14,Honey 500g,Sweeteners,13,30.0,390.0,30,0,,,Monday,4,False
2025-04-15,Honey 500g,Sweeteners,15,30.0,450.0,30,0,,,Tuesday,4,False
2025-04-16,Honey 500g,Sweeteners,12,30.0,360.0,30,0,,,Wednesday,4,False
2025-04-17,Honey 500g,Sweeteners,9,30.0,270.0,30,0,,,Thursday,4,False
2025-04-18,Honey 500g,Sweeteners,19,30.0,570.0,30,0,,,Friday,4,True
2025-04-19,Honey 500g,Sweeteners,22,30.0,660.0,30,0,,,Saturday,4,True
2025-04-20,Honey 500g,Sweeteners,17,30.0,510.0,30,0,,,Sunday,4,False
2025-04-21,Honey 500g,Sweeteners,11,30.0,330.0,30,0,,,Monday,4,False
2025-04-22,Honey 500g,Sweeteners,14,30.0,420.0,30,0,,,Tuesday,4,False
2025-04-23,Honey 500g,Sweeteners,14,30.0,420.0,30,0,,,Wednesday,4,False
2025-04-24,Honey 500g,Sweeteners,12,30.0,360.0,30,0,,,Thursday,4,False
2025-04-25,Honey 500g,Sweeteners,22,30.0,660.0,30,0,,,Friday,4,True
2025-04-26,Honey 500g,Sweeteners,20,30.0,600.0,30,0,,,Saturday,4,True
2025-04-27,Honey 500g,Sweeteners,15,30.0,450.0,30,0,,,Sunday,4,False
2025-04-28,Honey 500g,Sweeteners,12,30.0,360.0,30,0,,,Monday,4,False
2025-04-29,Honey 500g,Sweeteners,12,30.0,360.0,30,0,,,Tuesday,4,False
2025-04-30,Honey 500g,Sweeteners,16,30.0,480.0,30,0,,,Wednesday,4,False
2025-05-01,Honey 500g,Sweeteners,14,30.0,420.0,30,0,,,Thursday,5,False
2025-05-02,Honey 500g,Sweeteners,24,30.0,720.0,30,0,,,Friday,5,True
2025-05-03,Honey 500g,Sweeteners,21,30.0,630.0,30,0,,,Saturday,5,True
2025-05-04,Honey 500g,Sweeteners,15,30.0,450.0,30,0,,,Sunday,5,False
2025-05-05,Honey 500g,Sweeteners,14,30.0,420.0,30,0,,,Monday,5,False
