backend/scripts/synthetic_sales_data.csv
sale_date,product_name,category,quantity,unit_price,revenue,base_price,discount_pct,event,campaign,day_of_week,month,is_weekend
2024-01-08,Orange Juice 1L,Beverages,21,8.0,168.0,8,0,,,Monday,1,False
2024-01-09,Orange Juice 1L,Beverages,17,8.0,136.0,8,0,,,Tuesday,1,False
2024-01-10,Orange Juice 1L,Beverages,27,8.0,216.0,8,0,,,Wednesday,1,False
2024-01-11,Orange Juice 1L,Beverages,21,8.0,168.0,8,0,,,Thursday,1,False
2024-01-12,Orange Juice 1L,Beverages,35,8.0,280.0,8,0,,,Friday,1,True
2024-01-13,Orange Juice 1L,Beverages,38,8.0,304.0,8,0,,,Saturday,1,True
2024-01-14,Orange Juice 1L,Beverages,26,8.0,208.0,8,0,,,Sunday,1,False
2024-01-15,Orange Juice 1L,Beverages,20,8.0,160.0,8,0,,,Monday,1,False
2024-01-16,Orange Juice 1L,Beverages,24,8.0,192.0,8,0,,,Tuesday,1,False
2024-01-17,Orange Juice 1L,Beverages,27,8.0,216.0,8,0,,,Wednesday,1,False
2024-01-18,Orange Juice 1L,Beverages,19,8.0,152.0,8,0,,,Thursday,1,False
2024-01-19,Orange Juice 1L,Beverages,29,8.0,232.0,8,0,,,Friday,1,True
2024-01-20,Orange Juice 1L,Beverages,13,8.0,104.0,8,0,,,Saturday,1,True
2024-01-21,Orange Juice 1L,Beverages,29,8.0,232.0,8,0,,,Sunday,1,False
2024-01-22,Orange Juice 1L,Beverages,21,8.0,168.0,8,0,,,Monday,1,False
2024-01-23,Orange Juice 1L,Beverages,22,8.0,176.0,8,0,,,Tuesday,1,False
2024-01-24,Orange Juice 1L,Beverages,27,8.0,216.0,8,0,,,Wednesday,1,False
2024-01-25,Orange Juice 1L,Beverages,26,8.0,208.0,8,0,,,Thursday,1,False
2024-01-26,Orange Juice 1L,Beverages,30,8.0,240.0,8,0,,,Friday,1,True
2024-01-27,Orange Juice 1L,Beverages,30,8.0,240.0,8,0,,,Saturday,1,True
2024-01-28,Orange Juice 1L,Beverages,25,8.0,200.0,8,0,,,Sunday,1,False
2024-01-29,Orange Juice 1L,Beverages,26,8.0,208.0,8,0,,,Monday,1,False
2024-01-30,Orange Juice 1L,Beverages,30,8.0,240.0,8,0,,,Tuesday,1,False
2024-01-31,Orange Juice 1L,Beverages,25,8.0,200.0,8,0,,,Wednesday,1,False
2024-02-01,Orange Juice 1L,Beverages,23,8.0,184.0,8,0,,,Thursday,2,False
2024-02-02,Orange Juice 1L,Beverages,30,8.0,240.0,8,0,,,Friday,2,True
2024-02-03,Orange Juice 1L,Beverages,33,8.0,264.0,8,0,,,Saturday,2,True
2024-02-04,Orange Juice 1L,Beverages,21,8.0,168.0,8,0,,,Sunday,2,False
2024-02-05,Orange Juice 1L,Beverages,26,8.0,208.0,8,0,,,Monday,2,False
2024-02-06,Orange Juice 1L,Beverages,27,8.0,216.0,8,0,,,Tuesday,2,False
2024-02-07,Orange Juice 1L,Beverages,26,8.0,208.0,8,0,,,Wednesday,2,False
2024-02-08,Orange Juice 1L,Beverages,31,8.0,248.0,8,0,,,Thursday,2,False
2024-02-09,Orange Juice 1L,Beverages,39,8.0,312.0,8,0,,,Friday,2,True
2024-02-10,Orange Juice 1L,Beverages,31,8.0,248.0,8,0,,,Saturday,2,True
2024-02-11,Orange Juice 1L,Beverages,24,8.0,192.0,8,0,,,Sunday,2,False
2024-02-12,Orange Juice 1L,Beverages,22,8.0,176.0,8,0,,,Monday,2,False
2024-02-13,Orange Juice 1L,Beverages,24,8.0,192.0,8,0,,,Tuesday,2,False
2024-02-14,Orange Juice 1L,Beverages,30,8.0,240.0,8,0,,,Wednesday,2,False
2024-02-15,Orange Juice 1L,Beverages,32,8.0,256.0,8,0,,,Thursday,2,False
2024-02-16,Orange Juice 1L,Beverages,29,8.0,232.0,8,0,,,Friday,2,True
2024-02-17,Orange Juice 1L,Beverages,32,8.0,256.0,8,0,,,Saturday,2,True
2024-02-18,Orange Juice 1L,Beverages,25,8.0,200.0,8,0,,,Sunday,2,False
2024-02-19,Orange Juice 1L,Beverages,18,8.0,144.0,8,0,,,Monday,2,False
2024-02-20,Orange Juice 1L,Beverages,18,8.0,144.0,8,0,,,Tuesday,2,False
2024-02-21,Orange Juice 1L,Beverages,6,8.0,48.0,8,0,,,Wednesday,2,False
2024-02-22,Orange Juice 1L,Beverages,21,8.0,168.0,8,0,,,Thursday,2,False
2024-02-23,Orange Juice 1L,Beverages,33,8.0,264.0,8,0,,,Friday,2,True
2024-02-24,Orange Juice 1L,Beverages,30,8.0,240.0,8,0,,,Saturday,2,True
2024-02-25,Orange Juice 1L,Beverages,27,8.0,216.0,8,0,,,Sunday,2,False
2024-02-26,Orange Juice 1L,Beverages,19,8.0,152.0,8,0,,,Monday,2,False
2024-02-27,Orange Juice 1L,Beverages,23,8.0,184.0,8,0,,,Tuesday,2,False
2024-02-28,Orange Juice 1L,Beverages,24,8.0,192.0,8,0,,,Wednesday,2,False
2024-02-29,Orange Juice 1L,Beverages,23,8.0,184.0,8,0,,,Thursday,2,False
2024-03-01,Orange Juice 1L,Beverages,34,8.0,272.0,8,0,,,Friday,3,True
2024-03-02,Orange Juice 1L,Beverages,33,8.0,264.0,8,0,,,Saturday,3,True
2024-03-03,Orange Juice 1L,Beverages,33,8.0,264.0,8,0,,,Sunday,3,False
2024-03-04,Orange Juice 1L,Beverages,27,8.0,216.0,8,0,,,Monday,3,False
2024-03-05,Orange Juice 1L,Beverages,28,8.0,224.0,8,0,,,Tuesday,3,False
2024-03-06,Orange Juice 1L,Beverages,26,8.0,208.0,8,0,,,Wednesday,3,False
2024-03-07,Orange Juice 1L,Beverages,29,8.0,232.0,8,0,,,Thursday,3,False
2024-03-08,Orange Juice 1L,Beverages,35,8.0,280.0,8,0,,,Friday,3,True
2024-03-09,Orange Juice 1L,Beverages,32,8.0,256.0,8,0,,,Saturday,3,True
2024-03-10,Orange Juice 1L,Beverages,25,8.0,200.0,8,0,,,Sunday,3,False
2024-03-11,Orange Juice 1L,Beverages,59,6.4,377.6,8,20,Ramadan 2024,Ramadan Mega Sale 2024,Monday,3,False
2024-03-12,Orange Juice 1L,Beverages,83,6.4,531.2,8,20,Ramadan 2024,Ramadan Mega Sale 2024,Tuesday,3,False
2024-03-13,Orange Juice 1L,Beverages,60,6.4,384.0,8,20,Ramadan 2024,Ramadan Mega Sale 2024,Wednesday,3,False
2024-03-14,Orange Juice 1L,Beverages,29,6.4,185.6,8,20,Ramadan 2024,Ramadan Mega Sale 2024,Thursday,3,False
2024-03-15,Orange Juice 1L,Beverages,104,6.4,665.6,8,20,Ramadan 2024,Ramadan Mega Sale 2024,Friday,3,True
2024-03-16,Orange Juice 1L,Beverages,105,6.4,672.0,8,20,Ramadan 2024,Ramadan Mega Sale 2024,Saturday,3,True
2024-03-17,Orange Juice 1L,Beverages,85,6.4,544.0,8,20,Ramadan 2024,Ramadan Mega Sale 2024,Sunday,3,False
2024-03-18,Orange Juice 1L,Beverages,76,6.4,486.4,8,20,Ramadan 2024,Ramadan Mega Sale 2024,Monday,3,False
2024-03-19,Orange Juice 1L,Beverages,66,6.4,422.4,8,20,Ramadan 2024,Ramadan Mega Sale 2024,Tuesday,3,False
2024-03-20,Orange Juice 1L,Beverages,81,6.4,518.4,8,20,Ramadan 2024,Ramadan Mega Sale 2024,Wednesday,3,False
2024-03-21,Orange Juice 1L,Beverages,79,6.4,505.6,8,20,Ramadan 2024,Ramadan Mega Sale 2024,Thursday,3,False
2024-03-22,Orange Juice 1L,Beverages,98,6.4,627.2,8,20,Ramadan 2024,Ramadan Mega Sale 2024,Friday,3,True
2024-03-23,Orange Juice 1L,Beverages,89,6.4,569.6,8,20,Ramadan 2024,Ramadan Mega Sale 2024,Saturday,3,True
2024-03-24,Orange Juice 1L,Beverages,83,6.4,531.2,8,20,Ramadan 2024,Ramadan Mega Sale 2024,Sunday,3,False
2024-03-25,Orange Juice 1L,Beverages,83,6.4,531.2,8,20,Ramadan 2024,Ramadan Mega Sale 2024,Monday,3,False
2024-03-26,Orange Juice 1L,Beverages,88,6.4,563.2,8,20,Ramadan 2024,Ramadan Mega Sale 2024,Tuesday,3,False
2024-03-27,Orange Juice 1L,Beverages,80,6.4,512.0,8,20,Ramadan 2024,Ramadan Mega Sale 2024,Wednesday,3,False
2024-03-28,Orange Juice 1L,Beverages,86,6.4,550.4,8,20,Ramadan 2024,Ramadan Mega Sale 2024,Thursday,3,False
2024-03-29,Orange Juice 1L,Beverages,135,6.4,864.0,8,20,Ramadan 2024,Ramadan Mega Sale 2024,Friday,3,True
2024-03-30,Orange Juice 1L,Beverages,104,6.4,665.6,8,20,Ramadan 2024,Ramadan Mega Sale 2024,Saturday,3,True
2024-03-31,Orange Juice 1L,Beverages,64,6.4,409.6,8,20,Ramadan 2024,Ramadan Mega Sale 2024,Sunday,3,False
2024-04-01,Orange Juice 1L,Beverages,55,6.4,352.0,8,20,Ramadan 2024,Ramadan Mega Sale 2024,Monday,4,False
2024-04-02,Orange Juice 1L,Beverages,78,6.4,499.2,8,20,Ramadan 2024,Ramadan Mega Sale 2024,Tuesday,4,False
2024-04-03,Orange Juice 1L,Beverages,105,6.4,672.0,8,20,Ramadan 2024,Ramadan Mega Sale 2024,Wednesday,4,False
2024-04-04,Orange Juice 1L,Beverages,19,6.4,121.6,8,20,Ramadan 2024,Ramadan Mega Sale 2024,Thursday,4,False
2024-04-05,Orange Juice 1L,Beverages,111,6.4,710.4,8,20,Ramadan 2024,Ramadan Mega Sale 2024,Friday,4,True
2024-04-06,Orange Juice 1L,Beverages,95,6.4,608.0,8,20,Ramadan 2024,Ramadan Mega Sale 2024,Saturday,4,True
2024-04-07,Orange Juice 1L,Beverages,69,6.4,441.6,8,20,Ramadan 2024,Ramadan Mega Sale 2024,Sunday,4,False
2024-04-08,Orange Juice 1L,Beverages,81,6.4,518.4,8,20,Ramadan 2024,Ramadan Mega Sale 2024,Monday,4,False
2024-04-09,Orange Juice 1L,Beverages,126,6.4,806.4,8,20,Ramadan 2024,Ramadan Mega Sale 2024,Tuesday,4,False
2024-04-10,Orange Juice 1L,Beverages,26,8.0,208.0,8,0,Eid Al-Fitr 2024,,Wednesday,4,False
2024-04-11,Orange Juice 1L,Beverages,23,8.0,184.0,8,0,Eid Al-Fitr 2024,,Thursday,4,False
2024-04-12,Orange Juice 1L,Beverages,33,8.0,264.0,8,0,Eid Al-Fitr 2024,,Friday,4,True
2024-04-13,Orange Juice 1L,Beverages,36,8.0,288.0,8,0,,,Saturday,4,True
2024-04-14,Orange Juice 1L,Beverages,28,8.0,224.0,8,0,,,Sunday,4,False
2024-04-15,Orange Juice 1L,Beverages,21,8.0,168.0,8,0,,,Monday,4,False
2024-04-16,Orange Juice 1L,Beverages,21,8.0,168.0,8,0,,,Tuesday,4,False
2024-04-17,Orange Juice 1L,Beverages,21,8.0,168.0,8,0,,,Wednesday,4,False
2024-04-18,Orange Juice 1L,Beverages,27,8.0,216.0,8,0,,,Thursday,4,False
2024-04-19,Orange Juice 1L,Beverages,25,8.0,200.0,8,0,,,Friday,4,True
2024-04-20,Orange Juice 1L,Beverages,43,8.0,344.0,8,0,,,Saturday,4,True
2024-04-21,Orange Juice 1L,Beverages,28,8.0,224.0,8,0,,,Sunday,4,False
2024-04-22,Orange Juice 1L,Beverages,24,8.0,192.0,8,0,,,Monday,4,False
2024-04-23,Orange Juice 1L,Beverages,21,8.0,168.0,8,0,,,Tuesday,4,False
2024-04-24,Orange Juice 1L,Beverages,29,8.0,232.0,8,0,,,Wednesday,4,False
2024-04-25,Orange Juice 1L,Beverages,27,8.0,216.0,8,0,,,Thursday,4,False
2024-04-26,Orange Juice 1L,Beverages,35,8.0,280.0,8,0,,,Friday,4,True
2024-04-27,Orange Juice 1L,Beverages,25,8.0,200.0,8,0,,,Saturday,4,True
2024-04-28,Orange Juice 1L,Beverages,23,8.0,184.0,8,0,,,Sunday,4,False
2024-04-29,Orange Juice 1L,Beverages,20,8.0,160.0,8,0,,,Monday,4,False
2024-04-30,Orange Juice 1L,Beverages,20,8.0,160.0,8,0,,,Tuesday,4,False
2024-05-01,Orange Juice 1L,Beverages,34,8.0,272.0,8,0,,,Wednesday,5,False
2024-05-02,Orange Juice 1L,Beverages,27,8.0,216.0,8,0,,,Thursday,5,False
2024-05-03,Orange Juice 1L,Beverages,27,8.0,216.0,8,0,,,Friday,5,True
2024-05-04,Orange Juice 1L,Beverages,32,8.0,256.0,8,0,,,Saturday,5,True
2024-05-05,Orange Juice 1L,Beverages,25,8.0,200.0,8,0,,,Sunday,5,False
2024-05-06,Orange Juice 1L,Beverages,19,8.0,152.0,8,0,,,Monday,5,False
2024-05-07,Orange Juice 1L,Beverages,28,8.0,224.0,8,0,,,Tuesday,5,False
2024-05-08,Orange Juice 1L,Beverages,25,8.0,200.0,8,0,,,Wednesday,5,False
2024-05-09,Orange Juice 1L,Beverages,24,8.0,192.0,8,0,,,Thursday,5,False
2024-05-10,Orange Juice 1L,Beverages,38,8.0,304.0,8,0,,,Friday,5,True
2024-05-11,Orange Juice 1L,Beverages,31,8.0,248.0,8,0,,,Saturday,5,True
2024-05-12,Orange Juice 1L,Beverages,23,8.0,184.0,8,0,,,Sunday,5,False
2024-05-13,Orange Juice 1L,Beverages,20,8.0,160.0,8,0,,,Monday,5,False
2024-05-14,Orange Juice 1L,Beverages,31,8.0,248.0,8,0,,,Tuesday,5,False
2024-05-15,Orange Juice 1L,Beverages,22,8.0,176.0,8,0,,,Wednesday,5,False
2024-05-16,Orange Juice 1L,Beverages,20,8.0,160.0,8,0,,,Thursday,5,False
2024-05-17,Orange Juice 1L,Beverages,39,8.0,312.0,8,0,,,Friday,5,True
2024-05-18,Orange Juice 1L,Beverages,29,8.0,232.0,8,0,,,Saturday,5,True
2024-05-19,Orange Juice 1L,Beverages,19,8.0,152.0,8,0,,,Sunday,5,False
2024-05-20,Orange Juice 1L,Beverages,20,8.0,160.0,8,0,,,Monday,5,False
2024-05-21,Orange Juice 1L,Beverages,24,8.0,192.0,8,0,,,Tuesday,5,False
2024-05-22,Orange Juice 1L,Beverages,25,8.0,200.0,8,0,,,Wednesday,5,False
2024-05-23,Orange Juice 1L,Beverages,22,8.0,176.0,8,0,,,Thursday,5,False
2024-05-24,Orange Juice 1L,Beverages,38,8.0,304.0,8,0,,,Friday,5,True
2024-05-25,Orange Juice 1L,Beverages,39,8.0,312.0,8,0,,,Saturday,5,True
2024-05-26,Orange Juice 1L,Beverages,28,8.0,224.0,8,0,,,Sunday,5,False
2024-05-27,Orange Juice 1L,Beverages,24,8.0,192.0,8,0,,,Monday,5,False
2024-05-28,Orange Juice 1L,Beverages,18,8.0,144.0,8,0,,,Tuesday,5,False
2024-05-29,Orange Juice 1L,Beverages,25,8.0,200.0,8,0,,,Wednesday,5,False
2024-05-30,Orange Juice 1L,Beverages,28,8.0,224.0,8,0,,,Thursday,5,False
2024-05-31,Orange Juice 1L,Beverages,34,8.0,272.0,8,0,,,Friday,5,True
2024-06-01,Orange Juice 1L,Beverages,8,8.0,64.0,8,0,,,Saturday,6,True
2024-06-02,Orange Juice 1L,Beverages,26,8.0,208.0,8,0,,,Sunday,6,False
2024-06-03,Orange Juice 1L,Beverages,20,8.0,160.0,8,0,,,Monday,6,False
2024-06-04,Orange Juice 1L,Beverages,22,8.0,176.0,8,0,,,Tuesday,6,False
2024-06-05,Orange Juice 1L,Beverages,26,8.0,208.0,8,0,,,Wednesday,6,False
2024-06-06,Orange Juice 1L,Beverages,24,8.0,192.0,8,0,,,Thursday,6,False
2024-06-07,Orange Juice 1L,Beverages,9,8.0,72.0,8,0,,,Friday,6,True
2024-06-08,Orange Juice 1L,Beverages,32,8.0,256.0,8,0,,,Saturday,6,True
2024-06-09,Orange Juice 1L,Beverages,27,8.0,216.0,8,0,,,Sunday,6,False
2024-06-10,Orange Juice 1L,Beverages,22,8.0,176.0,8,0,,,Monday,6,False
2024-06-11,Orange Juice 1L,Beverages,24,8.0,192.0,8,0,,,Tuesday,6,False
2024-06-12,Orange Juice 1L,Beverages,29,8.0,232.0,8,0,,,Wednesday,6,False
2024-06-13,Orange Juice 1L,Beverages,28,8.0,224.0,8,0,,,Thursday,6,False
2024-06-14,Orange Juice 1L,Beverages,29,8.0,232.0,8,0,,,Friday,6,True
2024-06-15,Orange Juice 1L,Beverages,34,8.0,272.0,8,0,,,Saturday,6,True
2024-06-16,Orange Juice 1L,Beverages,21,8.0,168.0,8,0,Eid Al-Adha 2024,,Sunday,6,False
2024-06-17,Orange Juice 1L,Beverages,24,8.0,192.0,8,0,Eid Al-Adha 2024,,Monday,6,False
2024-06-18,Orange Juice 1L,Beverages,24,8.0,192.0,8,0,Eid Al-Adha 2024,,Tuesday,6,False
2024-06-19,Orange Juice 1L,Beverages,28,8.0,224.0,8,0,Eid Al-Adha 2024,,Wednesday,6,False
2024-06-20,Orange Juice 1L,Beverages,23,8.0,184.0,8,0,,,Thursday,6,False
2024-06-21,Orange Juice 1L,Beverages,30,8.0,240.0,8,0,,,Friday,6,True
2024-06-22,Orange Juice 1L,Beverages,33,8.0,264.0,8,0,,,Saturday,6,True
2024-06-23,Orange Juice 1L,Beverages,24,8.0,192.0,8,0,,,Sunday,6,False
2024-06-24,Orange Juice 1L,Beverages,26,8.0,208.0,8,0,,,Monday,6,False
2024-06-25,Orange Juice 1L,Beverages,26,8.0,208.0,8,0,,,Tuesday,6,False
2024-06-26,Orange Juice 1L,Beverages,21,8.0,168.0,8,0,,,Wednesday,6,False
2024-06-27,Orange Juice 1L,Beverages,22,8.0,176.0,8,0,,,Thursday,6,False
2024-06-28,Orange Juice 1L,Beverages,39,8.0,312.0,8,0,,,Friday,6,True
2024-06-29,Orange Juice 1L,Beverages,24,8.0,192.0,8,0,,,Saturday,6,True
2024-06-30,Orange Juice 1L,Beverages,21,8.0,168.0,8,0,,,Sunday,6,False
2024-07-01,Orange Juice 1L,Beverages,20,6.0,120.0,8,25,,Summer Clearance 2024,Monday,7,False
2024-07-02,Orange Juice 1L,Beverages,23,6.0,138.0,8,25,,Summer Clearance 2024,Tuesday,7,False
2024-07-03,Orange Juice 1L,Beverages,26,6.0,156.0,8,25,,Summer Clearance 2024,Wednesday,7,False
2024-07-04,Orange Juice 1L,Beverages,22,6.0,132.0,8,25,,Summer Clearance 2024,Thursday,7,False
2024-07-05,Orange Juice 1L,Beverages,37,6.0,222.0,8,25,,Summer Clearance 2024,Friday,7,True
2024-07-06,Orange Juice 1L,Beverages,41,6.0,246.0,8,25,,Summer Clearance 2024,Saturday,7,True
2024-07-07,Orange Juice 1L,Beverages,20,6.0,120.0,8,25,,Summer Clearance 2024,Sunday,7,False
2024-07-08,Orange Juice 1L,Beverages,28,6.0,168.0,8,25,,Summer Clearance 2024,Monday,7,False
2024-07-09,Orange Juice 1L,Beverages,23,6.0,138.0,8,25,,Summer Clearance 2024,Tuesday,7,False
2024-07-10,Orange Juice 1L,Beverages,28,6.0,168.0,8,25,,Summer Clearance 2024,Wednesday,7,False
2024-07-11,Orange Juice 1L,Beverages,28,6.0,168.0,8,25,,Summer Clearance 2024,Thursday,7,False
2024-07-12,Orange Juice 1L,Beverages,24,6.0,144.0,8,25,,Summer Clearance 2024,Friday,7,True
2024-07-13,Orange Juice 1L,Beverages,33,6.0,198.0,8,25,,Summer Clearance 2024,Saturday,7,True
2024-07-14,Orange Juice 1L,Beverages,28,6.0,168.0,8,25,,Summer Clearance 2024,Sunday,7,False
2024-07-15,Orange Juice 1L,Beverages,23,6.0,138.0,8,25,,Summer Clearance 2024,Monday,7,False
2024-07-16,Orange Juice 1L,Beverages,27,8.0,216.0,8,0,,,Tuesday,7,False
2024-07-17,Orange Juice 1L,Beverages,24,8.0,192.0,8,0,,,Wednesday,7,False
2024-07-18,Orange Juice 1L,Beverages,21,8.0,168.0,8,0,,,Thursday,7,False
2024-07-19,Orange Juice 1L,Beverages,32,8.0,256.0,8,0,,,Friday,7,True
2024-07-20,Orange Juice 1L,Beverages,33,8.0,264.0,8,0,,,Saturday,7,True
2024-07-21,Orange Juice 1L,Beverages,28,8.0,224.0,8,0,,,Sunday,7,False
2024-07-22,Orange Juice 1L,Beverages,27,8.0,216.0,8,0,,,Monday,7,False
2024-07-23,Orange Juice 1L,Beverages,31,8.0,248.0,8,0,,,Tuesday,7,False
2024-07-24,Orange Juice 1L,Beverages,21,8.0,168.0,8,0,,,Wednesday,7,False
2024-07-25,Orange Juice 1L,Beverages,22,8.0,176.0,8,0,,,Thursday,7,False
2024-07-26,Orange Juice 1L,Beverages,28,8.0,224.0,8,0,,,Friday,7,True
2024-07-27,Orange Juice 1L,Beverages,19,8.0,152.0,8,0,,,Saturday,7,True
2024-07-28,Orange Juice 1L,Beverages,17,8.0,136.0,8,0,,,Sunday,7,False
2024-07-29,Orange Juice 1L,Beverages,23,8.0,184.0,8,0,,,Monday,7,False
2024-07-30,Orange Juice 1L,Beverages,25,8.0,200.0,8,0,,,Tuesday,7,False
2024-07-31,Orange Juice 1L,Beverages,17,8.0,136.0,8,0,,,Wednesday,7,False
2024-08-01,Orange Juice 1L,Beverages,25,8.0,200.0,8,0,,,Thursday,8,False
2024-08-02,Orange Juice 1L,Beverages,32,8.0,256.0,8,0,,,Friday,8,True
2024-08-03,Orange Juice 1L,Beverages,30,8.0,240.0,8,0,,,Saturday,8,True
2024-08-04,Orange Juice 1L,Beverages,29,8.0,232.0,8,0,,,Sunday,8,False
2024-08-05,Orange Juice 1L,Beverages,23,8.0,184.0,8,0,,,Monday,8,False
2024-08-06,Orange Juice 1L,Beverages,30,8.0,240.0,8,0,,,Tuesday,8,False
2024-08-07,Orange Juice 1L,Beverages,23,8.0,184.0,8,0,,,Wednesday,8,False
2024-08-08,Orange Juice 1L,Beverages,28,8.0,224.0,8,0,,,Thursday,8,False
2024-08-09,Orange Juice 1L,Beverages,34,8.0,272.0,8,0,,,Friday,8,True
2024-08-10,Orange Juice 1L,Beverages,37,8.0,296.0,8,0,,,Saturday,8,True
2024-08-11,Orange Juice 1L,Beverages,24,8.0,192.0,8,0,,,Sunday,8,False
2024-08-12,Orange Juice 1L,Beverages,28,8.0,224.0,8,0,,,Monday,8,False
2024-08-13,Orange Juice 1L,Beverages,29,8.0,232.0,8,0,,,Tuesday,8,False
2024-08-14,Orange Juice 1L,Beverages,23,8.0,184.0,8,0,,,Wednesday,8,False
2024-08-15,Orange Juice 1L,Beverages,26,8.0,208.0,8,0,,,Thursday,8,False
2024-08-16,Orange Juice 1L,Beverages,28,8.0,224.0,8,0,,,Friday,8,True
2024-08-17,Orange Juice 1L,Beverages,17,8.0,136.0,8,0,,,Saturday,8,True
2024-08-18,Orange Juice 1L,Beverages,25,8.0,200.0,8,0,,,Sunday,8,False
2024-08-19,Orange Juice 1L,Beverages,20,8.0,160.0,8,0,,,Monday,8,False
2024-08-20,Orange Juice 1L,Beverages,24,8.0,192.0,8,0,,,Tuesday,8,False
2024-08-21,Orange Juice 1L,Beverages,34,8.0,272.0,8,0,,,Wednesday,8,False
