backend/scripts/synthetic_sales_data.csv
sale_date,product_name,category,quantity,unit_price,revenue,base_price,discount_pct,event,campaign,day_of_week,month,is_weekend
2024-08-22,Orange Juice 1L,Beverages,26,8.0,208.0,8,0,,,Thursday,8,False
2024-08-23,Orange Juice 1L,Beverages,30,8.0,240.0,8,0,,,Friday,8,True
2024-08-24,Orange Juice 1L,Beverages,30,8.0,240.0,8,0,,,Saturday,8,True
2024-08-25,Orange Juice 1L,Beverages,23,8.0,184.0,8,0,,,Sunday,8,False
2024-08-26,Orange Juice 1L,Beverages,24,8.0,192.0,8,0,,,Monday,8,False
2024-08-27,Orange Juice 1L,Beverages,28,8.0,224.0,8,0,,,Tuesday,8,False
2024-08-28,Orange Juice 1L,Beverages,24,8.0,192.0,8,0,,,Wednesday,8,False
2024-08-29,Orange Juice 1L,Beverages,21,8.0,168.0,8,0,,,Thursday,8,False
2024-08-30,Orange Juice 1L,Beverages,33,8.0,264.0,8,0,,,Friday,8,True
2024-08-31,Orange Juice 1L,Beverages,35,8.0,280.0,8,0,,,Saturday,8,True
2024-09-01,Orange Juice 1L,Beverages,27,8.0,216.0,8,0,Back to School 2024,,Sunday,9,False
2024-09-02,Orange Juice 1L,Beverages,23,8.0,184.0,8,0,Back to School 2024,,Monday,9,False
2024-09-03,Orange Juice 1L,Beverages,20,8.0,160.0,8,0,Back to School 2024,,Tuesday,9,False
2024-09-04,Orange Juice 1L,Beverages,26,8.0,208.0,8,0,Back to School 2024,,Wednesday,9,False
2024-09-05,Orange Juice 1L,Beverages,33,8.0,264.0,8,0,Back to School 2024,,Thursday,9,False
2024-09-06,Orange Juice 1L,Beverages,39,8.0,312.0,8,0,Back to School 2024,,Friday,9,True
2024-09-07,Orange Juice 1L,Beverages,38,8.0,304.0,8,0,Back to School 2024,,Saturday,9,True
2024-09-08,Orange Juice 1L,Beverages,31,8.0,248.0,8,0,Back to School 2024,,Sunday,9,False
2024-09-09,Orange Juice 1L,Beverages,30,8.0,240.0,8,0,Back to School 2024,,Monday,9,False
2024-09-10,Orange Juice 1L,Beverages,27,8.0,216.0,8,0,Back to School 2024,,Tuesday,9,False
2024-09-11,Orange Juice 1L,Beverages,21,8.0,168.0,8,0,Back to School 2024,,Wednesday,9,False
2024-09-12,Orange Juice 1L,Beverages,26,8.0,208.0,8,0,Back to School 2024,,Thursday,9,False
2024-09-13,Orange Juice 1L,Beverages,37,8.0,296.0,8,0,Back to School 2024,,Friday,9,True
2024-09-14,Orange Juice 1L,Beverages,33,8.0,264.0,8,0,Back to School 2024,,Saturday,9,True
2024-09-15,Orange Juice 1L,Beverages,33,8.0,264.0,8,0,Back to School 2024,,Sunday,9,False
2024-09-16,Orange Juice 1L,Beverages,30,8.0,240.0,8,0,,,Monday,9,False
2024-09-17,Orange Juice 1L,Beverages,23,8.0,184.0,8,0,,,Tuesday,9,False
2024-09-18,Orange Juice 1L,Beverages,29,8.0,232.0,8,0,,,Wednesday,9,False
2024-09-19,Orange Juice 1L,Beverages,22,8.0,176.0,8,0,,,Thursday,9,False
2024-09-20,Orange Juice 1L,Beverages,40,8.0,320.0,8,0,,,Friday,9,True
2024-09-21,Orange Juice 1L,Beverages,23,8.0,184.0,8,0,,,Saturday,9,True
2024-09-22,Orange Juice 1L,Beverages,21,8.0,168.0,8,0,,,Sunday,9,False
2024-09-23,Orange Juice 1L,Beverages,23,8.0,184.0,8,0,,,Monday,9,False
2024-09-24,Orange Juice 1L,Beverages,19,8.0,152.0,8,0,,,Tuesday,9,False
2024-09-25,Orange Juice 1L,Beverages,21,8.0,168.0,8,0,,,Wednesday,9,False
2024-09-26,Orange Juice 1L,Beverages,21,8.0,168.0,8,0,,,Thursday,9,False
2024-09-27,Orange Juice 1L,Beverages,36,8.0,288.0,8,0,,,Friday,9,True
2024-09-28,Orange Juice 1L,Beverages,34,8.0,272.0,8,0,,,Saturday,9,True
2024-09-29,Orange Juice 1L,Beverages,16,8.0,128.0,8,0,,,Sunday,9,False
2024-09-30,Orange Juice 1L,Beverages,23,8.0,184.0,8,0,,,Monday,9,False
2024-10-01,Orange Juice 1L,Beverages,23,8.0,184.0,8,0,,,Tuesday,10,False
2024-10-02,Orange Juice 1L,Beverages,26,8.0,208.0,8,0,,,Wednesday,10,False
2024-10-03,Orange Juice 1L,Beverages,27,8.0,216.0,8,0,,,Thursday,10,False
2024-10-04,Orange Juice 1L,Beverages,37,8.0,296.0,8,0,,,Friday,10,True
2024-10-05,Orange Juice 1L,Beverages,31,8.0,248.0,8,0,,,Saturday,10,True
2024-10-06,Orange Juice 1L,Beverages,27,8.0,216.0,8,0,,,Sunday,10,False
2024-10-07,Orange Juice 1L,Beverages,26,8.0,208.0,8,0,,,Monday,10,False
2024-10-08,Orange Juice 1L,Beverages,20,8.0,160.0,8,0,,,Tuesday,10,False
2024-10-09,Orange Juice 1L,Beverages,30,8.0,240.0,8,0,,,Wednesday,10,False
2024-10-10,Orange Juice 1L,Beverages,25,8.0,200.0,8,0,,,Thursday,10,False
2024-10-11,Orange Juice 1L,Beverages,34,8.0,272.0,8,0,,,Friday,10,True
2024-10-12,Orange Juice 1L,Beverages,30,8.0,240.0,8,0,,,Saturday,10,True
2024-10-13,Orange Juice 1L,Beverages,30,8.0,240.0,8,0,,,Sunday,10,False
2024-10-14,Orange Juice 1L,Beverages,18,8.0,144.0,8,0,,,Monday,10,False
2024-10-15,Orange Juice 1L,Beverages,24,8.0,192.0,8,0,,,Tuesday,10,False
2024-10-16,Orange Juice 1L,Beverages,20,8.0,160.0,8,0,,,Wednesday,10,False
2024-10-17,Orange Juice 1L,Beverages,28,8.0,224.0,8,0,,,Thursday,10,False
2024-10-18,Orange Juice 1L,Beverages,38,8.0,304.0,8,0,,,Friday,10,True
2024-10-19,Orange Juice 1L,Beverages,36,8.0,288.0,8,0,,,Saturday,10,True
2024-10-20,Orange Juice 1L,Beverages,23,8.0,184.0,8,0,,,Sunday,10,False
2024-10-21,Orange Juice 1L,Beverages,19,8.0,152.0,8,0,,,Monday,10,False
2024-10-22,Orange Juice 1L,Beverages,27,8.0,216.0,8,0,,,Tuesday,10,False
2024-10-23,Orange Juice 1L,Beverages,30,8.0,240.0,8,0,,,Wednesday,10,False
2024-10-24,Orange Juice 1L,Beverages,23,8.0,184.0,8,0,,,Thursday,10,False
2024-10-25,Orange Juice 1L,Beverages,34,8.0,272.0,8,0,,,Friday,10,True
2024-10-26,Orange Juice 1L,Beverages,35,8.0,280.0,8,0,,,Saturday,10,True
2024-10-27,Orange Juice 1L,Beverages,10,8.0,80.0,8,0,,,Sunday,10,False
2024-10-28,Orange Juice 1L,Beverages,22,8.0,176.0,8,0,,,Monday,10,False
2024-10-29,Orange Juice 1L,Beverages,22,8.0,176.0,8,0,,,Tuesday,10,False
2024-10-30,Orange Juice 1L,Beverages,31,8.0,248.0,8,0,,,Wednesday,10,False
2024-10-31,Orange Juice 1L,Beverages,19,8.0,152.0,8,0,,,Thursday,10,False
2024-11-01,Orange Juice 1L,Beverages,35,8.0,280.0,8,0,,,Friday,11,True
2024-11-02,Orange Juice 1L,Beverages,33,8.0,264.0,8,0,,,Saturday,11,True
2024-11-03,Orange Juice 1L,Beverages,23,8.0,184.0,8,0,,,Sunday,11,False
2024-11-04,Orange Juice 1L,Beverages,23,8.0,184.0,8,0,,,Monday,11,False
2024-11-05,Orange Juice 1L,Beverages,27,8.0,216.0,8,0,,,Tuesday,11,False
2024-11-06,Orange Juice 1L,Beverages,24,8.0,192.0,8,0,,,Wednesday,11,False
2024-11-07,Orange Juice 1L,Beverages,25,8.0,200.0,8,0,,,Thursday,11,False
2024-11-08,Orange Juice 1L,Beverages,31,8.0,248.0,8,0,,,Friday,11,True
2024-11-09,Orange Juice 1L,Beverages,28,8.0,224.0,8,0,,,Saturday,11,True
2024-11-10,Orange Juice 1L,Beverages,27,8.0,216.0,8,0,,,Sunday,11,False
2024-11-11,Orange Juice 1L,Beverages,23,8.0,184.0,8,0,,,Monday,11,False
2024-11-12,Orange Juice 1L,Beverages,21,8.0,168.0,8,0,,,Tuesday,11,False
2024-11-13,Orange Juice 1L,Beverages,28,8.0,224.0,8,0,,,Wednesday,11,False
2024-11-14,Orange Juice 1L,Beverages,28,8.0,224.0,8,0,,,Thursday,11,False
2024-11-15,Orange Juice 1L,Beverages,36,8.0,288.0,8,0,,,Friday,11,True
2024-11-16,Orange Juice 1L,Beverages,33,8.0,264.0,8,0,,,Saturday,11,True
2024-11-17,Orange Juice 1L,Beverages,23,8.0,184.0,8,0,,,Sunday,11,False
2024-11-18,Orange Juice 1L,Beverages,27,8.0,216.0,8,0,,,Monday,11,False
2024-11-19,Orange Juice 1L,Beverages,24,8.0,192.0,8,0,,,Tuesday,11,False
2024-11-20,Orange Juice 1L,Beverages,26,8.0,208.0,8,0,,,Wednesday,11,False
2024-11-21,Orange Juice 1L,Beverages,21,8.0,168.0,8,0,,,Thursday,11,False
2024-11-22,Orange Juice 1L,Beverages,30,8.0,240.0,8,0,,,Friday,11,True
2024-11-23,Orange Juice 1L,Beverages,35,8.0,280.0,8,0,,,Saturday,11,True
2024-11-24,Orange Juice 1L,Beverages,19,8.0,152.0,8,0,,,Sunday,11,False
2024-11-25,Orange Juice 1L,Beverages,21,8.0,168.0,8,0,,,Monday,11,False
2024-11-26,Orange Juice 1L,Beverages,26,8.0,208.0,8,0,,,Tuesday,11,False
2024-11-27,Orange Juice 1L,Beverages,29,8.0,232.0,8,0,,,Wednesday,11,False
2024-11-28,Orange Juice 1L,Beverages,23,8.0,184.0,8,0,,,Thursday,11,False
2024-11-29,Orange Juice 1L,Beverages,30,8.0,240.0,8,0,,,Friday,11,True
2024-11-30,Orange Juice 1L,Beverages,28,8.0,224.0,8,0,,,Saturday,11,True
2024-12-01,Orange Juice 1L,Beverages,22,8.0,176.0,8,0,,,Sunday,12,False
2024-12-02,Orange Juice 1L,Beverages,25,8.0,200.0,8,0,,,Monday,12,False
2024-12-03,Orange Juice 1L,Beverages,30,8.0,240.0,8,0,,,Tuesday,12,False
2024-12-04,Orange Juice 1L,Beverages,30,8.0,240.0,8,0,,,Wednesday,12,False
2024-12-05,Orange Juice 1L,Beverages,30,8.0,240.0,8,0,,,Thursday,12,False
2024-12-06,Orange Juice 1L,Beverages,37,8.0,296.0,8,0,,,Friday,12,True
2024-12-07,Orange Juice 1L,Beverages,44,8.0,352.0,8,0,,,Saturday,12,True
2024-12-08,Orange Juice 1L,Beverages,26,8.0,208.0,8,0,,,Sunday,12,False
2024-12-09,Orange Juice 1L,Beverages,24,8.0,192.0,8,0,,,Monday,12,False
2024-12-10,Orange Juice 1L,Beverages,24,8.0,192.0,8,0,,,Tuesday,12,False
2024-12-11,Orange Juice 1L,Beverages,19,8.0,152.0,8,0,,,Wednesday,12,False
2024-12-12,Orange Juice 1L,Beverages,25,8.0,200.0,8,0,,,Thursday,12,False
2024-12-13,Orange Juice 1L,Beverages,30,8.0,240.0,8,0,,,Friday,12,True
2024-12-14,Orange Juice 1L,Beverages,29,8.0,232.0,8,0,,,Saturday,12,True
2024-12-15,Orange Juice 1L,Beverages,4,8.0,32.0,8,0,,,Sunday,12,False
2024-12-16,Orange Juice 1L,Beverages,25,8.0,200.0,8,0,,,Monday,12,False
2024-12-17,Orange Juice 1L,Beverages,26,8.0,208.0,8,0,,,Tuesday,12,False
2024-12-18,Orange Juice 1L,Beverages,21,8.0,168.0,8,0,,,Wednesday,12,False
2024-12-19,Orange Juice 1L,Beverages,26,8.0,208.0,8,0,,,Thursday,12,False
2024-12-20,Orange Juice 1L,Beverages,35,8.0,280.0,8,0,Christmas 2024,,Friday,12,True
2024-12-21,Orange Juice 1L,Beverages,40,8.0,320.0,8,0,Christmas 2024,,Saturday,12,True
2024-12-22,Orange Juice 1L,Beverages,27,8.0,216.0,8,0,Christmas 2024,,Sunday,12,False
2024-12-23,Orange Juice 1L,Beverages,27,8.0,216.0,8,0,Christmas 2024,,Monday,12,False
2024-12-24,Orange Juice 1L,Beverages,34,8.0,272.0,8,0,Christmas 2024,,Tuesday,12,False
2024-12-25,Orange Juice 1L,Beverages,27,8.0,216.0,8,0,Christmas 2024,,Wednesday,12,False
2024-12-26,Orange Juice 1L,Beverages,25,8.0,200.0,8,0,Christmas 2024,,Thursday,12,False
2024-12-27,Orange Juice 1L,Beverages,37,8.0,296.0,8,0,,,Friday,12,True
2024-12-28,Orange Juice 1L,Beverages,35,8.0,280.0,8,0,,,Saturday,12,True
2024-12-29,Orange Juice 1L,Beverages,33,8.0,264.0,8,0,,,Sunday,12,False
2024-12-30,Orange Juice 1L,Beverages,18,8.0,144.0,8,0,,,Monday,12,False
2024-12-31,Orange Juice 1L,Beverages,24,8.0,192.0,8,0,,,Tuesday,12,False
2025-01-01,Orange Juice 1L,Beverages,22,5.6,123.2,8,30,,New Year Flash Sale 2025,Wednesday,1,False
2025-01-02,Orange Juice 1L,Beverages,21,5.6,117.6,8,30,,New Year Flash Sale 2025,Thursday,1,False
2025-01-03,Orange Juice 1L,Beverages,28,5.6,156.8,8,30,,New Year Flash Sale 2025,Friday,1,True
2025-01-04,Orange Juice 1L,Beverages,32,5.6,179.2,8,30,,New Year Flash Sale 2025,Saturday,1,True
2025-01-05,Orange Juice 1L,Beverages,32,5.6,179.2,8,30,,New Year Flash Sale 2025,Sunday,1,False
2025-01-06,Orange Juice 1L,Beverages,27,8.0,216.0,8,0,,,Monday,1,False
2025-01-07,Orange Juice 1L,Beverages,24,8.0,192.0,8,0,,,Tuesday,1,False
2025-01-08,Orange Juice 1L,Beverages,27,8.0,216.0,8,0,,,Wednesday,1,False
2025-01-09,Orange Juice 1L,Beverages,25,8.0,200.0,8,0,,,Thursday,1,False
2025-01-10,Orange Juice 1L,Beverages,30,8.0,240.0,8,0,,,Friday,1,True
2025-01-11,Orange Juice 1L,Beverages,35,8.0,280.0,8,0,,,Saturday,1,True
2025-01-12,Orange Juice 1L,Beverages,23,8.0,184.0,8,0,,,Sunday,1,False
2025-01-13,Orange Juice 1L,Beverages,23,8.0,184.0,8,0,,,Monday,1,False
2025-01-14,Orange Juice 1L,Beverages,24,8.0,192.0,8,0,,,Tuesday,1,False
2025-01-15,Orange Juice 1L,Beverages,23,8.0,184.0,8,0,,,Wednesday,1,False
2025-01-16,Orange Juice 1L,Beverages,30,8.0,240.0,8,0,,,Thursday,1,False
2025-01-17,Orange Juice 1L,Beverages,29,8.0,232.0,8,0,,,Friday,1,True
2025-01-18,Orange Juice 1L,Beverages,28,8.0,224.0,8,0,,,Saturday,1,True
2025-01-19,Orange Juice 1L,Beverages,20,8.0,160.0,8,0,,,Sunday,1,False
2025-01-20,Orange Juice 1L,Beverages,22,8.0,176.0,8,0,,,Monday,1,False
2025-01-21,Orange Juice 1L,Beverages,24,8.0,192.0,8,0,,,Tuesday,1,False
2025-01-22,Orange Juice 1L,Beverages,22,8.0,176.0,8,0,,,Wednesday,1,False
2025-01-23,Orange Juice 1L,Beverages,34,8.0,272.0,8,0,,,Thursday,1,False
2025-01-24,Orange Juice 1L,Beverages,38,8.0,304.0,8,0,,,Friday,1,True
2025-01-25,Orange Juice 1L,Beverages,30,8.0,240.0,8,0,,,Saturday,1,True
2025-01-26,Orange Juice 1L,Beverages,27,8.0,216.0,8,0,,,Sunday,1,False
2025-01-27,Orange Juice 1L,Beverages,22,8.0,176.0,8,0,,,Monday,1,False
2025-01-28,Orange Juice 1L,Beverages,18,8.0,144.0,8,0,,,Tuesday,1,False
2025-01-29,Orange Juice 1L,Beverages,21,8.0,168.0,8,0,,,Wednesday,1,False
2025-01-30,Orange Juice 1L,Beverages,21,8.0,168.0,8,0,,,Thursday,1,False
2025-01-31,Orange Juice 1L,Beverages,11,8.0,88.0,8,0,,,Friday,1,True
2025-02-01,Orange Juice 1L,Beverages,26,8.0,208.0,8,0,,,Saturday,2,True
2025-02-02,Orange Juice 1L,Beverages,23,8.0,184.0,8,0,,,Sunday,2,False
2025-02-03,Orange Juice 1L,Beverages,25,8.0,200.0,8,0,,,Monday,2,False
2025-02-04,Orange Juice 1L,Beverages,26,8.0,208.0,8,0,,,Tuesday,2,False
2025-02-05,Orange Juice 1L,Beverages,33,8.0,264.0,8,0,,,Wednesday,2,False
2025-02-06,Orange Juice 1L,Beverages,33,8.0,264.0,8,0,,,Thursday,2,False
2025-02-07,Orange Juice 1L,Beverages,30,8.0,240.0,8,0,,,Friday,2,True
2025-02-08,Orange Juice 1L,Beverages,34,8.0,272.0,8,0,,,Saturday,2,True
2025-02-09,Orange Juice 1L,Beverages,25,8.0,200.0,8,0,,,Sunday,2,False
2025-02-10,Orange Juice 1L,Beverages,25,8.0,200.0,8,0,,,Monday,2,False
2025-02-11,Orange Juice 1L,Beverages,26,8.0,208.0,8,0,,,Tuesday,2,False
2025-02-12,Orange Juice 1L,Beverages,24,8.0,192.0,8,0,,,Wednesday,2,False
2025-02-13,Orange Juice 1L,Beverages,24,8.0,192.0,8,0,,,Thursday,2,False
2025-02-14,Orange Juice 1L,Beverages,33,8.0,264.0,8,0,,,Friday,2,True
2025-02-15,Orange Juice 1L,Beverages,33,8.0,264.0,8,0,,,Saturday,2,True
2025-02-16,Orange Juice 1L,Beverages,21,8.0,168.0,8,0,,,Sunday,2,False
2025-02-17,Orange Juice 1L,Beverages,20,8.0,160.0,8,0,,,Monday,2,False
2025-02-18,Orange Juice 1L,Beverages,21,8.0,168.0,8,0,,,Tuesday,2,False
2025-02-19,Orange Juice 1L,Beverages,23,8.0,184.0,8,0,,,Wednesday,2,False
2025-02-20,Orange Juice 1L,Beverages,22,8.0,176.0,8,0,,,Thursday,2,False
2025-02-21,Orange Juice 1L,Beverages,36,8.0,288.0,8,0,,,Friday,2,True
2025-02-22,Orange Juice 1L,Beverages,19,8.0,152.0,8,0,,,Saturday,2,True
2025-02-23,Orange Juice 1L,Beverages,23,8.0,184.0,8,0,,,Sunday,2,False
2025-02-24,Orange Juice 1L,Beverages,25,8.0,200.0,8,0,,,Monday,2,False
2025-02-25,Orange Juice 1L,Beverages,7,8.0,56.0,8,0,,,Tuesday,2,False
2025-02-26,Orange Juice 1L,Beverages,24,8.0,192.0,8,0,,,Wednesday,2,False
2025-02-27,Orange Juice 1L,Beverages,18,8.0,144.0,8,0,,,Thursday,2,False
2025-02-28,Orange Juice 1L,Beverages,100,8.0,800.0,8,0,Ramadan 2025,,Friday,2,True
2025-03-01,Orange Juice 1L,Beverages,104,8.0,832.0,8,0,Ramadan 2025,,Saturday,3,True
2025-03-02,Orange Juice 1L,Beverages,71,8.0,568.0,8,0,Ramadan 2025,,Sunday,3,False
2025-03-03,Orange Juice 1L,Beverages,66,8.0,528.0,8,0,Ramadan 2025,,Monday,3,False
2025-03-04,Orange Juice 1L,Beverages,82,8.0,656.0,8,0,Ramadan 2025,,Tuesday,3,False
2025-03-05,Orange Juice 1L,Beverages,62,8.0,496.0,8,0,Ramadan 2025,,Wednesday,3,False
2025-03-06,Orange Juice 1L,Beverages,82,8.0,656.0,8,0,Ramadan 2025,,Thursday,3,False
2025-03-07,Orange Juice 1L,Beverages,78,8.0,624.0,8,0,Ramadan 2025,,Friday,3,True
2025-03-08,Orange Juice 1L,Beverages,116,8.0,928.0,8,0,Ramadan 2025,,Saturday,3,True
2025-03-09,Orange Juice 1L,Beverages,88,8.0,704.0,8,0,Ramadan 2025,,Sunday,3,False
2025-03-10,Orange Juice 1L,Beverages,63,8.0,504.0,8,0,Ramadan 2025,,Monday,3,False
2025-03-11,Orange Juice 1L,Beverages,82,8.0,656.0,8,0,Ramadan 2025,,Tuesday,3,False
2025-03-12,Orange Juice 1L,Beverages,68,8.0,544.0,8,0,Ramadan 2025,,Wednesday,3,False
2025-03-13,Orange Juice 1L,Beverages,47,8.0,376.0,8,0,Ramadan 2025,,Thursday,3,False
2025-03-14,Orange Juice 1L,Beverages,104,8.0,832.0,8,0,Ramadan 2025,,Friday,3,True
2025-03-15,Orange Juice 1L,Beverages,101,8.0,808.0,8,0,Ramadan 2025,,Saturday,3,True
2025-03-16,Orange Juice 1L,Beverages,82,8.0,656.0,8,0,Ramadan 2025,,Sunday,3,False
2025-03-17,Orange Juice 1L,Beverages,64,8.0,512.0,8,0,Ramadan 2025,,Monday,3,False
2025-03-18,Orange Juice 1L,Beverages,91,8.0,728.0,8,0,Ramadan 2025,,Tuesday,3,False
2025-03-19,Orange Juice 1L,Beverages,80,8.0,640.0,8,0,Ramadan 2025,,Wednesday,3,False
2025-03-20,Orange Juice 1L,Beverages,59,8.0,472.0,8,0,Ramadan 2025,,Thursday,3,False
2025-03-21,Orange Juice 1L,Beverages,103,8.0,824.0,8,0,Ramadan 2025,,Friday,3,True
2025-03-22,Orange Juice 1L,Beverages,108,8.0,864.0,8,0,Ramadan 2025,,Saturday,3,True
2025-03-23,Orange Juice 1L,Beverages,68,8.0,544.0,8,0,Ramadan 2025,,Sunday,3,False
2025-03-24,Orange Juice 1L,Beverages,79,8.0,632.0,8,0,Ramadan 2025,,Monday,3,False
2025-03-25,Orange Juice 1L,Beverages,96,8.0,768.0,8,0,Ramadan 2025,,Tuesday,3,False
2025-03-26,Orange Juice 1L,Beverages,89,8.0,712.0,8,0,Ramadan 2025,,Wednesday,3,False
2025-03-27,Orange Juice 1L,Beverages,70,8.0,560.0,8,0,Ramadan 2025,,Thursday,3,False
2025-03-28,Orange Juice 1L,Beverages,102,8.0,816.0,8,0,Ramadan 2025,,Friday,3,True
2025-03-29,Orange Juice 1L,Beverages,89,8.0,712.0,8,0,Ramadan 2025,,Saturday,3,True
2025-03-30,Orange Juice 1L,Beverages,25,8.0,200.0,8,0,Eid Al-Fitr 2025,,Sunday,3,False
2025-03-31,Orange Juice 1L,Beverages,20,8.0,160.0,8,0,Eid Al-Fitr 2025,,Monday,3,False
2025-04-01,Orange Juice 1L,Beverages,26,8.0,208.0,8,0,Eid Al-Fitr 2025,,Tuesday,4,False
2025-04-02,Orange Juice 1L,Beverages,26,8.0,208.0,8,0,,,Wednesday,4,False
2025-04-03,Orange Juice 1L,Beverages,26,8.0,208.0,8,0,,,Thursday,4,False
2025-04-04,Orange Juice 1L,Beverages,40,8.0,320.0,8,0,,,Friday,4,True
2025-04-05,Orange Juice 1L,Beverages,30,8.0,240.0,8,0,,,Saturday,4,True
2025-04-06,Orange Juice 1L,Beverages,21,8.0,168.0,8,0,,,Sunday,4,False
2025-04-07,Orange Juice 1L,Beverages,20,8.0,160.0,8,0,,,Monday,4,False
2025-04-08,Orange Juice 1L,Beverages,30,8.0,240.0,8,0,,,Tuesday,4,False
2025-04-09,Orange Juice 1L,Beverages,20,8.0,160.0,8,0,,,Wednesday,4,False
2025-04-10,Orange Juice 1L,Beverages,29,8.0,232.0,8,0,,,Thursday,4,False
2025-04-11,Orange Juice 1L,Beverages,28,8.0,224.0,8,0,,,Friday,4,True
2025-04-12,Orange Juice 1L,Beverages,39,8.0,312.0,8,0,,,Saturday,4,True
