backend/scripts/synthetic_sales_data.csv
sale_date,product_name,category,quantity,unit_price,revenue,base_price,discount_pct,event,campaign,day_of_week,month,is_weekend
2024-08-04,Basmati Rice 5kg,Grains,45,35.0,1575.0,35,0,,,Sunday,8,False
2024-08-05,Basmati Rice 5kg,Grains,30,35.0,1050.0,35,0,,,Monday,8,False
2024-08-06,Basmati Rice 5kg,Grains,36,35.0,1260.0,35,0,,,Tuesday,8,False
2024-08-07,Basmati Rice 5kg,Grains,40,35.0,1400.0,35,0,,,Wednesday,8,False
2024-08-08,Basmati Rice 5kg,Grains,39,35.0,1365.0,35,0,,,Thursday,8,False
2024-08-09,Basmati Rice 5kg,Grains,59,35.0,2065.0,35,0,,,Friday,8,True
2024-08-10,Basmati Rice 5kg,Grains,54,35.0,1890.0,35,0,,,Saturday,8,True
2024-08-11,Basmati Rice 5kg,Grains,41,35.0,1435.0,35,0,,,Sunday,8,False
2024-08-12,Basmati Rice 5kg,Grains,31,35.0,1085.0,35,0,,,Monday,8,False
2024-08-13,Basmati Rice 5kg,Grains,42,35.0,1470.0,35,0,,,Tuesday,8,False
2024-08-14,Basmati Rice 5kg,Grains,35,35.0,1225.0,35,0,,,Wednesday,8,False
2024-08-15,Basmati Rice 5kg,Grains,41,35.0,1435.0,35,0,,,Thursday,8,False
2024-08-16,Basmati Rice 5kg,Grains,49,35.0,1715.0,35,0,,,Friday,8,True
2024-08-17,Basmati Rice 5kg,Grains,51,35.0,1785.0,35,0,,,Saturday,8,True
2024-08-18,Basmati Rice 5kg,Grains,37,35.0,1295.0,35,0,,,Sunday,8,False
2024-08-19,Basmati Rice 5kg,Grains,37,35.0,1295.0,35,0,,,Monday,8,False
2024-08-20,Basmati Rice 5kg,Grains,36,35.0,1260.0,35,0,,,Tuesday,8,False
2024-08-21,Basmati Rice 5kg,Grains,33,35.0,1155.0,35,0,,,Wednesday,8,False
2024-08-22,Basmati Rice 5kg,Grains,34,35.0,1190.0,35,0,,,Thursday,8,False
2024-08-23,Basmati Rice 5kg,Grains,51,35.0,1785.0,35,0,,,Friday,8,True
2024-08-24,Basmati Rice 5kg,Grains,49,35.0,1715.0,35,0,,,Saturday,8,True
2024-08-25,Basmati Rice 5kg,Grains,39,35.0,1365.0,35,0,,,Sunday,8,False
2024-08-26,Basmati Rice 5kg,Grains,41,35.0,1435.0,35,0,,,Monday,8,False
2024-08-27,Basmati Rice 5kg,Grains,50,35.0,1750.0,35,0,,,Tuesday,8,False
2024-08-28,Basmati Rice 5kg,Grains,34,35.0,1190.0,35,0,,,Wednesday,8,False
2024-08-29,Basmati Rice 5kg,Grains,39,35.0,1365.0,35,0,,,Thursday,8,False
2024-08-30,Basmati Rice 5kg,Grains,40,35.0,1400.0,35,0,,,Friday,8,True
2024-08-31,Basmati Rice 5kg,Grains,46,35.0,1610.0,35,0,,,Saturday,8,True
2024-09-01,Basmati Rice 5kg,Grains,24,35.0,840.0,35,0,Back to School 2024,,Sunday,9,False
2024-09-02,Basmati Rice 5kg,Grains,45,35.0,1575.0,35,0,Back to School 2024,,Monday,9,False
2024-09-03,Basmati Rice 5kg,Grains,47,35.0,1645.0,35,0,Back to School 2024,,Tuesday,9,False
2024-09-04,Basmati Rice 5kg,Grains,62,35.0,2170.0,35,0,Back to School 2024,,Wednesday,9,False
2024-09-05,Basmati Rice 5kg,Grains,50,35.0,1750.0,35,0,Back to School 2024,,Thursday,9,False
2024-09-06,Basmati Rice 5kg,Grains,74,35.0,2590.0,35,0,Back to School 2024,,Friday,9,True
2024-09-07,Basmati Rice 5kg,Grains,74,35.0,2590.0,35,0,Back to School 2024,,Saturday,9,True
2024-09-08,Basmati Rice 5kg,Grains,39,35.0,1365.0,35,0,Back to School 2024,,Sunday,9,False
2024-09-09,Basmati Rice 5kg,Grains,46,35.0,1610.0,35,0,Back to School 2024,,Monday,9,False
2024-09-10,Basmati Rice 5kg,Grains,42,35.0,1470.0,35,0,Back to School 2024,,Tuesday,9,False
2024-09-11,Basmati Rice 5kg,Grains,47,35.0,1645.0,35,0,Back to School 2024,,Wednesday,9,False
2024-09-12,Basmati Rice 5kg,Grains,38,35.0,1330.0,35,0,Back to School 2024,,Thursday,9,False
2024-09-13,Basmati Rice 5kg,Grains,54,35.0,1890.0,35,0,Back to School 2024,,Friday,9,True
2024-09-14,Basmati Rice 5kg,Grains,61,35.0,2135.0,35,0,Back to School 2024,,Saturday,9,True
2024-09-15,Basmati Rice 5kg,Grains,48,35.0,1680.0,35,0,Back to School 2024,,Sunday,9,False
2024-09-16,Basmati Rice 5kg,Grains,40,35.0,1400.0,35,0,,,Monday,9,False
2024-09-17,Basmati Rice 5kg,Grains,38,35.0,1330.0,35,0,,,Tuesday,9,False
2024-09-18,Basmati Rice 5kg,Grains,41,35.0,1435.0,35,0,,,Wednesday,9,False
2024-09-19,Basmati Rice 5kg,Grains,49,35.0,1715.0,35,0,,,Thursday,9,False
2024-09-20,Basmati Rice 5kg,Grains,47,35.0,1645.0,35,0,,,Friday,9,True
2024-09-21,Basmati Rice 5kg,Grains,53,35.0,1855.0,35,0,,,Saturday,9,True
2024-09-22,Basmati Rice 5kg,Grains,33,35.0,1155.0,35,0,,,Sunday,9,False
2024-09-23,Basmati Rice 5kg,Grains,37,35.0,1295.0,35,0,,,Monday,9,False
2024-09-24,Basmati Rice 5kg,Grains,30,35.0,1050.0,35,0,,,Tuesday,9,False
2024-09-25,Basmati Rice 5kg,Grains,42,35.0,1470.0,35,0,,,Wednesday,9,False
2024-09-26,Basmati Rice 5kg,Grains,45,35.0,1575.0,35,0,,,Thursday,9,False
2024-09-27,Basmati Rice 5kg,Grains,48,35.0,1680.0,35,0,,,Friday,9,True
2024-09-28,Basmati Rice 5kg,Grains,47,35.0,1645.0,35,0,,,Saturday,9,True
2024-09-29,Basmati Rice 5kg,Grains,47,35.0,1645.0,35,0,,,Sunday,9,False
2024-09-30,Basmati Rice 5kg,Grains,30,35.0,1050.0,35,0,,,Monday,9,False
2024-10-01,Basmati Rice 5kg,Grains,44,35.0,1540.0,35,0,,,Tuesday,10,False
2024-10-02,Basmati Rice 5kg,Grains,39,35.0,1365.0,35,0,,,Wednesday,10,False
2024-10-03,Basmati Rice 5kg,Grains,36,35.0,1260.0,35,0,,,Thursday,10,False
2024-10-04,Basmati Rice 5kg,Grains,41,35.0,1435.0,35,0,,,Friday,10,True
2024-10-05,Basmati Rice 5kg,Grains,41,35.0,1435.0,35,0,,,Saturday,10,True
2024-10-06,Basmati Rice 5kg,Grains,46,35.0,1610.0,35,0,,,Sunday,10,False
2024-10-07,Basmati Rice 5kg,Grains,39,35.0,1365.0,35,0,,,Monday,10,False
2024-10-08,Basmati Rice 5kg,Grains,42,35.0,1470.0,35,0,,,Tuesday,10,False
2024-10-09,Basmati Rice 5kg,Grains,41,35.0,1435.0,35,0,,,Wednesday,10,False
2024-10-10,Basmati Rice 5kg,Grains,30,35.0,1050.0,35,0,,,Thursday,10,False
2024-10-11,Basmati Rice 5kg,Grains,46,35.0,1610.0,35,0,,,Friday,10,True
2024-10-12,Basmati Rice 5kg,Grains,58,35.0,2030.0,35,0,,,Saturday,10,True
2024-10-13,Basmati Rice 5kg,Grains,31,35.0,1085.0,35,0,,,Sunday,10,False
2024-10-14,Basmati Rice 5kg,Grains,39,35.0,1365.0,35,0,,,Monday,10,False
2024-10-15,Basmati Rice 5kg,Grains,39,35.0,1365.0,35,0,,,Tuesday,10,False
2024-10-16,Basmati Rice 5kg,Grains,46,35.0,1610.0,35,0,,,Wednesday,10,False
2024-10-17,Basmati Rice 5kg,Grains,36,35.0,1260.0,35,0,,,Thursday,10,False
2024-10-18,Basmati Rice 5kg,Grains,48,35.0,1680.0,35,0,,,Friday,10,True
2024-10-19,Basmati Rice 5kg,Grains,56,35.0,1960.0,35,0,,,Saturday,10,True
2024-10-20,Basmati Rice 5kg,Grains,39,35.0,1365.0,35,0,,,Sunday,10,False
2024-10-21,Basmati Rice 5kg,Grains,36,35.0,1260.0,35,0,,,Monday,10,False
2024-10-22,Basmati Rice 5kg,Grains,36,35.0,1260.0,35,0,,,Tuesday,10,False
2024-10-23,Basmati Rice 5kg,Grains,36,35.0,1260.0,35,0,,,Wednesday,10,False
2024-10-24,Basmati Rice 5kg,Grains,39,35.0,1365.0,35,0,,,Thursday,10,False
2024-10-25,Basmati Rice 5kg,Grains,63,35.0,2205.0,35,0,,,Friday,10,True
2024-10-26,Basmati Rice 5kg,Grains,51,35.0,1785.0,35,0,,,Saturday,10,True
2024-10-27,Basmati Rice 5kg,Grains,32,35.0,1120.0,35,0,,,Sunday,10,False
2024-10-28,Basmati Rice 5kg,Grains,41,35.0,1435.0,35,0,,,Monday,10,False
2024-10-29,Basmati Rice 5kg,Grains,40,35.0,1400.0,35,0,,,Tuesday,10,False
2024-10-30,Basmati Rice 5kg,Grains,47,35.0,1645.0,35,0,,,Wednesday,10,False
2024-10-31,Basmati Rice 5kg,Grains,49,35.0,1715.0,35,0,,,Thursday,10,False
2024-11-01,Basmati Rice 5kg,Grains,56,35.0,1960.0,35,0,,,Friday,11,True
2024-11-02,Basmati Rice 5kg,Grains,61,35.0,2135.0,35,0,,,Saturday,11,True
2024-11-03,Basmati Rice 5kg,Grains,39,35.0,1365.0,35,0,,,Sunday,11,False
2024-11-04,Basmati Rice 5kg,Grains,40,35.0,1400.0,35,0,,,Monday,11,False
2024-11-05,Basmati Rice 5kg,Grains,39,35.0,1365.0,35,0,,,Tuesday,11,False
2024-11-06,Basmati Rice 5kg,Grains,40,35.0,1400.0,35,0,,,Wednesday,11,False
2024-11-07,Basmati Rice 5kg,Grains,41,35.0,1435.0,35,0,,,Thursday,11,False
2024-11-08,Basmati Rice 5kg,Grains,58,35.0,2030.0,35,0,,,Friday,11,True
2024-11-09,Basmati Rice 5kg,Grains,46,35.0,1610.0,35,0,,,Saturday,11,True
2024-11-10,Basmati Rice 5kg,Grains,31,35.0,1085.0,35,0,,,Sunday,11,False
2024-11-11,Basmati Rice 5kg,Grains,36,35.0,1260.0,35,0,,,Monday,11,False
2024-11-12,Basmati Rice 5kg,Grains,33,35.0,1155.0,35,0,,,Tuesday,11,False
2024-11-13,Basmati Rice 5kg,Grains,28,35.0,980.0,35,0,,,Wednesday,11,False
2024-11-14,Basmati Rice 5kg,Grains,34,35.0,1190.0,35,0,,,Thursday,11,False
2024-11-15,Basmati Rice 5kg,Grains,51,35.0,1785.0,35,0,,,Friday,11,True
2024-11-16,Basmati Rice 5kg,Grains,50,35.0,1750.0,35,0,,,Saturday,11,True
2024-11-17,Basmati Rice 5kg,Grains,34,35.0,1190.0,35,0,,,Sunday,11,False
2024-11-18,Basmati Rice 5kg,Grains,42,35.0,1470.0,35,0,,,Monday,11,False
2024-11-19,Basmati Rice 5kg,Grains,38,35.0,1330.0,35,0,,,Tuesday,11,False
2024-11-20,Basmati Rice 5kg,Grains,38,35.0,1330.0,35,0,,,Wednesday,11,False
2024-11-21,Basmati Rice 5kg,Grains,54,35.0,1890.0,35,0,,,Thursday,11,False
2024-11-22,Basmati Rice 5kg,Grains,57,35.0,1995.0,35,0,,,Friday,11,True
2024-11-23,Basmati Rice 5kg,Grains,58,35.0,2030.0,35,0,,,Saturday,11,True
2024-11-24,Basmati Rice 5kg,Grains,34,35.0,1190.0,35,0,,,Sunday,11,False
2024-11-25,Basmati Rice 5kg,Grains,28,35.0,980.0,35,0,,,Monday,11,False
2024-11-26,Basmati Rice 5kg,Grains,40,35.0,1400.0,35,0,,,Tuesday,11,False
2024-11-27,Basmati Rice 5kg,Grains,45,35.0,1575.0,35,0,,,Wednesday,11,False
2024-11-28,Basmati Rice 5kg,Grains,33,35.0,1155.0,35,0,,,Thursday,11,False
2024-11-29,Basmati Rice 5kg,Grains,63,35.0,2205.0,35,0,,,Friday,11,True
2024-11-30,Basmati Rice 5kg,Grains,45,35.0,1575.0,35,0,,,Saturday,11,True
2024-12-01,Basmati Rice 5kg,Grains,47,35.0,1645.0,35,0,,,Sunday,12,False
2024-12-02,Basmati Rice 5kg,Grains,42,35.0,1470.0,35,0,,,Monday,12,False
2024-12-03,Basmati Rice 5kg,Grains,36,35.0,1260.0,35,0,,,Tuesday,12,False
2024-12-04,Basmati Rice 5kg,Grains,40,35.0,1400.0,35,0,,,Wednesday,12,False
2024-12-05,Basmati Rice 5kg,Grains,33,35.0,1155.0,35,0,,,Thursday,12,False
2024-12-06,Basmati Rice 5kg,Grains,50,35.0,1750.0,35,0,,,Friday,12,True
2024-12-07,Basmati Rice 5kg,Grains,49,35.0,1715.0,35,0,,,Saturday,12,True
2024-12-08,Basmati Rice 5kg,Grains,31,35.0,1085.0,35,0,,,Sunday,12,False
2024-12-09,Basmati Rice 5kg,Grains,26,35.0,910.0,35,0,,,Monday,12,False
2024-12-10,Basmati Rice 5kg,Grains,37,35.0,1295.0,35,0,,,Tuesday,12,False
2024-12-11,Basmati Rice 5kg,Grains,34,35.0,1190.0,35,0,,,Wednesday,12,False
2024-12-12,Basmati Rice 5kg,Grains,37,35.0,1295.0,35,0,,,Thursday,12,False
2024-12-13,Basmati Rice 5kg,Grains,56,35.0,1960.0,35,0,,,Friday,12,True
2024-12-14,Basmati Rice 5kg,Grains,47,35.0,1645.0,35,0,,,Saturday,12,True
2024-12-15,Basmati Rice 5kg,Grains,37,35.0,1295.0,35,0,,,Sunday,12,False
2024-12-16,Basmati Rice 5kg,Grains,29,35.0,1015.0,35,0,,,Monday,12,False
2024-12-17,Basmati Rice 5kg,Grains,36,35.0,1260.0,35,0,,,Tuesday,12,False
2024-12-18,Basmati Rice 5kg,Grains,45,35.0,1575.0,35,0,,,Wednesday,12,False
2024-12-19,Basmati Rice 5kg,Grains,44,35.0,1540.0,35,0,,,Thursday,12,False
2024-12-20,Basmati Rice 5kg,Grains,66,35.0,2310.0,35,0,Christmas 2024,,Friday,12,True
2024-12-21,Basmati Rice 5kg,Grains,50,35.0,1750.0,35,0,Christmas 2024,,Saturday,12,True
2024-12-22,Basmati Rice 5kg,Grains,57,35.0,1995.0,35,0,Christmas 2024,,Sunday,12,False
2024-12-23,Basmati Rice 5kg,Grains,38,35.0,1330.0,35,0,Christmas 2024,,Monday,12,False
2024-12-24,Basmati Rice 5kg,Grains,56,35.0,1960.0,35,0,Christmas 2024,,Tuesday,12,False
2024-12-25,Basmati Rice 5kg,Grains,36,35.0,1260.0,35,0,Christmas 2024,,Wednesday,12,False
2024-12-26,Basmati Rice 5kg,Grains,46,35.0,1610.0,35,0,Christmas 2024,,Thursday,12,False
2024-12-27,Basmati Rice 5kg,Grains,54,35.0,1890.0,35,0,,,Friday,12,True
2024-12-28,Basmati Rice 5kg,Grains,47,35.0,1645.0,35,0,,,Saturday,12,True
2024-12-29,Basmati Rice 5kg,Grains,32,35.0,1120.0,35,0,,,Sunday,12,False
2024-12-30,Basmati Rice 5kg,Grains,35,35.0,1225.0,35,0,,,Monday,12,False
2024-12-31,Basmati Rice 5kg,Grains,35,35.0,1225.0,35,0,,,Tuesday,12,False
2025-01-01,Basmati Rice 5kg,Grains,38,24.5,931.0,35,30,,New Year Flash Sale 2025,Wednesday,1,False
2025-01-02,Basmati Rice 5kg,Grains,45,24.5,1102.5,35,30,,New Year Flash Sale 2025,Thursday,1,False
2025-01-03,Basmati Rice 5kg,Grains,42,24.5,1029.0,35,30,,New Year Flash Sale 2025,Friday,1,True
2025-01-04,Basmati Rice 5kg,Grains,54,24.5,1323.0,35,30,,New Year Flash Sale 2025,Saturday,1,True
2025-01-05,Basmati Rice 5kg,Grains,46,24.5,1127.0,35,30,,New Year Flash Sale 2025,Sunday,1,False
2025-01-06,Basmati Rice 5kg,Grains,38,35.0,1330.0,35,0,,,Monday,1,False
2025-01-07,Basmati Rice 5kg,Grains,42,35.0,1470.0,35,0,,,Tuesday,1,False
2025-01-08,Basmati Rice 5kg,Grains,50,35.0,1750.0,35,0,,,Wednesday,1,False
2025-01-09,Basmati Rice 5kg,Grains,45,35.0,1575.0,35,0,,,Thursday,1,False
2025-01-10,Basmati Rice 5kg,Grains,54,35.0,1890.0,35,0,,,Friday,1,True
2025-01-11,Basmati Rice 5kg,Grains,49,35.0,1715.0,35,0,,,Saturday,1,True
2025-01-12,Basmati Rice 5kg,Grains,40,35.0,1400.0,35,0,,,Sunday,1,False
2025-01-13,Basmati Rice 5kg,Grains,35,35.0,1225.0,35,0,,,Monday,1,False
2025-01-14,Basmati Rice 5kg,Grains,38,35.0,1330.0,35,0,,,Tuesday,1,False
2025-01-15,Basmati Rice 5kg,Grains,35,35.0,1225.0,35,0,,,Wednesday,1,False
2025-01-16,Basmati Rice 5kg,Grains,37,35.0,1295.0,35,0,,,Thursday,1,False
2025-01-17,Basmati Rice 5kg,Grains,57,35.0,1995.0,35,0,,,Friday,1,True
2025-01-18,Basmati Rice 5kg,Grains,51,35.0,1785.0,35,0,,,Saturday,1,True
2025-01-19,Basmati Rice 5kg,Grains,35,35.0,1225.0,35,0,,,Sunday,1,False
2025-01-20,Basmati Rice 5kg,Grains,34,35.0,1190.0,35,0,,,Monday,1,False
2025-01-21,Basmati Rice 5kg,Grains,44,35.0,1540.0,35,0,,,Tuesday,1,False
2025-01-22,Basmati Rice 5kg,Grains,46,35.0,1610.0,35,0,,,Wednesday,1,False
2025-01-23,Basmati Rice 5kg,Grains,33,35.0,1155.0,35,0,,,Thursday,1,False
2025-01-24,Basmati Rice 5kg,Grains,61,35.0,2135.0,35,0,,,Friday,1,True
2025-01-25,Basmati Rice 5kg,Grains,48,35.0,1680.0,35,0,,,Saturday,1,True
2025-01-26,Basmati Rice 5kg,Grains,35,35.0,1225.0,35,0,,,Sunday,1,False
2025-01-27,Basmati Rice 5kg,Grains,31,35.0,1085.0,35,0,,,Monday,1,False
2025-01-28,Basmati Rice 5kg,Grains,33,35.0,1155.0,35,0,,,Tuesday,1,False
2025-01-29,Basmati Rice 5kg,Grains,26,35.0,910.0,35,0,,,Wednesday,1,False
2025-01-30,Basmati Rice 5kg,Grains,41,35.0,1435.0,35,0,,,Thursday,1,False
2025-01-31,Basmati Rice 5kg,Grains,42,35.0,1470.0,35,0,,,Friday,1,True
2025-02-01,Basmati Rice 5kg,Grains,52,35.0,1820.0,35,0,,,Saturday,2,True
2025-02-02,Basmati Rice 5kg,Grains,40,35.0,1400.0,35,0,,,Sunday,2,False
2025-02-03,Basmati Rice 5kg,Grains,27,35.0,945.0,35,0,,,Monday,2,False
2025-02-04,Basmati Rice 5kg,Grains,34,35.0,1190.0,35,0,,,Tuesday,2,False
2025-02-05,Basmati Rice 5kg,Grains,44,35.0,1540.0,35,0,,,Wednesday,2,False
2025-02-06,Basmati Rice 5kg,Grains,42,35.0,1470.0,35,0,,,Thursday,2,False
2025-02-07,Basmati Rice 5kg,Grains,60,35.0,2100.0,35,0,,,Friday,2,True
2025-02-08,Basmati Rice 5kg,Grains,63,35.0,2205.0,35,0,,,Saturday,2,True
2025-02-09,Basmati Rice 5kg,Grains,44,35.0,1540.0,35,0,,,Sunday,2,False
2025-02-10,Basmati Rice 5kg,Grains,33,35.0,1155.0,35,0,,,Monday,2,False
2025-02-11,Basmati Rice 5kg,Grains,37,35.0,1295.0,35,0,,,Tuesday,2,False
2025-02-12,Basmati Rice 5kg,Grains,40,35.0,1400.0,35,0,,,Wednesday,2,False
2025-02-13,Basmati Rice 5kg,Grains,35,35.0,1225.0,35,0,,,Thursday,2,False
2025-02-14,Basmati Rice 5kg,Grains,50,35.0,1750.0,35,0,,,Friday,2,True
2025-02-15,Basmati Rice 5kg,Grains,41,35.0,1435.0,35,0,,,Saturday,2,True
2025-02-16,Basmati Rice 5kg,Grains,45,35.0,1575.0,35,0,,,Sunday,2,False
2025-02-17,Basmati Rice 5kg,Grains,34,35.0,1190.0,35,0,,,Monday,2,False
2025-02-18,Basmati Rice 5kg,Grains,34,35.0,1190.0,35,0,,,Tuesday,2,False
2025-02-19,Basmati Rice 5kg,Grains,40,35.0,1400.0,35,0,,,Wednesday,2,False
2025-02-20,Basmati Rice 5kg,Grains,39,35.0,1365.0,35,0,,,Thursday,2,False
2025-02-21,Basmati Rice 5kg,Grains,37,35.0,1295.0,35,0,,,Friday,2,True
2025-02-22,Basmati Rice 5kg,Grains,54,35.0,1890.0,35,0,,,Saturday,2,True
2025-02-23,Basmati Rice 5kg,Grains,36,35.0,1260.0,35,0,,,Sunday,2,False
2025-02-24,Basmati Rice 5kg,Grains,39,35.0,1365.0,35,0,,,Monday,2,False
2025-02-25,Basmati Rice 5kg,Grains,42,35.0,1470.0,35,0,,,Tuesday,2,False
2025-02-26,Basmati Rice 5kg,Grains,46,35.0,1610.0,35,0,,,Wednesday,2,False
2025-02-27,Basmati Rice 5kg,Grains,43,35.0,1505.0,35,0,,,Thursday,2,False
2025-02-28,Basmati Rice 5kg,Grains,161,28.7,4620.7,35,18,Ramadan 2025,Ramadan Essentials 2025,Friday,2,True
2025-03-01,Basmati Rice 5kg,Grains,89,28.7,2554.3,35,18,Ramadan 2025,Ramadan Essentials 2025,Saturday,3,True
2025-03-02,Basmati Rice 5kg,Grains,72,28.7,2066.4,35,18,Ramadan 2025,Ramadan Essentials 2025,Sunday,3,False
2025-03-03,Basmati Rice 5kg,Grains,57,28.7,1635.9,35,18,Ramadan 2025,Ramadan Essentials 2025,Monday,3,False
2025-03-04,Basmati Rice 5kg,Grains,86,28.7,2468.2,35,18,Ramadan 2025,Ramadan Essentials 2025,Tuesday,3,False
2025-03-05,Basmati Rice 5kg,Grains,88,28.7,2525.6,35,18,Ramadan 2025,Ramadan Essentials 2025,Wednesday,3,False
2025-03-06,Basmati Rice 5kg,Grains,92,28.7,2640.4,35,18,Ramadan 2025,Ramadan Essentials 2025,Thursday,3,False
2025-03-07,Basmati Rice 5kg,Grains,117,28.7,3357.9,35,18,Ramadan 2025,Ramadan Essentials 2025,Friday,3,True
2025-03-08,Basmati Rice 5kg,Grains,140,28.7,4018.0,35,18,Ramadan 2025,Ramadan Essentials 2025,Saturday,3,True
2025-03-09,Basmati Rice 5kg,Grains,94,28.7,2697.8,35,18,Ramadan 2025,Ramadan Essentials 2025,Sunday,3,False
2025-03-10,Basmati Rice 5kg,Grains,76,28.7,2181.2,35,18,Ramadan 2025,Ramadan Essentials 2025,Monday,3,False
2025-03-11,Basmati Rice 5kg,Grains,86,28.7,2468.2,35,18,Ramadan 2025,Ramadan Essentials 2025,Tuesday,3,False
2025-03-12,Basmati Rice 5kg,Grains,90,28.7,2583.0,35,18,Ramadan 2025,Ramadan Essentials 2025,Wednesday,3,False
2025-03-13,Basmati Rice 5kg,Grains,85,28.7,2439.5,35,18,Ramadan 2025,Ramadan Essentials 2025,Thursday,3,False
2025-03-14,Basmati Rice 5kg,Grains,107,28.7,3070.9,35,18,Ramadan 2025,Ramadan Essentials 2025,Friday,3,True
2025-03-15,Basmati Rice 5kg,Grains,153,28.7,4391.1,35,18,Ramadan 2025,Ramadan Essentials 2025,Saturday,3,True
2025-03-16,Basmati Rice 5kg,Grains,91,28.7,2611.7,35,18,Ramadan 2025,Ramadan Essentials 2025,Sunday,3,False
2025-03-17,Basmati Rice 5kg,Grains,72,28.7,2066.4,35,18,Ramadan 2025,Ramadan Essentials 2025,Monday,3,False
2025-03-18,Basmati Rice 5kg,Grains,100,28.7,2870.0,35,18,Ramadan 2025,Ramadan Essentials 2025,Tuesday,3,False
