backend/scripts/synthetic_sales_data.csv
sale_date,product_name,category,quantity,unit_price,revenue,base_price,discount_pct,event,campaign,day_of_week,month,is_weekend
2025-03-19,Basmati Rice 5kg,Grains,90,28.7,2583.0,35,18,Ramadan 2025,Ramadan Essentials 2025,Wednesday,3,False
2025-03-20,Basmati Rice 5kg,Grains,80,28.7,2296.0,35,18,Ramadan 2025,Ramadan Essentials 2025,Thursday,3,False
2025-03-21,Basmati Rice 5kg,Grains,100,28.7,2870.0,35,18,Ramadan 2025,Ramadan Essentials 2025,Friday,3,True
2025-03-22,Basmati Rice 5kg,Grains,142,28.7,4075.4,35,18,Ramadan 2025,Ramadan Essentials 2025,Saturday,3,True
2025-03-23,Basmati Rice 5kg,Grains,96,28.7,2755.2,35,18,Ramadan 2025,Ramadan Essentials 2025,Sunday,3,False
2025-03-24,Basmati Rice 5kg,Grains,73,28.7,2095.1,35,18,Ramadan 2025,Ramadan Essentials 2025,Monday,3,False
2025-03-25,Basmati Rice 5kg,Grains,92,28.7,2640.4,35,18,Ramadan 2025,Ramadan Essentials 2025,Tuesday,3,False
2025-03-26,Basmati Rice 5kg,Grains,98,28.7,2812.6,35,18,Ramadan 2025,Ramadan Essentials 2025,Wednesday,3,False
2025-03-27,Basmati Rice 5kg,Grains,110,28.7,3157.0,35,18,Ramadan 2025,Ramadan Essentials 2025,Thursday,3,False
2025-03-28,Basmati Rice 5kg,Grains,70,28.7,2009.0,35,18,Ramadan 2025,Ramadan Essentials 2025,Friday,3,True
2025-03-29,Basmati Rice 5kg,Grains,109,28.7,3128.3,35,18,Ramadan 2025,Ramadan Essentials 2025,Saturday,3,True
2025-03-30,Basmati Rice 5kg,Grains,48,35.0,1680.0,35,0,Eid Al-Fitr 2025,,Sunday,3,False
2025-03-31,Basmati Rice 5kg,Grains,34,35.0,1190.0,35,0,Eid Al-Fitr 2025,,Monday,3,False
2025-04-01,Basmati Rice 5kg,Grains,50,35.0,1750.0,35,0,Eid Al-Fitr 2025,,Tuesday,4,False
2025-04-02,Basmati Rice 5kg,Grains,33,35.0,1155.0,35,0,,,Wednesday,4,False
2025-04-03,Basmati Rice 5kg,Grains,38,35.0,1330.0,35,0,,,Thursday,4,False
2025-04-04,Basmati Rice 5kg,Grains,11,35.0,385.0,35,0,,,Friday,4,True
2025-04-05,Basmati Rice 5kg,Grains,63,35.0,2205.0,35,0,,,Saturday,4,True
2025-04-06,Basmati Rice 5kg,Grains,31,35.0,1085.0,35,0,,,Sunday,4,False
2025-04-07,Basmati Rice 5kg,Grains,39,35.0,1365.0,35,0,,,Monday,4,False
2025-04-08,Basmati Rice 5kg,Grains,27,35.0,945.0,35,0,,,Tuesday,4,False
2025-04-09,Basmati Rice 5kg,Grains,35,35.0,1225.0,35,0,,,Wednesday,4,False
2025-04-10,Basmati Rice 5kg,Grains,28,35.0,980.0,35,0,,,Thursday,4,False
2025-04-11,Basmati Rice 5kg,Grains,56,35.0,1960.0,35,0,,,Friday,4,True
2025-04-12,Basmati Rice 5kg,Grains,56,35.0,1960.0,35,0,,,Saturday,4,True
2025-04-13,Basmati Rice 5kg,Grains,37,35.0,1295.0,35,0,,,Sunday,4,False
2025-04-14,Basmati Rice 5kg,Grains,32,35.0,1120.0,35,0,,,Monday,4,False
2025-04-15,Basmati Rice 5kg,Grains,44,35.0,1540.0,35,0,,,Tuesday,4,False
2025-04-16,Basmati Rice 5kg,Grains,38,35.0,1330.0,35,0,,,Wednesday,4,False
2025-04-17,Basmati Rice 5kg,Grains,43,35.0,1505.0,35,0,,,Thursday,4,False
2025-04-18,Basmati Rice 5kg,Grains,40,35.0,1400.0,35,0,,,Friday,4,True
2025-04-19,Basmati Rice 5kg,Grains,51,35.0,1785.0,35,0,,,Saturday,4,True
2025-04-20,Basmati Rice 5kg,Grains,46,35.0,1610.0,35,0,,,Sunday,4,False
2025-04-21,Basmati Rice 5kg,Grains,25,35.0,875.0,35,0,,,Monday,4,False
2025-04-22,Basmati Rice 5kg,Grains,38,35.0,1330.0,35,0,,,Tuesday,4,False
2025-04-23,Basmati Rice 5kg,Grains,40,35.0,1400.0,35,0,,,Wednesday,4,False
2025-04-24,Basmati Rice 5kg,Grains,42,35.0,1470.0,35,0,,,Thursday,4,False
2025-04-25,Basmati Rice 5kg,Grains,49,35.0,1715.0,35,0,,,Friday,4,True
2025-04-26,Basmati Rice 5kg,Grains,51,35.0,1785.0,35,0,,,Saturday,4,True
2025-04-27,Basmati Rice 5kg,Grains,41,35.0,1435.0,35,0,,,Sunday,4,False
2025-04-28,Basmati Rice 5kg,Grains,33,35.0,1155.0,35,0,,,Monday,4,False
2025-04-29,Basmati Rice 5kg,Grains,46,35.0,1610.0,35,0,,,Tuesday,4,False
2025-04-30,Basmati Rice 5kg,Grains,38,35.0,1330.0,35,0,,,Wednesday,4,False
2025-05-01,Basmati Rice 5kg,Grains,48,35.0,1680.0,35,0,,,Thursday,5,False
2025-05-02,Basmati Rice 5kg,Grains,37,35.0,1295.0,35,0,,,Friday,5,True
2025-05-03,Basmati Rice 5kg,Grains,63,35.0,2205.0,35,0,,,Saturday,5,True
2025-05-04,Basmati Rice 5kg,Grains,40,35.0,1400.0,35,0,,,Sunday,5,False
2025-05-05,Basmati Rice 5kg,Grains,37,35.0,1295.0,35,0,,,Monday,5,False
2025-05-06,Basmati Rice 5kg,Grains,35,35.0,1225.0,35,0,,,Tuesday,5,False
2025-05-07,Basmati Rice 5kg,Grains,37,35.0,1295.0,35,0,,,Wednesday,5,False
2025-05-08,Basmati Rice 5kg,Grains,34,35.0,1190.0,35,0,,,Thursday,5,False
2025-05-09,Basmati Rice 5kg,Grains,54,35.0,1890.0,35,0,,,Friday,5,True
2025-05-10,Basmati Rice 5kg,Grains,54,35.0,1890.0,35,0,,,Saturday,5,True
2025-05-11,Basmati Rice 5kg,Grains,30,35.0,1050.0,35,0,,,Sunday,5,False
2025-05-12,Basmati Rice 5kg,Grains,33,35.0,1155.0,35,0,,,Monday,5,False
2025-05-13,Basmati Rice 5kg,Grains,48,35.0,1680.0,35,0,,,Tuesday,5,False
2025-05-14,Basmati Rice 5kg,Grains,35,35.0,1225.0,35,0,,,Wednesday,5,False
2025-05-15,Basmati Rice 5kg,Grains,36,35.0,1260.0,35,0,,,Thursday,5,False
2025-05-16,Basmati Rice 5kg,Grains,50,35.0,1750.0,35,0,,,Friday,5,True
2025-05-17,Basmati Rice 5kg,Grains,49,35.0,1715.0,35,0,,,Saturday,5,True
2025-05-18,Basmati Rice 5kg,Grains,35,35.0,1225.0,35,0,,,Sunday,5,False
2025-05-19,Basmati Rice 5kg,Grains,39,35.0,1365.0,35,0,,,Monday,5,False
2025-05-20,Basmati Rice 5kg,Grains,34,35.0,1190.0,35,0,,,Tuesday,5,False
2025-05-21,Basmati Rice 5kg,Grains,47,35.0,1645.0,35,0,,,Wednesday,5,False
2025-05-22,Basmati Rice 5kg,Grains,43,35.0,1505.0,35,0,,,Thursday,5,False
2025-05-23,Basmati Rice 5kg,Grains,42,35.0,1470.0,35,0,,,Friday,5,True
2025-05-24,Basmati Rice 5kg,Grains,61,35.0,2135.0,35,0,,,Saturday,5,True
2025-05-25,Basmati Rice 5kg,Grains,44,35.0,1540.0,35,0,,,Sunday,5,False
2025-05-26,Basmati Rice 5kg,Grains,40,35.0,1400.0,35,0,,,Monday,5,False
2025-05-27,Basmati Rice 5kg,Grains,40,35.0,1400.0,35,0,,,Tuesday,5,False
2025-05-28,Basmati Rice 5kg,Grains,28,35.0,980.0,35,0,,,Wednesday,5,False
2025-05-29,Basmati Rice 5kg,Grains,40,35.0,1400.0,35,0,,,Thursday,5,False
2025-05-30,Basmati Rice 5kg,Grains,58,35.0,2030.0,35,0,,,Friday,5,True
2025-05-31,Basmati Rice 5kg,Grains,50,35.0,1750.0,35,0,,,Saturday,5,True
2025-06-01,Basmati Rice 5kg,Grains,43,35.0,1505.0,35,0,,,Sunday,6,False
2025-06-02,Basmati Rice 5kg,Grains,39,35.0,1365.0,35,0,,,Monday,6,False
2025-06-03,Basmati Rice 5kg,Grains,47,35.0,1645.0,35,0,,,Tuesday,6,False
2025-06-04,Basmati Rice 5kg,Grains,42,35.0,1470.0,35,0,,,Wednesday,6,False
2025-06-05,Basmati Rice 5kg,Grains,40,35.0,1400.0,35,0,,,Thursday,6,False
2025-06-06,Basmati Rice 5kg,Grains,62,35.0,2170.0,35,0,Eid Al-Adha 2025,,Friday,6,True
2025-06-07,Basmati Rice 5kg,Grains,47,35.0,1645.0,35,0,Eid Al-Adha 2025,,Saturday,6,True
2025-06-08,Basmati Rice 5kg,Grains,42,35.0,1470.0,35,0,Eid Al-Adha 2025,,Sunday,6,False
2025-06-09,Basmati Rice 5kg,Grains,37,35.0,1295.0,35,0,Eid Al-Adha 2025,,Monday,6,False
2025-06-10,Basmati Rice 5kg,Grains,38,35.0,1330.0,35,0,,,Tuesday,6,False
2025-06-11,Basmati Rice 5kg,Grains,34,35.0,1190.0,35,0,,,Wednesday,6,False
2025-06-12,Basmati Rice 5kg,Grains,41,35.0,1435.0,35,0,,,Thursday,6,False
2025-06-13,Basmati Rice 5kg,Grains,51,35.0,1785.0,35,0,,,Friday,6,True
2025-06-14,Basmati Rice 5kg,Grains,62,35.0,2170.0,35,0,,,Saturday,6,True
2025-06-15,Basmati Rice 5kg,Grains,35,35.0,1225.0,35,0,,,Sunday,6,False
2025-06-16,Basmati Rice 5kg,Grains,39,35.0,1365.0,35,0,,,Monday,6,False
2025-06-17,Basmati Rice 5kg,Grains,42,35.0,1470.0,35,0,,,Tuesday,6,False
2025-06-18,Basmati Rice 5kg,Grains,36,35.0,1260.0,35,0,,,Wednesday,6,False
2025-06-19,Basmati Rice 5kg,Grains,45,35.0,1575.0,35,0,,,Thursday,6,False
2025-06-20,Basmati Rice 5kg,Grains,44,35.0,1540.0,35,0,,,Friday,6,True
2025-06-21,Basmati Rice 5kg,Grains,56,35.0,1960.0,35,0,,,Saturday,6,True
2025-06-22,Basmati Rice 5kg,Grains,45,35.0,1575.0,35,0,,,Sunday,6,False
2025-06-23,Basmati Rice 5kg,Grains,29,35.0,1015.0,35,0,,,Monday,6,False
2025-06-24,Basmati Rice 5kg,Grains,47,35.0,1645.0,35,0,,,Tuesday,6,False
2025-06-25,Basmati Rice 5kg,Grains,38,35.0,1330.0,35,0,,,Wednesday,6,False
2025-06-26,Basmati Rice 5kg,Grains,38,35.0,1330.0,35,0,,,Thursday,6,False
2025-06-27,Basmati Rice 5kg,Grains,47,35.0,1645.0,35,0,,,Friday,6,True
2025-06-28,Basmati Rice 5kg,Grains,49,35.0,1715.0,35,0,,,Saturday,6,True
2025-06-29,Basmati Rice 5kg,Grains,42,35.0,1470.0,35,0,,,Sunday,6,False
2025-06-30,Basmati Rice 5kg,Grains,28,35.0,980.0,35,0,,,Monday,6,False
2025-07-01,Basmati Rice 5kg,Grains,39,35.0,1365.0,35,0,,,Tuesday,7,False
2025-07-02,Basmati Rice 5kg,Grains,33,35.0,1155.0,35,0,,,Wednesday,7,False
2025-07-03,Basmati Rice 5kg,Grains,40,35.0,1400.0,35,0,,,Thursday,7,False
2025-07-04,Basmati Rice 5kg,Grains,60,35.0,2100.0,35,0,,,Friday,7,True
2025-07-05,Basmati Rice 5kg,Grains,61,35.0,2135.0,35,0,,,Saturday,7,True
2025-07-06,Basmati Rice 5kg,Grains,28,35.0,980.0,35,0,,,Sunday,7,False
2025-07-07,Basmati Rice 5kg,Grains,55,35.0,1925.0,35,0,,,Monday,7,False
2025-07-08,Basmati Rice 5kg,Grains,40,35.0,1400.0,35,0,,,Tuesday,7,False
2025-07-09,Basmati Rice 5kg,Grains,40,35.0,1400.0,35,0,,,Wednesday,7,False
2025-07-10,Basmati Rice 5kg,Grains,41,35.0,1435.0,35,0,,,Thursday,7,False
2025-07-11,Basmati Rice 5kg,Grains,55,35.0,1925.0,35,0,,,Friday,7,True
2025-07-12,Basmati Rice 5kg,Grains,45,35.0,1575.0,35,0,,,Saturday,7,True
2025-07-13,Basmati Rice 5kg,Grains,42,35.0,1470.0,35,0,,,Sunday,7,False
2025-07-14,Basmati Rice 5kg,Grains,26,35.0,910.0,35,0,,,Monday,7,False
2025-07-15,Basmati Rice 5kg,Grains,36,35.0,1260.0,35,0,,,Tuesday,7,False
2025-07-16,Basmati Rice 5kg,Grains,35,35.0,1225.0,35,0,,,Wednesday,7,False
2025-07-17,Basmati Rice 5kg,Grains,40,35.0,1400.0,35,0,,,Thursday,7,False
2025-07-18,Basmati Rice 5kg,Grains,66,35.0,2310.0,35,0,,,Friday,7,True
2025-07-19,Basmati Rice 5kg,Grains,48,35.0,1680.0,35,0,,,Saturday,7,True
2025-07-20,Basmati Rice 5kg,Grains,40,35.0,1400.0,35,0,,,Sunday,7,False
2025-07-21,Basmati Rice 5kg,Grains,34,35.0,1190.0,35,0,,,Monday,7,False
2025-07-22,Basmati Rice 5kg,Grains,31,35.0,1085.0,35,0,,,Tuesday,7,False
2025-07-23,Basmati Rice 5kg,Grains,27,35.0,945.0,35,0,,,Wednesday,7,False
2025-07-24,Basmati Rice 5kg,Grains,51,35.0,1785.0,35,0,,,Thursday,7,False
2025-07-25,Basmati Rice 5kg,Grains,54,35.0,1890.0,35,0,,,Friday,7,True
2025-07-26,Basmati Rice 5kg,Grains,61,35.0,2135.0,35,0,,,Saturday,7,True
2025-07-27,Basmati Rice 5kg,Grains,42,35.0,1470.0,35,0,,,Sunday,7,False
2025-07-28,Basmati Rice 5kg,Grains,35,35.0,1225.0,35,0,,,Monday,7,False
2025-07-29,Basmati Rice 5kg,Grains,42,35.0,1470.0,35,0,,,Tuesday,7,False
2025-07-30,Basmati Rice 5kg,Grains,40,35.0,1400.0,35,0,,,Wednesday,7,False
2025-07-31,Basmati Rice 5kg,Grains,34,35.0,1190.0,35,0,,,Thursday,7,False
2025-08-01,Basmati Rice 5kg,Grains,49,35.0,1715.0,35,0,,,Friday,8,True
2025-08-02,Basmati Rice 5kg,Grains,54,35.0,1890.0,35,0,,,Saturday,8,True
2025-08-03,Basmati Rice 5kg,Grains,44,35.0,1540.0,35,0,,,Sunday,8,False
2025-08-04,Basmati Rice 5kg,Grains,34,35.0,1190.0,35,0,,,Monday,8,False
2025-08-05,Basmati Rice 5kg,Grains,37,35.0,1295.0,35,0,,,Tuesday,8,False
2025-08-06,Basmati Rice 5kg,Grains,41,35.0,1435.0,35,0,,,Wednesday,8,False
2025-08-07,Basmati Rice 5kg,Grains,31,35.0,1085.0,35,0,,,Thursday,8,False
2025-08-08,Basmati Rice 5kg,Grains,59,35.0,2065.0,35,0,,,Friday,8,True
2025-08-09,Basmati Rice 5kg,Grains,47,35.0,1645.0,35,0,,,Saturday,8,True
2025-08-10,Basmati Rice 5kg,Grains,30,35.0,1050.0,35,0,,,Sunday,8,False
2025-08-11,Basmati Rice 5kg,Grains,32,35.0,1120.0,35,0,,,Monday,8,False
2025-08-12,Basmati Rice 5kg,Grains,44,35.0,1540.0,35,0,,,Tuesday,8,False
2025-08-13,Basmati Rice 5kg,Grains,29,35.0,1015.0,35,0,,,Wednesday,8,False
2025-08-14,Basmati Rice 5kg,Grains,35,35.0,1225.0,35,0,,,Thursday,8,False
2025-08-15,Basmati Rice 5kg,Grains,51,35.0,1785.0,35,0,,,Friday,8,True
2025-08-16,Basmati Rice 5kg,Grains,50,35.0,1750.0,35,0,,,Saturday,8,True
2025-08-17,Basmati Rice 5kg,Grains,45,35.0,1575.0,35,0,,,Sunday,8,False
2025-08-18,Basmati Rice 5kg,Grains,32,35.0,1120.0,35,0,,,Monday,8,False
2025-08-19,Basmati Rice 5kg,Grains,45,35.0,1575.0,35,0,,,Tuesday,8,False
2025-08-20,Basmati Rice 5kg,Grains,42,35.0,1470.0,35,0,,,Wednesday,8,False
2025-08-21,Basmati Rice 5kg,Grains,46,35.0,1610.0,35,0,,,Thursday,8,False
2025-08-22,Basmati Rice 5kg,Grains,46,35.0,1610.0,35,0,,,Friday,8,True
2025-08-23,Basmati Rice 5kg,Grains,58,35.0,2030.0,35,0,,,Saturday,8,True
2025-08-24,Basmati Rice 5kg,Grains,36,35.0,1260.0,35,0,,,Sunday,8,False
2025-08-25,Basmati Rice 5kg,Grains,44,35.0,1540.0,35,0,,,Monday,8,False
2025-08-26,Basmati Rice 5kg,Grains,39,35.0,1365.0,35,0,,,Tuesday,8,False
2025-08-27,Basmati Rice 5kg,Grains,41,35.0,1435.0,35,0,,,Wednesday,8,False
2025-08-28,Basmati Rice 5kg,Grains,43,35.0,1505.0,35,0,,,Thursday,8,False
2025-08-29,Basmati Rice 5kg,Grains,47,35.0,1645.0,35,0,,,Friday,8,True
2025-08-30,Basmati Rice 5kg,Grains,43,35.0,1505.0,35,0,,,Saturday,8,True
2025-08-31,Basmati Rice 5kg,Grains,39,35.0,1365.0,35,0,,,Sunday,8,False
2025-09-01,Basmati Rice 5kg,Grains,40,35.0,1400.0,35,0,Back to School 2025,,Monday,9,False
2025-09-02,Basmati Rice 5kg,Grains,48,35.0,1680.0,35,0,Back to School 2025,,Tuesday,9,False
2025-09-03,Basmati Rice 5kg,Grains,47,35.0,1645.0,35,0,Back to School 2025,,Wednesday,9,False
2025-09-04,Basmati Rice 5kg,Grains,39,35.0,1365.0,35,0,Back to School 2025,,Thursday,9,False
2025-09-05,Basmati Rice 5kg,Grains,62,35.0,2170.0,35,0,Back to School 2025,,Friday,9,True
2025-09-06,Basmati Rice 5kg,Grains,55,35.0,1925.0,35,0,Back to School 2025,,Saturday,9,True
2025-09-07,Basmati Rice 5kg,Grains,50,35.0,1750.0,35,0,Back to School 2025,,Sunday,9,False
2025-09-08,Basmati Rice 5kg,Grains,41,35.0,1435.0,35,0,Back to School 2025,,Monday,9,False
2025-09-09,Basmati Rice 5kg,Grains,48,35.0,1680.0,35,0,Back to School 2025,,Tuesday,9,False
2025-09-10,Basmati Rice 5kg,Grains,47,35.0,1645.0,35,0,Back to School 2025,,Wednesday,9,False
2025-09-11,Basmati Rice 5kg,Grains,54,35.0,1890.0,35,0,Back to School 2025,,Thursday,9,False
2025-09-12,Basmati Rice 5kg,Grains,68,35.0,2380.0,35,0,Back to School 2025,,Friday,9,True
2025-09-13,Basmati Rice 5kg,Grains,13,35.0,455.0,35,0,Back to School 2025,,Saturday,9,True
2025-09-14,Basmati Rice 5kg,Grains,48,35.0,1680.0,35,0,Back to School 2025,,Sunday,9,False
2025-09-15,Basmati Rice 5kg,Grains,46,35.0,1610.0,35,0,Back to School 2025,,Monday,9,False
2025-09-16,Basmati Rice 5kg,Grains,41,35.0,1435.0,35,0,,,Tuesday,9,False
2025-09-17,Basmati Rice 5kg,Grains,38,35.0,1330.0,35,0,,,Wednesday,9,False
2025-09-18,Basmati Rice 5kg,Grains,36,35.0,1260.0,35,0,,,Thursday,9,False
2025-09-19,Basmati Rice 5kg,Grains,62,35.0,2170.0,35,0,,,Friday,9,True
2025-09-20,Basmati Rice 5kg,Grains,46,35.0,1610.0,35,0,,,Saturday,9,True
2025-09-21,Basmati Rice 5kg,Grains,30,35.0,1050.0,35,0,,,Sunday,9,False
2025-09-22,Basmati Rice 5kg,Grains,28,35.0,980.0,35,0,,,Monday,9,False
2025-09-23,Basmati Rice 5kg,Grains,30,35.0,1050.0,35,0,,,Tuesday,9,False
2025-09-24,Basmati Rice 5kg,Grains,50,35.0,1750.0,35,0,,,Wednesday,9,False
2025-09-25,Basmati Rice 5kg,Grains,38,35.0,1330.0,35,0,,,Thursday,9,False
2025-09-26,Basmati Rice 5kg,Grains,69,35.0,2415.0,35,0,,,Friday,9,True
2025-09-27,Basmati Rice 5kg,Grains,60,35.0,2100.0,35,0,,,Saturday,9,True
2025-09-28,Basmati Rice 5kg,Grains,41,35.0,1435.0,35,0,,,Sunday,9,False
2025-09-29,Basmati Rice 5kg,Grains,27,35.0,945.0,35,0,,,Monday,9,False
2025-09-30,Basmati Rice 5kg,Grains,39,35.0,1365.0,35,0,,,Tuesday,9,False
2025-10-01,Basmati Rice 5kg,Grains,38,35.0,1330.0,35,0,,,Wednesday,10,False
2025-10-02,Basmati Rice 5kg,Grains,31,35.0,1085.0,35,0,,,Thursday,10,False
2025-10-03,Basmati Rice 5kg,Grains,39,35.0,1365.0,35,0,,,Friday,10,True
2025-10-04,Basmati Rice 5kg,Grains,51,35.0,1785.0,35,0,,,Saturday,10,True
2025-10-05,Basmati Rice 5kg,Grains,36,35.0,1260.0,35,0,,,Sunday,10,False
2025-10-06,Basmati Rice 5kg,Grains,38,35.0,1330.0,35,0,,,Monday,10,False
2025-10-07,Basmati Rice 5kg,Grains,44,35.0,1540.0,35,0,,,Tuesday,10,False
2025-10-08,Basmati Rice 5kg,Grains,41,35.0,1435.0,35,0,,,Wednesday,10,False
2025-10-09,Basmati Rice 5kg,Grains,42,35.0,1470.0,35,0,,,Thursday,10,False
2025-10-10,Basmati Rice 5kg,Grains,54,35.0,1890.0,35,0,,,Friday,10,True
2025-10-11,Basmati Rice 5kg,Grains,42,35.0,1470.0,35,0,,,Saturday,10,True
2025-10-12,Basmati Rice 5kg,Grains,31,35.0,1085.0,35,0,,,Sunday,10,False
2025-10-13,Basmati Rice 5kg,Grains,31,35.0,1085.0,35,0,,,Monday,10,False
2025-10-14,Basmati Rice 5kg,Grains,35,35.0,1225.0,35,0,,,Tuesday,10,False
2025-10-15,Basmati Rice 5kg,Grains,30,35.0,1050.0,35,0,,,Wednesday,10,False
2025-10-16,Basmati Rice 5kg,Grains,42,35.0,1470.0,35,0,,,Thursday,10,False
2025-10-17,Basmati Rice 5kg,Grains,58,35.0,2030.0,35,0,,,Friday,10,True
2025-10-18,Basmati Rice 5kg,Grains,61,35.0,2135.0,35,0,,,Saturday,10,True
2025-10-19,Basmati Rice 5kg,Grains,36,35.0,1260.0,35,0,,,Sunday,10,False
2025-10-20,Basmati Rice 5kg,Grains,43,35.0,1505.0,35,0,,,Monday,10,False
2025-10-21,Basmati Rice 5kg,Grains,38,35.0,1330.0,35,0,,,Tuesday,10,False
2025-10-22,Basmati Rice 5kg,Grains,35,35.0,1225.0,35,0,,,Wednesday,10,False
2025-10-23,Basmati Rice 5kg,Grains,25,35.0,875.0,35,0,,,Thursday,10,False
2025-10-24,Basmati Rice 5kg,Grains,56,35.0,1960.0,35,0,,,Friday,10,True
2025-10-25,Basmati Rice 5kg,Grains,52,35.0,1820.0,35,0,,,Saturday,10,True
2025-10-26,Basmati Rice 5kg,Grains,39,35.0,1365.0,35,0,,,Sunday,10,False
2025-10-27,Basmati Rice 5kg,Grains,35,35.0,1225.0,35,0,,,Monday,10,False
2025-10-28,Basmati Rice 5kg,Grains,33,35.0,1155.0,35,0,,,Tuesday,10,False
2025-10-29,Basmati Rice 5kg,Grains,43,35.0,1505.0,35,0,,,Wednesday,10,False
2025-10-30,Basmati Rice 5kg,Grains,26,35.0,910.0,35,0,,,Thursday,10,False
2025-10-31,Basmati Rice 5kg,Grains,44,35.0,1540.0,35,0,,,Friday,10,True
2025-11-01,Basmati Rice 5kg,Grains,50,35.0,1750.0,35,0,,,Saturday,11,True
2025-11-02,Basmati Rice 5kg,Grains,33,35.0,1155.0,35,0,,,Sunday,11,False
2025-11-03,Basmati Rice 5kg,Grains,36,35.0,1260.0,35,0,,,Monday,11,False
2025-11-04,Basmati Rice 5kg,Grains,42,35.0,1470.0,35,0,,,Tuesday,11,False
2025-11-05,Basmati Rice 5kg,Grains,31,35.0,1085.0,35,0,,,Wednesday,11,False
2025-11-06,Basmati Rice 5kg,Grains,47,35.0,1645.0,35,0,,,Thursday,11,False
