backend/scripts/synthetic_sales_data.csv
sale_date,product_name,category,quantity,unit_price,revenue,base_price,discount_pct,event,campaign,day_of_week,month,is_weekend
2024-06-23,Coffee Beans 1kg,Beverages,40,45.0,1800.0,45,0,,,Sunday,6,False
2024-06-24,Coffee Beans 1kg,Beverages,27,45.0,1215.0,45,0,,,Monday,6,False
2024-06-25,Coffee Beans 1kg,Beverages,33,45.0,1485.0,45,0,,,Tuesday,6,False
2024-06-26,Coffee Beans 1kg,Beverages,37,45.0,1665.0,45,0,,,Wednesday,6,False
2024-06-27,Coffee Beans 1kg,Beverages,34,45.0,1530.0,45,0,,,Thursday,6,False
2024-06-28,Coffee Beans 1kg,Beverages,44,45.0,1980.0,45,0,,,Friday,6,True
2024-06-29,Coffee Beans 1kg,Beverages,45,45.0,2025.0,45,0,,,Saturday,6,True
2024-06-30,Coffee Beans 1kg,Beverages,32,45.0,1440.0,45,0,,,Sunday,6,False
2024-07-01,Coffee Beans 1kg,Beverages,27,45.0,1215.0,45,0,,,Monday,7,False
2024-07-02,Coffee Beans 1kg,Beverages,37,45.0,1665.0,45,0,,,Tuesday,7,False
2024-07-03,Coffee Beans 1kg,Beverages,36,45.0,1620.0,45,0,,,Wednesday,7,False
2024-07-04,Coffee Beans 1kg,Beverages,34,45.0,1530.0,45,0,,,Thursday,7,False
2024-07-05,Coffee Beans 1kg,Beverages,42,45.0,1890.0,45,0,,,Friday,7,True
2024-07-06,Coffee Beans 1kg,Beverages,58,45.0,2610.0,45,0,,,Saturday,7,True
2024-07-07,Coffee Beans 1kg,Beverages,38,45.0,1710.0,45,0,,,Sunday,7,False
2024-07-08,Coffee Beans 1kg,Beverages,32,45.0,1440.0,45,0,,,Monday,7,False
2024-07-09,Coffee Beans 1kg,Beverages,33,45.0,1485.0,45,0,,,Tuesday,7,False
2024-07-10,Coffee Beans 1kg,Beverages,34,45.0,1530.0,45,0,,,Wednesday,7,False
2024-07-11,Coffee Beans 1kg,Beverages,22,45.0,990.0,45,0,,,Thursday,7,False
2024-07-12,Coffee Beans 1kg,Beverages,44,45.0,1980.0,45,0,,,Friday,7,True
2024-07-13,Coffee Beans 1kg,Beverages,36,45.0,1620.0,45,0,,,Saturday,7,True
2024-07-14,Coffee Beans 1kg,Beverages,38,45.0,1710.0,45,0,,,Sunday,7,False
2024-07-15,Coffee Beans 1kg,Beverages,27,45.0,1215.0,45,0,,,Monday,7,False
2024-07-16,Coffee Beans 1kg,Beverages,43,45.0,1935.0,45,0,,,Tuesday,7,False
2024-07-17,Coffee Beans 1kg,Beverages,34,45.0,1530.0,45,0,,,Wednesday,7,False
2024-07-18,Coffee Beans 1kg,Beverages,41,45.0,1845.0,45,0,,,Thursday,7,False
2024-07-19,Coffee Beans 1kg,Beverages,51,45.0,2295.0,45,0,,,Friday,7,True
2024-07-20,Coffee Beans 1kg,Beverages,57,45.0,2565.0,45,0,,,Saturday,7,True
2024-07-21,Coffee Beans 1kg,Beverages,44,45.0,1980.0,45,0,,,Sunday,7,False
2024-07-22,Coffee Beans 1kg,Beverages,36,45.0,1620.0,45,0,,,Monday,7,False
2024-07-23,Coffee Beans 1kg,Beverages,42,45.0,1890.0,45,0,,,Tuesday,7,False
2024-07-24,Coffee Beans 1kg,Beverages,24,45.0,1080.0,45,0,,,Wednesday,7,False
2024-07-25,Coffee Beans 1kg,Beverages,30,45.0,1350.0,45,0,,,Thursday,7,False
2024-07-26,Coffee Beans 1kg,Beverages,52,45.0,2340.0,45,0,,,Friday,7,True
2024-07-27,Coffee Beans 1kg,Beverages,49,45.0,2205.0,45,0,,,Saturday,7,True
2024-07-28,Coffee Beans 1kg,Beverages,36,45.0,1620.0,45,0,,,Sunday,7,False
2024-07-29,Coffee Beans 1kg,Beverages,28,45.0,1260.0,45,0,,,Monday,7,False
2024-07-30,Coffee Beans 1kg,Beverages,41,45.0,1845.0,45,0,,,Tuesday,7,False
2024-07-31,Coffee Beans 1kg,Beverages,25,45.0,1125.0,45,0,,,Wednesday,7,False
2024-08-01,Coffee Beans 1kg,Beverages,27,45.0,1215.0,45,0,,,Thursday,8,False
2024-08-02,Coffee Beans 1kg,Beverages,39,45.0,1755.0,45,0,,,Friday,8,True
2024-08-03,Coffee Beans 1kg,Beverages,52,45.0,2340.0,45,0,,,Saturday,8,True
2024-08-04,Coffee Beans 1kg,Beverages,34,45.0,1530.0,45,0,,,Sunday,8,False
2024-08-05,Coffee Beans 1kg,Beverages,25,45.0,1125.0,45,0,,,Monday,8,False
2024-08-06,Coffee Beans 1kg,Beverages,34,45.0,1530.0,45,0,,,Tuesday,8,False
2024-08-07,Coffee Beans 1kg,Beverages,34,45.0,1530.0,45,0,,,Wednesday,8,False
2024-08-08,Coffee Beans 1kg,Beverages,26,45.0,1170.0,45,0,,,Thursday,8,False
2024-08-09,Coffee Beans 1kg,Beverages,48,45.0,2160.0,45,0,,,Friday,8,True
2024-08-10,Coffee Beans 1kg,Beverages,41,45.0,1845.0,45,0,,,Saturday,8,True
2024-08-11,Coffee Beans 1kg,Beverages,35,45.0,1575.0,45,0,,,Sunday,8,False
2024-08-12,Coffee Beans 1kg,Beverages,32,45.0,1440.0,45,0,,,Monday,8,False
2024-08-13,Coffee Beans 1kg,Beverages,39,45.0,1755.0,45,0,,,Tuesday,8,False
2024-08-14,Coffee Beans 1kg,Beverages,43,45.0,1935.0,45,0,,,Wednesday,8,False
2024-08-15,Coffee Beans 1kg,Beverages,29,45.0,1305.0,45,0,,,Thursday,8,False
2024-08-16,Coffee Beans 1kg,Beverages,40,45.0,1800.0,45,0,,,Friday,8,True
2024-08-17,Coffee Beans 1kg,Beverages,35,45.0,1575.0,45,0,,,Saturday,8,True
2024-08-18,Coffee Beans 1kg,Beverages,40,45.0,1800.0,45,0,,,Sunday,8,False
2024-08-19,Coffee Beans 1kg,Beverages,27,45.0,1215.0,45,0,,,Monday,8,False
2024-08-20,Coffee Beans 1kg,Beverages,30,45.0,1350.0,45,0,,,Tuesday,8,False
2024-08-21,Coffee Beans 1kg,Beverages,31,45.0,1395.0,45,0,,,Wednesday,8,False
2024-08-22,Coffee Beans 1kg,Beverages,37,45.0,1665.0,45,0,,,Thursday,8,False
2024-08-23,Coffee Beans 1kg,Beverages,43,45.0,1935.0,45,0,,,Friday,8,True
2024-08-24,Coffee Beans 1kg,Beverages,39,45.0,1755.0,45,0,,,Saturday,8,True
2024-08-25,Coffee Beans 1kg,Beverages,26,45.0,1170.0,45,0,,,Sunday,8,False
2024-08-26,Coffee Beans 1kg,Beverages,31,45.0,1395.0,45,0,,,Monday,8,False
2024-08-27,Coffee Beans 1kg,Beverages,25,45.0,1125.0,45,0,,,Tuesday,8,False
2024-08-28,Coffee Beans 1kg,Beverages,31,45.0,1395.0,45,0,,,Wednesday,8,False
2024-08-29,Coffee Beans 1kg,Beverages,34,45.0,1530.0,45,0,,,Thursday,8,False
2024-08-30,Coffee Beans 1kg,Beverages,46,45.0,2070.0,45,0,,,Friday,8,True
2024-08-31,Coffee Beans 1kg,Beverages,42,45.0,1890.0,45,0,,,Saturday,8,True
2024-09-01,Coffee Beans 1kg,Beverages,37,45.0,1665.0,45,0,Back to School 2024,,Sunday,9,False
2024-09-02,Coffee Beans 1kg,Beverages,48,45.0,2160.0,45,0,Back to School 2024,,Monday,9,False
2024-09-03,Coffee Beans 1kg,Beverages,28,45.0,1260.0,45,0,Back to School 2024,,Tuesday,9,False
2024-09-04,Coffee Beans 1kg,Beverages,44,45.0,1980.0,45,0,Back to School 2024,,Wednesday,9,False
2024-09-05,Coffee Beans 1kg,Beverages,31,45.0,1395.0,45,0,Back to School 2024,,Thursday,9,False
2024-09-06,Coffee Beans 1kg,Beverages,57,45.0,2565.0,45,0,Back to School 2024,,Friday,9,True
2024-09-07,Coffee Beans 1kg,Beverages,67,45.0,3015.0,45,0,Back to School 2024,,Saturday,9,True
2024-09-08,Coffee Beans 1kg,Beverages,30,45.0,1350.0,45,0,Back to School 2024,,Sunday,9,False
2024-09-09,Coffee Beans 1kg,Beverages,35,45.0,1575.0,45,0,Back to School 2024,,Monday,9,False
2024-09-10,Coffee Beans 1kg,Beverages,55,45.0,2475.0,45,0,Back to School 2024,,Tuesday,9,False
2024-09-11,Coffee Beans 1kg,Beverages,30,45.0,1350.0,45,0,Back to School 2024,,Wednesday,9,False
2024-09-12,Coffee Beans 1kg,Beverages,34,45.0,1530.0,45,0,Back to School 2024,,Thursday,9,False
2024-09-13,Coffee Beans 1kg,Beverages,40,45.0,1800.0,45,0,Back to School 2024,,Friday,9,True
2024-09-14,Coffee Beans 1kg,Beverages,56,45.0,2520.0,45,0,Back to School 2024,,Saturday,9,True
2024-09-15,Coffee Beans 1kg,Beverages,47,45.0,2115.0,45,0,Back to School 2024,,Sunday,9,False
2024-09-16,Coffee Beans 1kg,Beverages,31,45.0,1395.0,45,0,,,Monday,9,False
2024-09-17,Coffee Beans 1kg,Beverages,34,45.0,1530.0,45,0,,,Tuesday,9,False
2024-09-18,Coffee Beans 1kg,Beverages,30,45.0,1350.0,45,0,,,Wednesday,9,False
2024-09-19,Coffee Beans 1kg,Beverages,29,45.0,1305.0,45,0,,,Thursday,9,False
2024-09-20,Coffee Beans 1kg,Beverages,62,45.0,2790.0,45,0,,,Friday,9,True
2024-09-21,Coffee Beans 1kg,Beverages,47,45.0,2115.0,45,0,,,Saturday,9,True
2024-09-22,Coffee Beans 1kg,Beverages,33,45.0,1485.0,45,0,,,Sunday,9,False
2024-09-23,Coffee Beans 1kg,Beverages,33,45.0,1485.0,45,0,,,Monday,9,False
2024-09-24,Coffee Beans 1kg,Beverages,32,45.0,1440.0,45,0,,,Tuesday,9,False
2024-09-25,Coffee Beans 1kg,Beverages,37,45.0,1665.0,45,0,,,Wednesday,9,False
2024-09-26,Coffee Beans 1kg,Beverages,44,45.0,1980.0,45,0,,,Thursday,9,False
2024-09-27,Coffee Beans 1kg,Beverages,35,45.0,1575.0,45,0,,,Friday,9,True
2024-09-28,Coffee Beans 1kg,Beverages,31,45.0,1395.0,45,0,,,Saturday,9,True
2024-09-29,Coffee Beans 1kg,Beverages,37,45.0,1665.0,45,0,,,Sunday,9,False
2024-09-30,Coffee Beans 1kg,Beverages,33,45.0,1485.0,45,0,,,Monday,9,False
2024-10-01,Coffee Beans 1kg,Beverages,34,45.0,1530.0,45,0,,,Tuesday,10,False
2024-10-02,Coffee Beans 1kg,Beverages,33,45.0,1485.0,45,0,,,Wednesday,10,False
2024-10-03,Coffee Beans 1kg,Beverages,23,45.0,1035.0,45,0,,,Thursday,10,False
2024-10-04,Coffee Beans 1kg,Beverages,38,45.0,1710.0,45,0,,,Friday,10,True
2024-10-05,Coffee Beans 1kg,Beverages,36,45.0,1620.0,45,0,,,Saturday,10,True
2024-10-06,Coffee Beans 1kg,Beverages,36,45.0,1620.0,45,0,,,Sunday,10,False
2024-10-07,Coffee Beans 1kg,Beverages,20,45.0,900.0,45,0,,,Monday,10,False
2024-10-08,Coffee Beans 1kg,Beverages,35,45.0,1575.0,45,0,,,Tuesday,10,False
2024-10-09,Coffee Beans 1kg,Beverages,38,45.0,1710.0,45,0,,,Wednesday,10,False
2024-10-10,Coffee Beans 1kg,Beverages,36,45.0,1620.0,45,0,,,Thursday,10,False
2024-10-11,Coffee Beans 1kg,Beverages,54,45.0,2430.0,45,0,,,Friday,10,True
2024-10-12,Coffee Beans 1kg,Beverages,46,45.0,2070.0,45,0,,,Saturday,10,True
2024-10-13,Coffee Beans 1kg,Beverages,36,45.0,1620.0,45,0,,,Sunday,10,False
2024-10-14,Coffee Beans 1kg,Beverages,32,45.0,1440.0,45,0,,,Monday,10,False
2024-10-15,Coffee Beans 1kg,Beverages,36,45.0,1620.0,45,0,,,Tuesday,10,False
2024-10-16,Coffee Beans 1kg,Beverages,29,45.0,1305.0,45,0,,,Wednesday,10,False
2024-10-17,Coffee Beans 1kg,Beverages,32,45.0,1440.0,45,0,,,Thursday,10,False
2024-10-18,Coffee Beans 1kg,Beverages,40,45.0,1800.0,45,0,,,Friday,10,True
2024-10-19,Coffee Beans 1kg,Beverages,56,45.0,2520.0,45,0,,,Saturday,10,True
2024-10-20,Coffee Beans 1kg,Beverages,38,45.0,1710.0,45,0,,,Sunday,10,False
2024-10-21,Coffee Beans 1kg,Beverages,30,45.0,1350.0,45,0,,,Monday,10,False
2024-10-22,Coffee Beans 1kg,Beverages,33,45.0,1485.0,45,0,,,Tuesday,10,False
2024-10-23,Coffee Beans 1kg,Beverages,38,45.0,1710.0,45,0,,,Wednesday,10,False
2024-10-24,Coffee Beans 1kg,Beverages,31,45.0,1395.0,45,0,,,Thursday,10,False
2024-10-25,Coffee Beans 1kg,Beverages,30,45.0,1350.0,45,0,,,Friday,10,True
2024-10-26,Coffee Beans 1kg,Beverages,55,45.0,2475.0,45,0,,,Saturday,10,True
2024-10-27,Coffee Beans 1kg,Beverages,34,45.0,1530.0,45,0,,,Sunday,10,False
2024-10-28,Coffee Beans 1kg,Beverages,26,45.0,1170.0,45,0,,,Monday,10,False
2024-10-29,Coffee Beans 1kg,Beverages,33,45.0,1485.0,45,0,,,Tuesday,10,False
2024-10-30,Coffee Beans 1kg,Beverages,39,45.0,1755.0,45,0,,,Wednesday,10,False
2024-10-31,Coffee Beans 1kg,Beverages,38,45.0,1710.0,45,0,,,Thursday,10,False
2024-11-01,Coffee Beans 1kg,Beverages,55,45.0,2475.0,45,0,,,Friday,11,True
2024-11-02,Coffee Beans 1kg,Beverages,51,45.0,2295.0,45,0,,,Saturday,11,True
2024-11-03,Coffee Beans 1kg,Beverages,41,45.0,1845.0,45,0,,,Sunday,11,False
2024-11-04,Coffee Beans 1kg,Beverages,35,45.0,1575.0,45,0,,,Monday,11,False
2024-11-05,Coffee Beans 1kg,Beverages,35,45.0,1575.0,45,0,,,Tuesday,11,False
2024-11-06,Coffee Beans 1kg,Beverages,35,45.0,1575.0,45,0,,,Wednesday,11,False
2024-11-07,Coffee Beans 1kg,Beverages,31,45.0,1395.0,45,0,,,Thursday,11,False
2024-11-08,Coffee Beans 1kg,Beverages,52,45.0,2340.0,45,0,,,Friday,11,True
2024-11-09,Coffee Beans 1kg,Beverages,53,45.0,2385.0,45,0,,,Saturday,11,True
2024-11-10,Coffee Beans 1kg,Beverages,38,45.0,1710.0,45,0,,,Sunday,11,False
2024-11-11,Coffee Beans 1kg,Beverages,35,45.0,1575.0,45,0,,,Monday,11,False
2024-11-12,Coffee Beans 1kg,Beverages,29,45.0,1305.0,45,0,,,Tuesday,11,False
2024-11-13,Coffee Beans 1kg,Beverages,28,45.0,1260.0,45,0,,,Wednesday,11,False
2024-11-14,Coffee Beans 1kg,Beverages,8,45.0,360.0,45,0,,,Thursday,11,False
2024-11-15,Coffee Beans 1kg,Beverages,43,45.0,1935.0,45,0,,,Friday,11,True
2024-11-16,Coffee Beans 1kg,Beverages,34,45.0,1530.0,45,0,,,Saturday,11,True
2024-11-17,Coffee Beans 1kg,Beverages,31,45.0,1395.0,45,0,,,Sunday,11,False
2024-11-18,Coffee Beans 1kg,Beverages,35,45.0,1575.0,45,0,,,Monday,11,False
2024-11-19,Coffee Beans 1kg,Beverages,33,45.0,1485.0,45,0,,,Tuesday,11,False
2024-11-20,Coffee Beans 1kg,Beverages,39,45.0,1755.0,45,0,,,Wednesday,11,False
2024-11-21,Coffee Beans 1kg,Beverages,27,45.0,1215.0,45,0,,,Thursday,11,False
2024-11-22,Coffee Beans 1kg,Beverages,41,45.0,1845.0,45,0,,,Friday,11,True
2024-11-23,Coffee Beans 1kg,Beverages,39,45.0,1755.0,45,0,,,Saturday,11,True
2024-11-24,Coffee Beans 1kg,Beverages,44,45.0,1980.0,45,0,,,Sunday,11,False
2024-11-25,Coffee Beans 1kg,Beverages,11,45.0,495.0,45,0,,,Monday,11,False
2024-11-26,Coffee Beans 1kg,Beverages,34,45.0,1530.0,45,0,,,Tuesday,11,False
2024-11-27,Coffee Beans 1kg,Beverages,32,45.0,1440.0,45,0,,,Wednesday,11,False
2024-11-28,Coffee Beans 1kg,Beverages,32,45.0,1440.0,45,0,,,Thursday,11,False
2024-11-29,Coffee Beans 1kg,Beverages,52,45.0,2340.0,45,0,,,Friday,11,True
2024-11-30,Coffee Beans 1kg,Beverages,40,45.0,1800.0,45,0,,,Saturday,11,True
2024-12-01,Coffee Beans 1kg,Beverages,41,45.0,1845.0,45,0,,,Sunday,12,False
2024-12-02,Coffee Beans 1kg,Beverages,34,45.0,1530.0,45,0,,,Monday,12,False
2024-12-03,Coffee Beans 1kg,Beverages,33,45.0,1485.0,45,0,,,Tuesday,12,False
2024-12-04,Coffee Beans 1kg,Beverages,36,45.0,1620.0,45,0,,,Wednesday,12,False
2024-12-05,Coffee Beans 1kg,Beverages,41,45.0,1845.0,45,0,,,Thursday,12,False
2024-12-06,Coffee Beans 1kg,Beverages,34,45.0,1530.0,45,0,,,Friday,12,True
2024-12-07,Coffee Beans 1kg,Beverages,45,45.0,2025.0,45,0,,,Saturday,12,True
2024-12-08,Coffee Beans 1kg,Beverages,40,45.0,1800.0,45,0,,,Sunday,12,False
2024-12-09,Coffee Beans 1kg,Beverages,33,45.0,1485.0,45,0,,,Monday,12,False
2024-12-10,Coffee Beans 1kg,Beverages,32,45.0,1440.0,45,0,,,Tuesday,12,False
2024-12-11,Coffee Beans 1kg,Beverages,32,45.0,1440.0,45,0,,,Wednesday,12,False
2024-12-12,Coffee Beans 1kg,Beverages,30,45.0,1350.0,45,0,,,Thursday,12,False
2024-12-13,Coffee Beans 1kg,Beverages,43,45.0,1935.0,45,0,,,Friday,12,True
2024-12-14,Coffee Beans 1kg,Beverages,34,45.0,1530.0,45,0,,,Saturday,12,True
2024-12-15,Coffee Beans 1kg,Beverages,28,45.0,1260.0,45,0,,,Sunday,12,False
2024-12-16,Coffee Beans 1kg,Beverages,30,45.0,1350.0,45,0,,,Monday,12,False
2024-12-17,Coffee Beans 1kg,Beverages,41,45.0,1845.0,45,0,,,Tuesday,12,False
2024-12-18,Coffee Beans 1kg,Beverages,29,45.0,1305.0,45,0,,,Wednesday,12,False
2024-12-19,Coffee Beans 1kg,Beverages,28,45.0,1260.0,45,0,,,Thursday,12,False
2024-12-20,Coffee Beans 1kg,Beverages,59,45.0,2655.0,45,0,Christmas 2024,,Friday,12,True
2024-12-21,Coffee Beans 1kg,Beverages,65,45.0,2925.0,45,0,Christmas 2024,,Saturday,12,True
2024-12-22,Coffee Beans 1kg,Beverages,41,45.0,1845.0,45,0,Christmas 2024,,Sunday,12,False
2024-12-23,Coffee Beans 1kg,Beverages,30,45.0,1350.0,45,0,Christmas 2024,,Monday,12,False
2024-12-24,Coffee Beans 1kg,Beverages,40,45.0,1800.0,45,0,Christmas 2024,,Tuesday,12,False
2024-12-25,Coffee Beans 1kg,Beverages,49,45.0,2205.0,45,0,Christmas 2024,,Wednesday,12,False
2024-12-26,Coffee Beans 1kg,Beverages,43,45.0,1935.0,45,0,Christmas 2024,,Thursday,12,False
2024-12-27,Coffee Beans 1kg,Beverages,55,45.0,2475.0,45,0,,,Friday,12,True
2024-12-28,Coffee Beans 1kg,Beverages,43,45.0,1935.0,45,0,,,Saturday,12,True
2024-12-29,Coffee Beans 1kg,Beverages,31,45.0,1395.0,45,0,,,Sunday,12,False
2024-12-30,Coffee Beans 1kg,Beverages,32,45.0,1440.0,45,0,,,Monday,12,False
2024-12-31,Coffee Beans 1kg,Beverages,37,45.0,1665.0,45,0,,,Tuesday,12,False
2025-01-01,Coffee Beans 1kg,Beverages,33,31.5,1039.5,45,30,,New Year Flash Sale 2025,Wednesday,1,False
2025-01-02,Coffee Beans 1kg,Beverages,28,31.5,882.0,45,30,,New Year Flash Sale 2025,Thursday,1,False
2025-01-03,Coffee Beans 1kg,Beverages,37,31.5,1165.5,45,30,,New Year Flash Sale 2025,Friday,1,True
2025-01-04,Coffee Beans 1kg,Beverages,58,31.5,1827.0,45,30,,New Year Flash Sale 2025,Saturday,1,True
2025-01-05,Coffee Beans 1kg,Beverages,40,31.5,1260.0,45,30,,New Year Flash Sale 2025,Sunday,1,False
2025-01-06,Coffee Beans 1kg,Beverages,28,45.0,1260.0,45,0,,,Monday,1,False
2025-01-07,Coffee Beans 1kg,Beverages,37,45.0,1665.0,45,0,,,Tuesday,1,False
2025-01-08,Coffee Beans 1kg,Beverages,40,45.0,1800.0,45,0,,,Wednesday,1,False
2025-01-09,Coffee Beans 1kg,Beverages,33,45.0,1485.0,45,0,,,Thursday,1,False
2025-01-10,Coffee Beans 1kg,Beverages,44,45.0,1980.0,45,0,,,Friday,1,True
2025-01-11,Coffee Beans 1kg,Beverages,55,45.0,2475.0,45,0,,,Saturday,1,True
2025-01-12,Coffee Beans 1kg,Beverages,34,45.0,1530.0,45,0,,,Sunday,1,False
2025-01-13,Coffee Beans 1kg,Beverages,30,45.0,1350.0,45,0,,,Monday,1,False
2025-01-14,Coffee Beans 1kg,Beverages,31,45.0,1395.0,45,0,,,Tuesday,1,False
2025-01-15,Coffee Beans 1kg,Beverages,30,45.0,1350.0,45,0,,,Wednesday,1,False
2025-01-16,Coffee Beans 1kg,Beverages,32,45.0,1440.0,45,0,,,Thursday,1,False
2025-01-17,Coffee Beans 1kg,Beverages,52,45.0,2340.0,45,0,,,Friday,1,True
2025-01-18,Coffee Beans 1kg,Beverages,60,45.0,2700.0,45,0,,,Saturday,1,True
2025-01-19,Coffee Beans 1kg,Beverages,46,45.0,2070.0,45,0,,,Sunday,1,False
2025-01-20,Coffee Beans 1kg,Beverages,26,45.0,1170.0,45,0,,,Monday,1,False
2025-01-21,Coffee Beans 1kg,Beverages,44,45.0,1980.0,45,0,,,Tuesday,1,False
2025-01-22,Coffee Beans 1kg,Beverages,45,45.0,2025.0,45,0,,,Wednesday,1,False
2025-01-23,Coffee Beans 1kg,Beverages,26,45.0,1170.0,45,0,,,Thursday,1,False
2025-01-24,Coffee Beans 1kg,Beverages,36,45.0,1620.0,45,0,,,Friday,1,True
2025-01-25,Coffee Beans 1kg,Beverages,52,45.0,2340.0,45,0,,,Saturday,1,True
2025-01-26,Coffee Beans 1kg,Beverages,42,45.0,1890.0,45,0,,,Sunday,1,False
2025-01-27,Coffee Beans 1kg,Beverages,36,45.0,1620.0,45,0,,,Monday,1,False
2025-01-28,Coffee Beans 1kg,Beverages,40,45.0,1800.0,45,0,,,Tuesday,1,False
2025-01-29,Coffee Beans 1kg,Beverages,40,45.0,1800.0,45,0,,,Wednesday,1,False
2025-01-30,Coffee Beans 1kg,Beverages,31,45.0,1395.0,45,0,,,Thursday,1,False
2025-01-31,Coffee Beans 1kg,Beverages,39,45.0,1755.0,45,0,,,Friday,1,True
2025-02-01,Coffee Beans 1kg,Beverages,54,45.0,2430.0,45,0,,,Saturday,2,True
2025-02-02,Coffee Beans 1kg,Beverages,10,45.0,450.0,45,0,,,Sunday,2,False
2025-02-03,Coffee Beans 1kg,Beverages,28,45.0,1260.0,45,0,,,Monday,2,False
2025-02-04,Coffee Beans 1kg,Beverages,12,45.0,540.0,45,0,,,Tuesday,2,False
